Archive member included to satisfy reference by file (symbol)

/home/smclough/Documents/university/teamroflcopter-373/workspace/lpc_board_nxp_lpcxpresso_1769/Debug/liblpc_board_nxp_lpcxpresso_1769.a(board.o)
                              ./example/src/main.o (Board_UART_Init)
/home/smclough/Documents/university/teamroflcopter-373/workspace/lpc_board_nxp_lpcxpresso_1769/Debug/liblpc_board_nxp_lpcxpresso_1769.a(board_sysinit.o)
                              ./example/src/sysinit.o (Board_SystemInit)
/home/smclough/Documents/university/teamroflcopter-373/workspace/lpc_chip_175x_6x/Debug/liblpc_chip_175x_6x.a(chip_17xx_40xx.o)
                              ./example/src/main.o (SystemCoreClockUpdate)
/home/smclough/Documents/university/teamroflcopter-373/workspace/lpc_chip_175x_6x/Debug/liblpc_chip_175x_6x.a(clock_17xx_40xx.o)
                              /home/smclough/Documents/university/teamroflcopter-373/workspace/lpc_chip_175x_6x/Debug/liblpc_chip_175x_6x.a(chip_17xx_40xx.o) (Chip_Clock_EnablePLL)
/home/smclough/Documents/university/teamroflcopter-373/workspace/lpc_chip_175x_6x/Debug/liblpc_chip_175x_6x.a(i2c_17xx_40xx.o)
                              ./example/src/main.o (Chip_I2C_EventHandler)
/home/smclough/Documents/university/teamroflcopter-373/workspace/lpc_chip_175x_6x/Debug/liblpc_chip_175x_6x.a(i2s_17xx_40xx.o)
                              /home/smclough/Documents/university/teamroflcopter-373/workspace/lpc_board_nxp_lpcxpresso_1769/Debug/liblpc_board_nxp_lpcxpresso_1769.a(board.o) (Chip_I2S_Init)
/home/smclough/Documents/university/teamroflcopter-373/workspace/lpc_chip_175x_6x/Debug/liblpc_chip_175x_6x.a(iocon_17xx_40xx.o)
                              /home/smclough/Documents/university/teamroflcopter-373/workspace/lpc_board_nxp_lpcxpresso_1769/Debug/liblpc_board_nxp_lpcxpresso_1769.a(board.o) (Chip_IOCON_PinMux)
/home/smclough/Documents/university/teamroflcopter-373/workspace/lpc_chip_175x_6x/Debug/liblpc_chip_175x_6x.a(ring_buffer.o)
                              ./example/src/main.o (RingBuffer_Init)
/home/smclough/Documents/university/teamroflcopter-373/workspace/lpc_chip_175x_6x/Debug/liblpc_chip_175x_6x.a(sysinit_17xx_40xx.o)
                              /home/smclough/Documents/university/teamroflcopter-373/workspace/lpc_board_nxp_lpcxpresso_1769/Debug/liblpc_board_nxp_lpcxpresso_1769.a(board_sysinit.o) (Chip_SetupXtalClocking)
/home/smclough/Documents/university/teamroflcopter-373/workspace/lpc_chip_175x_6x/Debug/liblpc_chip_175x_6x.a(uart_17xx_40xx.o)
                              ./example/src/main.o (Chip_UART_Init)
/usr/local/lpcxpresso_8.2.2_650/lpcxpresso/tools/bin/../lib/gcc/arm-none-eabi/5.4.1/../../../../arm-none-eabi/lib/armv7-m/libcr_nohost.a(_cr__main.o)
                              ./example/src/cr_startup_lpc175x_6x.o (__main)
/usr/local/lpcxpresso_8.2.2_650/lpcxpresso/tools/bin/../lib/gcc/arm-none-eabi/5.4.1/../../../../arm-none-eabi/lib/armv7-m/libcr_c.a(memcpy.o)
                              /home/smclough/Documents/university/teamroflcopter-373/workspace/lpc_board_nxp_lpcxpresso_1769/Debug/liblpc_board_nxp_lpcxpresso_1769.a(board.o) (memcpy)
/usr/local/lpcxpresso_8.2.2_650/lpcxpresso/tools/bin/../lib/gcc/arm-none-eabi/5.4.1/../../../../arm-none-eabi/lib/armv7-m/libcr_c.a(initio.o)
                              /usr/local/lpcxpresso_8.2.2_650/lpcxpresso/tools/bin/../lib/gcc/arm-none-eabi/5.4.1/../../../../arm-none-eabi/lib/armv7-m/libcr_nohost.a(_cr__main.o) (_initio)
/usr/local/lpcxpresso_8.2.2_650/lpcxpresso/tools/bin/../lib/gcc/arm-none-eabi/5.4.1/../../../../arm-none-eabi/lib/armv7-m/libcr_c.a(setvbuf.o)
                              /usr/local/lpcxpresso_8.2.2_650/lpcxpresso/tools/bin/../lib/gcc/arm-none-eabi/5.4.1/../../../../arm-none-eabi/lib/armv7-m/libcr_c.a(initio.o) (setvbuf)
/usr/local/lpcxpresso_8.2.2_650/lpcxpresso/tools/bin/../lib/gcc/arm-none-eabi/5.4.1/../../../../arm-none-eabi/lib/armv7-m/libcr_c.a(stdio.o)
                              /usr/local/lpcxpresso_8.2.2_650/lpcxpresso/tools/bin/../lib/gcc/arm-none-eabi/5.4.1/../../../../arm-none-eabi/lib/armv7-m/libcr_c.a(initio.o) (__Ciob)
/usr/local/lpcxpresso_8.2.2_650/lpcxpresso/tools/bin/../lib/gcc/arm-none-eabi/5.4.1/../../../../arm-none-eabi/lib/armv7-m/libcr_c.a(memset.o)
                              /usr/local/lpcxpresso_8.2.2_650/lpcxpresso/tools/bin/../lib/gcc/arm-none-eabi/5.4.1/../../../../arm-none-eabi/lib/armv7-m/libcr_c.a(initio.o) (memset)
/usr/local/lpcxpresso_8.2.2_650/lpcxpresso/tools/bin/../lib/gcc/arm-none-eabi/5.4.1/../../../../arm-none-eabi/lib/armv7-m/libcr_c.a(__fillbuf.o)
                              /usr/local/lpcxpresso_8.2.2_650/lpcxpresso/tools/bin/../lib/gcc/arm-none-eabi/5.4.1/../../../../arm-none-eabi/lib/armv7-m/libcr_c.a(stdio.o) (__filbuf)
/usr/local/lpcxpresso_8.2.2_650/lpcxpresso/tools/bin/../lib/gcc/arm-none-eabi/5.4.1/../../../../arm-none-eabi/lib/armv7-m/libcr_c.a(_deferredlazyseek.o)
[...]
Memory Configuration

Name             Origin             Length             Attributes
MFlash512        0x00000000         0x00080000         xr
RamLoc32         0x10000000         0x00008000         xrw
RamAHB32         0x2007c000         0x00008000         xrw
*default*        0x00000000         0xffffffff

Linker script and memory map

LOAD ./example/src/cr_startup_lpc175x_6x.o
LOAD ./example/src/main.o
LOAD ./example/src/sysinit.o
LOAD /home/smclough/Documents/university/teamroflcopter-373/workspace/lpc_board_nxp_lpcxpresso_1769/Debug/liblpc_board_nxp_lpcxpresso_1769.a
LOAD /home/smclough/Documents/university/teamroflcopter-373/workspace/lpc_chip_175x_6x/Debug/liblpc_chip_175x_6x.a
START GROUP
LOAD /usr/local/lpcxpresso_8.2.2_650/lpcxpresso/tools/bin/../lib/gcc/arm-none-eabi/5.4.1/../../../../arm-none-eabi/lib/armv7-m/libcr_nohost.a
LOAD /usr/local/lpcxpresso_8.2.2_650/lpcxpresso/tools/bin/../lib/gcc/arm-none-eabi/5.4.1/../../../../arm-none-eabi/lib/armv7-m/libcr_c.a
LOAD /usr/local/lpcxpresso_8.2.2_650/lpcxpresso/tools/bin/../lib/gcc/arm-none-eabi/5.4.1/armv7-m/libcr_eabihelpers.a
END GROUP
                0x00000000                __base_MFlash512 = 0x0
                0x00000000                __base_Flash = 0x0
                0x00080000                __top_MFlash512 = 0x80000
                0x00080000                __top_Flash = 0x80000
                0x10000000                __base_RamLoc32 = 0x10000000
                0x10000000                __base_RAM = 0x10000000
                0x10008000                __top_RamLoc32 = 0x10008000
                0x10008000                __top_RAM = 0x10008000
                0x2007c000                __base_RamAHB32 = 0x2007c000
                0x2007c000                __base_RAM2 = 0x2007c000
                0x20084000                __top_RamAHB32 = 0x20084000
                0x20084000                __top_RAM2 = 0x20084000

.text           0x00000000     0x24a8
 FILL mask 0xff
                0x00000000                __vectors_start__ = ABSOLUTE (.)
 *(.isr_vector)
 .isr_vector    0x00000000       0xcc ./example/src/cr_startup_lpc175x_6x.o
                0x00000000                g_pfnVectors
                0x000000cc                . = ALIGN (0x4)
                0x000000cc                __section_table_start = .
                0x000000cc                __data_section_table = .
                0x000000cc        0x4 LONG 0x24a8 LOADADDR (.data)
                0x000000d0        0x4 LONG 0x10000000 ADDR (.data)
                0x000000d4        0x4 LONG 0x54 SIZEOF (.data)
                0x000000d8        0x4 LONG 0x24a8 LOADADDR (.data_RAM2)
                0x000000dc        0x4 LONG 0x2007c000 ADDR (.data_RAM2)
                0x000000e0        0x4 LONG 0x0 SIZEOF (.data_RAM2)
                0x000000e4                __data_section_table_end = .
                0x000000e4                __bss_section_table = .
                0x000000e4        0x4 LONG 0x10000054 ADDR (.bss)
                0x000000e8        0x4 LONG 0x18c SIZEOF (.bss)
                0x000000ec        0x4 LONG 0x2007c000 ADDR (.bss_RAM2)
                0x000000f0        0x4 LONG 0x0 SIZEOF (.bss_RAM2)
                0x000000f4                __bss_section_table_end = .
                0x000000f4                __section_table_end = .
 *(.after_vectors*)
 .after_vectors
                0x000000f4      0x144 ./example/src/cr_startup_lpc175x_6x.o
                0x000000f4                data_init
                0x00000138                bss_init
                0x00000170                ResetISR
                0x000001e8                NMI_Handler
                0x000001f0                HardFault_Handler
                0x000001f8                MemManage_Handler
                0x00000200                BusFault_Handler
                0x00000208                UsageFault_Handler
                0x00000210                SVC_Handler
                0x00000218                DebugMon_Handler
                0x00000220                PendSV_Handler
                0x00000228                SysTick_Handler
                0x00000230                TIMER2_IRQHandler
                0x00000230                RIT_IRQHandler
                0x00000230                I2C0_IRQHandler
                0x00000230                USBActivity_IRQHandler
                0x00000230                PWM1_IRQHandler
                0x00000230                I2C1_IRQHandler
                0x00000230                EINT2_IRQHandler
                0x00000230                UART1_IRQHandler
                0x00000230                EINT3_IRQHandler
                0x00000230                CANActivity_IRQHandler
                0x00000230                TIMER3_IRQHandler
                0x00000230                UART0_IRQHandler
                0x00000230                IntDefaultHandler
                0x00000230                PLL0_IRQHandler
                0x00000230                CAN_IRQHandler
                0x00000230                PLL1_IRQHandler
                0x00000230                SSP0_IRQHandler
                0x00000230                I2S_IRQHandler
                0x00000230                I2C2_IRQHandler
                0x00000230                RTC_IRQHandler
                0x00000230                TIMER0_IRQHandler
                0x00000230                SPI_IRQHandler
                0x00000230                EINT1_IRQHandler
                0x00000230                TIMER1_IRQHandler
                0x00000230                UART2_IRQHandler
                0x00000230                ADC_IRQHandler
                0x00000230                SSP1_IRQHandler
                0x00000230                USB_IRQHandler
                0x00000230                BOD_IRQHandler
                0x00000230                WDT_IRQHandler
                0x00000230                QEI_IRQHandler
                0x00000230                EINT0_IRQHandler
                0x00000230                ETH_IRQHandler
                0x00000230                DMA_IRQHandler
                0x00000230                MCPWM_IRQHandler
 *(.text*)
 .text.NVIC_EnableIRQ
                0x00000238       0x30 ./example/src/main.o
 .text.NVIC_DisableIRQ
                0x00000268       0x34 ./example/src/main.o
 .text.NVIC_SetPriority
                0x0000029c       0x54 ./example/src/main.o
 .text.Chip_UART_IntEnable
                0x000002f0       0x20 ./example/src/main.o
 .text.Chip_UART_SetupFIFOS
                0x00000310       0x1c ./example/src/main.o
 .text.Chip_UART_ConfigData
                0x0000032c       0x1c ./example/src/main.o
 .text.byteConcat
                0x00000348       0x2c ./example/src/main.o
                0x00000348                byteConcat
 .text.xbeeAddress
                0x00000374       0x5c ./example/src/main.o
                0x00000374                xbeeAddress
 .text.getADCSample
                0x000003d0       0x50 ./example/src/main.o
                0x000003d0                getADCSample
 .text.i2c_set_mode
                0x00000420       0x84 ./example/src/main.o
 .text.i2c_app_init
                0x000004a4       0x3c ./example/src/main.o
 .text.UART3_IRQHandler
                0x000004e0       0x18 ./example/src/main.o
                0x000004e0                UART3_IRQHandler
 .text.main     0x000004f8      0x160 ./example/src/main.o
                0x000004f8                main
 .text.SystemInit
                0x00000658       0x24 ./example/src/sysinit.o
                0x00000658                SystemInit
 .text.Chip_IOCON_Init
                0x0000067c       0x18 /home/smclough/Documents/university/teamroflcopter-373/workspace/lpc_board_nxp_lpcxpresso_1769/Debug/liblpc_board_nxp_lpcxpresso_1769.a(board.o)
 .text.Chip_IOCON_EnableOD
                0x00000694       0x38 /home/smclough/Documents/university/teamroflcopter-373/workspace/lpc_board_nxp_lpcxpresso_1769/Debug/liblpc_board_nxp_lpcxpresso_1769.a(board.o)
 .text.Chip_IOCON_SetI2CPad
                0x000006cc       0x1c /home/smclough/Documents/university/teamroflcopter-373/workspace/lpc_board_nxp_lpcxpresso_1769/Debug/liblpc_board_nxp_lpcxpresso_1769.a(board.o)
 .text.Chip_GPIO_Init
                0x000006e8       0x18 /home/smclough/Documents/university/teamroflcopter-373/workspace/lpc_board_nxp_lpcxpresso_1769/Debug/liblpc_board_nxp_lpcxpresso_1769.a(board.o)
 .text.Chip_GPIO_SetPinState
                0x00000700       0x68 /home/smclough/Documents/university/teamroflcopter-373/workspace/lpc_board_nxp_lpcxpresso_1769/Debug/liblpc_board_nxp_lpcxpresso_1769.a(board.o)
 .text.Chip_GPIO_WritePortBit
                0x00000768       0x2c /home/smclough/Documents/university/teamroflcopter-373/workspace/lpc_board_nxp_lpcxpresso_1769/Debug/liblpc_board_nxp_lpcxpresso_1769.a(board.o)
 .text.Chip_GPIO_SetPinDIROutput
                0x00000794       0x38 /home/smclough/Documents/university/teamroflcopter-373/workspace/lpc_board_nxp_lpcxpresso_1769/Debug/liblpc_board_nxp_lpcxpresso_1769.a(board.o)
 .text.Chip_GPIO_SetPinDIRInput
                0x000007cc       0x3c /home/smclough/Documents/university/teamroflcopter-373/workspace/lpc_board_nxp_lpcxpresso_1769/Debug/liblpc_board_nxp_lpcxpresso_1769.a(board.o)
 .text.Chip_GPIO_SetPinDIR
                0x00000808       0x44 /home/smclough/Documents/university/teamroflcopter-373/workspace/lpc_board_nxp_lpcxpresso_1769/Debug/liblpc_board_nxp_lpcxpresso_1769.a(board.o)
 .text.Chip_GPIO_WriteDirBit
                0x0000084c       0x30 /home/smclough/Documents/university/teamroflcopter-373/workspace/lpc_board_nxp_lpcxpresso_1769/Debug/liblpc_board_nxp_lpcxpresso_1769.a(board.o)
 .text.Chip_UART_SendByte
                0x0000087c       0x1c /home/smclough/Documents/university/teamroflcopter-373/workspace/lpc_board_nxp_lpcxpresso_1769/Debug/liblpc_board_nxp_lpcxpresso_1769.a(board.o)
 .text.Chip_UART_ConfigData
                0x00000898       0x1c /home/smclough/Documents/university/teamroflcopter-373/workspace/lpc_board_nxp_lpcxpresso_1769/Debug/liblpc_board_nxp_lpcxpresso_1769.a(board.o)
 .text.Chip_UART_ReadLineStatus
                0x000008b4       0x18 /home/smclough/Documents/university/teamroflcopter-373/workspace/lpc_board_nxp_lpcxpresso_1769/Debug/liblpc_board_nxp_lpcxpresso_1769.a(board.o)
 .text.__sys_write
                0x000008cc       0x38 /home/smclough/Documents/university/teamroflcopter-373/workspace/lpc_board_nxp_lpcxpresso_1769/Debug/liblpc_board_nxp_lpcxpresso_1769.a(board.o)
                0x000008cc                __sys_write
 .text.Board_LED_Init
                0x00000904       0x18 /home/smclough/Documents/university/teamroflcopter-373/workspace/lpc_board_nxp_lpcxpresso_1769/Debug/liblpc_board_nxp_lpcxpresso_1769.a(board.o)
 .text.Board_UART_Init
                0x0000091c       0x14 /home/smclough/Documents/university/teamroflcopter-373/workspace/lpc_board_nxp_lpcxpresso_1769/Debug/liblpc_board_nxp_lpcxpresso_1769.a(board.o)
                0x0000091c                Board_UART_Init
 .text.Board_Debug_Init
                0x00000930       0x30 /home/smclough/Documents/university/teamroflcopter-373/workspace/lpc_board_nxp_lpcxpresso_1769/Debug/liblpc_board_nxp_lpcxpresso_1769.a(board.o)
                0x00000930                Board_Debug_Init
 .text.Board_UARTPutChar
                0x00000960       0x34 /home/smclough/Documents/university/teamroflcopter-373/workspace/lpc_board_nxp_lpcxpresso_1769/Debug/liblpc_board_nxp_lpcxpresso_1769.a(board.o)
                0x00000960                Board_UARTPutChar
 .text.Board_LED_Set
                0x00000994       0x30 /home/smclough/Documents/university/teamroflcopter-373/workspace/lpc_board_nxp_lpcxpresso_1769/Debug/liblpc_board_nxp_lpcxpresso_1769.a(board.o)
                0x00000994                Board_LED_Set
 .text.Board_Init
                0x000009c4       0x24 /home/smclough/Documents/university/teamroflcopter-373/workspace/lpc_board_nxp_lpcxpresso_1769/Debug/liblpc_board_nxp_lpcxpresso_1769.a(board.o)
                0x000009c4                Board_Init
 .text.Board_I2C_Init
                0x000009e8       0xbc /home/smclough/Documents/university/teamroflcopter-373/workspace/lpc_board_nxp_lpcxpresso_1769/Debug/liblpc_board_nxp_lpcxpresso_1769.a(board.o)
                0x000009e8                Board_I2C_Init
 .text.Chip_SYSCTL_SetFLASHAccess
                0x00000aa4       0x30 /home/smclough/Documents/university/teamroflcopter-373/workspace/lpc_board_nxp_lpcxpresso_1769/Debug/liblpc_board_nxp_lpcxpresso_1769.a(board_sysinit.o)
 .text.Board_SetupMuxing
                0x00000ad4       0x1c /home/smclough/Documents/university/teamroflcopter-373/workspace/lpc_board_nxp_lpcxpresso_1769/Debug/liblpc_board_nxp_lpcxpresso_1769.a(board_sysinit.o)
                0x00000ad4                Board_SetupMuxing
 .text.Board_SetupClocking
                0x00000af0       0x14 /home/smclough/Documents/university/teamroflcopter-373/workspace/lpc_board_nxp_lpcxpresso_1769/Debug/liblpc_board_nxp_lpcxpresso_1769.a(board_sysinit.o)
                0x00000af0                Board_SetupClocking
 .text.Board_SystemInit
                0x00000b04       0x10 /home/smclough/Documents/university/teamroflcopter-373/workspace/lpc_board_nxp_lpcxpresso_1769/Debug/liblpc_board_nxp_lpcxpresso_1769.a(board_sysinit.o)
                0x00000b04                Board_SystemInit
 .text.SystemCoreClockUpdate
                0x00000b14       0x18 /home/smclough/Documents/university/teamroflcopter-373/workspace/lpc_chip_175x_6x/Debug/liblpc_chip_175x_6x.a(chip_17xx_40xx.o)
                0x00000b14                SystemCoreClockUpdate
 .text.Chip_Clock_IsMainPLLEnabled
                0x00000b2c       0x24 /home/smclough/Documents/university/teamroflcopter-373/workspace/lpc_chip_175x_6x/Debug/liblpc_chip_175x_6x.a(clock_17xx_40xx.o)
 .text.Chip_Clock_IsMainPLLConnected
                0x00000b50       0x24 /home/smclough/Documents/university/teamroflcopter-373/workspace/lpc_chip_175x_6x/Debug/liblpc_chip_175x_6x.a(clock_17xx_40xx.o)
 .text.Chip_Clock_FeedPLL
                0x00000b74       0x34 /home/smclough/Documents/university/teamroflcopter-373/workspace/lpc_chip_175x_6x/Debug/liblpc_chip_175x_6x.a(clock_17xx_40xx.o)
 .text.Chip_Clock_GetMainPLLSource
                0x00000ba8       0x20 /home/smclough/Documents/university/teamroflcopter-373/workspace/lpc_chip_175x_6x/Debug/liblpc_chip_175x_6x.a(clock_17xx_40xx.o)
 .text.Chip_Clock_GetMainOscRate
                0x00000bc8       0x14 /home/smclough/Documents/university/teamroflcopter-373/workspace/lpc_chip_175x_6x/Debug/liblpc_chip_175x_6x.a(clock_17xx_40xx.o)
 .text.Chip_Clock_GetIntOscRate
                0x00000bdc       0x14 /home/smclough/Documents/university/teamroflcopter-373/workspace/lpc_chip_175x_6x/Debug/liblpc_chip_175x_6x.a(clock_17xx_40xx.o)
 .text.Chip_Clock_GetRTCOscRate
                0x00000bf0       0x14 /home/smclough/Documents/university/teamroflcopter-373/workspace/lpc_chip_175x_6x/Debug/liblpc_chip_175x_6x.a(clock_17xx_40xx.o)
 .text.Chip_Clock_GetMainPLLInClockRate
                0x00000c04       0x10 /home/smclough/Documents/university/teamroflcopter-373/workspace/lpc_chip_175x_6x/Debug/liblpc_chip_175x_6x.a(clock_17xx_40xx.o)
 .text.Chip_Clock_EnablePLL
                0x00000c14       0x44 /home/smclough/Documents/university/teamroflcopter-373/workspace/lpc_chip_175x_6x/Debug/liblpc_chip_175x_6x.a(clock_17xx_40xx.o)
                0x00000c14                Chip_Clock_EnablePLL
 .text.Chip_Clock_DisablePLL
                0x00000c58       0x48 /home/smclough/Documents/university/teamroflcopter-373/workspace/lpc_chip_175x_6x/Debug/liblpc_chip_175x_6x.a(clock_17xx_40xx.o)
                0x00000c58                Chip_Clock_DisablePLL
 .text.Chip_Clock_SetupPLL
                0x00000ca0       0x5c /home/smclough/Documents/university/teamroflcopter-373/workspace/lpc_chip_175x_6x/Debug/liblpc_chip_175x_6x.a(clock_17xx_40xx.o)
                0x00000ca0                Chip_Clock_SetupPLL
 .text.Chip_Clock_EnablePeriphClock
                0x00000cfc       0x34 /home/smclough/Documents/university/teamroflcopter-373/workspace/lpc_chip_175x_6x/Debug/liblpc_chip_175x_6x.a(clock_17xx_40xx.o)
                0x00000cfc                Chip_Clock_EnablePeriphClock
 .text.Chip_Clock_GetCPUClockSource
                0x00000d30       0x24 /home/smclough/Documents/university/teamroflcopter-373/workspace/lpc_chip_175x_6x/Debug/liblpc_chip_175x_6x.a(clock_17xx_40xx.o)
                0x00000d30                Chip_Clock_GetCPUClockSource
 .text.Chip_Clock_SetCPUClockDiv
                0x00000d54       0x20 /home/smclough/Documents/university/teamroflcopter-373/workspace/lpc_chip_175x_6x/Debug/liblpc_chip_175x_6x.a(clock_17xx_40xx.o)
                0x00000d54                Chip_Clock_SetCPUClockDiv
 .text.Chip_Clock_GetCPUClockDiv
                0x00000d74       0x1c /home/smclough/Documents/university/teamroflcopter-373/workspace/lpc_chip_175x_6x/Debug/liblpc_chip_175x_6x.a(clock_17xx_40xx.o)
                0x00000d74                Chip_Clock_GetCPUClockDiv
 .text.Chip_Clock_GetPCLKDiv
                0x00000d90       0x8c /home/smclough/Documents/university/teamroflcopter-373/workspace/lpc_chip_175x_6x/Debug/liblpc_chip_175x_6x.a(clock_17xx_40xx.o)
                0x00000d90                Chip_Clock_GetPCLKDiv
 .text.Chip_Clock_GetSYSCLKRate
                0x00000e1c       0x34 /home/smclough/Documents/university/teamroflcopter-373/workspace/lpc_chip_175x_6x/Debug/liblpc_chip_175x_6x.a(clock_17xx_40xx.o)
                0x00000e1c                Chip_Clock_GetSYSCLKRate
 .text.Chip_Clock_GetMainPLLOutClockRate
                0x00000e50       0x54 /home/smclough/Documents/university/teamroflcopter-373/workspace/lpc_chip_175x_6x/Debug/liblpc_chip_175x_6x.a(clock_17xx_40xx.o)
                0x00000e50                Chip_Clock_GetMainPLLOutClockRate
 .text.Chip_Clock_GetMainClockRate
                0x00000ea4       0x28 /home/smclough/Documents/university/teamroflcopter-373/workspace/lpc_chip_175x_6x/Debug/liblpc_chip_175x_6x.a(clock_17xx_40xx.o)
                0x00000ea4                Chip_Clock_GetMainClockRate
 .text.Chip_Clock_GetSystemClockRate
                0x00000ecc       0x18 /home/smclough/Documents/university/teamroflcopter-373/workspace/lpc_chip_175x_6x/Debug/liblpc_chip_175x_6x.a(clock_17xx_40xx.o)
                0x00000ecc                Chip_Clock_GetSystemClockRate
 .text.Chip_Clock_GetPeripheralClockRate
                0x00000ee4       0x28 /home/smclough/Documents/university/teamroflcopter-373/workspace/lpc_chip_175x_6x/Debug/liblpc_chip_175x_6x.a(clock_17xx_40xx.o)
                0x00000ee4                Chip_Clock_GetPeripheralClockRate
 .text.enableClk
                0x00000f0c       0x30 /home/smclough/Documents/university/teamroflcopter-373/workspace/lpc_chip_175x_6x/Debug/liblpc_chip_175x_6x.a(i2c_17xx_40xx.o)
 .text.getClkRate
                0x00000f3c       0x24 /home/smclough/Documents/university/teamroflcopter-373/workspace/lpc_chip_175x_6x/Debug/liblpc_chip_175x_6x.a(i2c_17xx_40xx.o)
 .text.startMasterXfer
                0x00000f60       0x20 /home/smclough/Documents/university/teamroflcopter-373/workspace/lpc_chip_175x_6x/Debug/liblpc_chip_175x_6x.a(i2c_17xx_40xx.o)
 .text.startSlaverXfer
                0x00000f80       0x20 /home/smclough/Documents/university/teamroflcopter-373/workspace/lpc_chip_175x_6x/Debug/liblpc_chip_175x_6x.a(i2c_17xx_40xx.o)
 .text.isI2CBusFree
                0x00000fa0       0x24 /home/smclough/Documents/university/teamroflcopter-373/workspace/lpc_chip_175x_6x/Debug/liblpc_chip_175x_6x.a(i2c_17xx_40xx.o)
 .text.getCurState
                0x00000fc4       0x1c /home/smclough/Documents/university/teamroflcopter-373/workspace/lpc_chip_175x_6x/Debug/liblpc_chip_175x_6x.a(i2c_17xx_40xx.o)
 .text.handleMasterXferState
                0x00000fe0      0x284 /home/smclough/Documents/university/teamroflcopter-373/workspace/lpc_chip_175x_6x/Debug/liblpc_chip_175x_6x.a(i2c_17xx_40xx.o)
                0x00000fe0                handleMasterXferState
 .text.Chip_I2C_EventHandler
                0x00001264       0x4c /home/smclough/Documents/university/teamroflcopter-373/workspace/lpc_chip_175x_6x/Debug/liblpc_chip_175x_6x.a(i2c_17xx_40xx.o)
                0x00001264                Chip_I2C_EventHandler
 .text.Chip_I2C_EventHandlerPolling
                0x000012b0       0x60 /home/smclough/Documents/university/teamroflcopter-373/workspace/lpc_chip_175x_6x/Debug/liblpc_chip_175x_6x.a(i2c_17xx_40xx.o)
                0x000012b0                Chip_I2C_EventHandlerPolling
 .text.Chip_I2C_Init
                0x00001310       0x34 /home/smclough/Documents/university/teamroflcopter-373/workspace/lpc_chip_175x_6x/Debug/liblpc_chip_175x_6x.a(i2c_17xx_40xx.o)
                0x00001310                Chip_I2C_Init
 .text.Chip_I2C_SetClockRate
                0x00001344       0x68 /home/smclough/Documents/university/teamroflcopter-373/workspace/lpc_chip_175x_6x/Debug/liblpc_chip_175x_6x.a(i2c_17xx_40xx.o)
                0x00001344                Chip_I2C_SetClockRate
 .text.Chip_I2C_SetMasterEventHandler
                0x000013ac       0x48 /home/smclough/Documents/university/teamroflcopter-373/workspace/lpc_chip_175x_6x/Debug/liblpc_chip_175x_6x.a(i2c_17xx_40xx.o)
                0x000013ac                Chip_I2C_SetMasterEventHandler
 .text.Chip_I2C_MasterTransfer
                0x000013f4       0x9c /home/smclough/Documents/university/teamroflcopter-373/workspace/lpc_chip_175x_6x/Debug/liblpc_chip_175x_6x.a(i2c_17xx_40xx.o)
                0x000013f4                Chip_I2C_MasterTransfer
 .text.Chip_I2C_MasterSend
                0x00001490       0x58 /home/smclough/Documents/university/teamroflcopter-373/workspace/lpc_chip_175x_6x/Debug/liblpc_chip_175x_6x.a(i2c_17xx_40xx.o)
                0x00001490                Chip_I2C_MasterSend
 .text.Chip_I2C_MasterStateHandler
                0x000014e8       0x60 /home/smclough/Documents/university/teamroflcopter-373/workspace/lpc_chip_175x_6x/Debug/liblpc_chip_175x_6x.a(i2c_17xx_40xx.o)
                0x000014e8                Chip_I2C_MasterStateHandler
 .text.Chip_I2C_IsStateChanged
                0x00001548       0x38 /home/smclough/Documents/university/teamroflcopter-373/workspace/lpc_chip_175x_6x/Debug/liblpc_chip_175x_6x.a(i2c_17xx_40xx.o)
                0x00001548                Chip_I2C_IsStateChanged
 .text.Chip_IOCON_PinMuxSet
                0x00001580       0x38 /home/smclough/Documents/university/teamroflcopter-373/workspace/lpc_chip_175x_6x/Debug/liblpc_chip_175x_6x.a(iocon_17xx_40xx.o)
                0x00001580                Chip_IOCON_PinMuxSet
 .text.Chip_IOCON_PinMux
                0x000015b8       0x94 /home/smclough/Documents/university/teamroflcopter-373/workspace/lpc_chip_175x_6x/Debug/liblpc_chip_175x_6x.a(iocon_17xx_40xx.o)
                0x000015b8                Chip_IOCON_PinMux
 .text.Chip_IOCON_SetPinMuxing
                0x0000164c       0x64 /home/smclough/Documents/university/teamroflcopter-373/workspace/lpc_chip_175x_6x/Debug/liblpc_chip_175x_6x.a(iocon_17xx_40xx.o)
                0x0000164c                Chip_IOCON_SetPinMuxing
 .text.RingBuffer_GetCount
                0x000016b0       0x20 /home/smclough/Documents/university/teamroflcopter-373/workspace/lpc_chip_175x_6x/Debug/liblpc_chip_175x_6x.a(ring_buffer.o)
 .text.RingBuffer_IsFull
                0x000016d0       0x28 /home/smclough/Documents/university/teamroflcopter-373/workspace/lpc_chip_175x_6x/Debug/liblpc_chip_175x_6x.a(ring_buffer.o)
 .text.RingBuffer_IsEmpty
                0x000016f8       0x28 /home/smclough/Documents/university/teamroflcopter-373/workspace/lpc_chip_175x_6x/Debug/liblpc_chip_175x_6x.a(ring_buffer.o)
 .text.RingBuffer_Init
                0x00001720       0x3c /home/smclough/Documents/university/teamroflcopter-373/workspace/lpc_chip_175x_6x/Debug/liblpc_chip_175x_6x.a(ring_buffer.o)
                0x00001720                RingBuffer_Init
 .text.RingBuffer_Insert
                0x0000175c       0x5c /home/smclough/Documents/university/teamroflcopter-373/workspace/lpc_chip_175x_6x/Debug/liblpc_chip_175x_6x.a(ring_buffer.o)
                0x0000175c                RingBuffer_Insert
 .text.RingBuffer_PopMult
                0x000017b8      0x124 /home/smclough/Documents/university/teamroflcopter-373/workspace/lpc_chip_175x_6x/Debug/liblpc_chip_175x_6x.a(ring_buffer.o)
                0x000017b8                RingBuffer_PopMult
 .text.Chip_Clock_IsMainPLLEnabled
                0x000018dc       0x24 /home/smclough/Documents/university/teamroflcopter-373/workspace/lpc_chip_175x_6x/Debug/liblpc_chip_175x_6x.a(sysinit_17xx_40xx.o)
 .text.Chip_Clock_IsMainPLLLocked
                0x00001900       0x24 /home/smclough/Documents/university/teamroflcopter-373/workspace/lpc_chip_175x_6x/Debug/liblpc_chip_175x_6x.a(sysinit_17xx_40xx.o)
 .text.Chip_Clock_IsMainPLLConnected
                0x00001924       0x24 /home/smclough/Documents/university/teamroflcopter-373/workspace/lpc_chip_175x_6x/Debug/liblpc_chip_175x_6x.a(sysinit_17xx_40xx.o)
 .text.Chip_Clock_EnableCrystal
                0x00001948       0x20 /home/smclough/Documents/university/teamroflcopter-373/workspace/lpc_chip_175x_6x/Debug/liblpc_chip_175x_6x.a(sysinit_17xx_40xx.o)
 .text.Chip_Clock_IsCrystalEnabled
                0x00001968       0x24 /home/smclough/Documents/university/teamroflcopter-373/workspace/lpc_chip_175x_6x/Debug/liblpc_chip_175x_6x.a(sysinit_17xx_40xx.o)
 .text.Chip_Clock_SetMainPLLSource
                0x0000198c       0x20 /home/smclough/Documents/university/teamroflcopter-373/workspace/lpc_chip_175x_6x/Debug/liblpc_chip_175x_6x.a(sysinit_17xx_40xx.o)
 .text.Chip_SetupXtalClocking
                0x000019ac       0x90 /home/smclough/Documents/university/teamroflcopter-373/workspace/lpc_chip_175x_6x/Debug/liblpc_chip_175x_6x.a(sysinit_17xx_40xx.o)
                0x000019ac                Chip_SetupXtalClocking
 .text.Chip_UART_ReadByte
                0x00001a3c       0x18 /home/smclough/Documents/university/teamroflcopter-373/workspace/lpc_chip_175x_6x/Debug/liblpc_chip_175x_6x.a(uart_17xx_40xx.o)
 .text.Chip_UART_SetupFIFOS
                0x00001a54       0x1c /home/smclough/Documents/university/teamroflcopter-373/workspace/lpc_chip_175x_6x/Debug/liblpc_chip_175x_6x.a(uart_17xx_40xx.o)
 .text.Chip_UART_ConfigData
                0x00001a70       0x1c /home/smclough/Documents/university/teamroflcopter-373/workspace/lpc_chip_175x_6x/Debug/liblpc_chip_175x_6x.a(uart_17xx_40xx.o)
 .text.Chip_UART_EnableDivisorAccess
                0x00001a8c       0x20 /home/smclough/Documents/university/teamroflcopter-373/workspace/lpc_chip_175x_6x/Debug/liblpc_chip_175x_6x.a(uart_17xx_40xx.o)
 .text.Chip_UART_DisableDivisorAccess
                0x00001aac       0x20 /home/smclough/Documents/university/teamroflcopter-373/workspace/lpc_chip_175x_6x/Debug/liblpc_chip_175x_6x.a(uart_17xx_40xx.o)
 .text.Chip_UART_SetDivisorLatches
                0x00001acc       0x28 /home/smclough/Documents/university/teamroflcopter-373/workspace/lpc_chip_175x_6x/Debug/liblpc_chip_175x_6x.a(uart_17xx_40xx.o)
 .text.Chip_UART_ReadLineStatus
                0x00001af4       0x18 /home/smclough/Documents/university/teamroflcopter-373/workspace/lpc_chip_175x_6x/Debug/liblpc_chip_175x_6x.a(uart_17xx_40xx.o)
 .text.Chip_UART_GetClockIndex
                0x00001b0c       0x50 /home/smclough/Documents/university/teamroflcopter-373/workspace/lpc_chip_175x_6x/Debug/liblpc_chip_175x_6x.a(uart_17xx_40xx.o)
 .text.Chip_UART_GetClkIndex
                0x00001b5c       0x50 /home/smclough/Documents/university/teamroflcopter-373/workspace/lpc_chip_175x_6x/Debug/liblpc_chip_175x_6x.a(uart_17xx_40xx.o)
 .text.Chip_UART_Init
                0x00001bac       0x78 /home/smclough/Documents/university/teamroflcopter-373/workspace/lpc_chip_175x_6x/Debug/liblpc_chip_175x_6x.a(uart_17xx_40xx.o)
                0x00001bac                Chip_UART_Init
 .text.Chip_UART_TXEnable
                0x00001c24       0x18 /home/smclough/Documents/university/teamroflcopter-373/workspace/lpc_chip_175x_6x/Debug/liblpc_chip_175x_6x.a(uart_17xx_40xx.o)
                0x00001c24                Chip_UART_TXEnable
 .text.Chip_UART_TXDisable
                0x00001c3c       0x18 /home/smclough/Documents/university/teamroflcopter-373/workspace/lpc_chip_175x_6x/Debug/liblpc_chip_175x_6x.a(uart_17xx_40xx.o)
                0x00001c3c                Chip_UART_TXDisable
 .text.Chip_UART_SetBaud
                0x00001c54       0x64 /home/smclough/Documents/university/teamroflcopter-373/workspace/lpc_chip_175x_6x/Debug/liblpc_chip_175x_6x.a(uart_17xx_40xx.o)
                0x00001c54                Chip_UART_SetBaud
 .text.Chip_UART_RXIntHandlerRB
                0x00001cb8       0x3c /home/smclough/Documents/university/teamroflcopter-373/workspace/lpc_chip_175x_6x/Debug/liblpc_chip_175x_6x.a(uart_17xx_40xx.o)
                0x00001cb8                Chip_UART_RXIntHandlerRB
 .text.Chip_UART_ReadRB
                0x00001cf4       0x24 /home/smclough/Documents/university/teamroflcopter-373/workspace/lpc_chip_175x_6x/Debug/liblpc_chip_175x_6x.a(uart_17xx_40xx.o)
                0x00001cf4                Chip_UART_ReadRB
 .text.__main   0x00001d18       0x14 /usr/local/lpcxpresso_8.2.2_650/lpcxpresso/tools/bin/../lib/gcc/arm-none-eabi/5.4.1/../../../../arm-none-eabi/lib/armv7-m/libcr_nohost.a(_cr__main.o)
                0x00001d18                __main
 .text.memcpy   0x00001d2c        0x4 /usr/local/lpcxpresso_8.2.2_650/lpcxpresso/tools/bin/../lib/gcc/arm-none-eabi/5.4.1/../../../../arm-none-eabi/lib/armv7-m/libcr_c.a(memcpy.o)
                0x00001d2c                memcpy
 .text._initio  0x00001d30       0xa4 /usr/local/lpcxpresso_8.2.2_650/lpcxpresso/tools/bin/../lib/gcc/arm-none-eabi/5.4.1/../../../../arm-none-eabi/lib/armv7-m/libcr_c.a(initio.o)
                0x00001d30                _initio
 .text.setvbuf  0x00001dd4       0x40 /usr/local/lpcxpresso_8.2.2_650/lpcxpresso/tools/bin/../lib/gcc/arm-none-eabi/5.4.1/../../../../arm-none-eabi/lib/armv7-m/libcr_c.a(setvbuf.o)
                0x00001dd4                setvbuf
 .text.memset   0x00001e14        0x4 /usr/local/lpcxpresso_8.2.2_650/lpcxpresso/tools/bin/../lib/gcc/arm-none-eabi/5.4.1/../../../../arm-none-eabi/lib/armv7-m/libcr_c.a(memset.o)
                0x00001e14                memset
 .text._deferredlazyseek
                0x00001e18       0x44 /usr/local/lpcxpresso_8.2.2_650/lpcxpresso/tools/bin/../lib/gcc/arm-none-eabi/5.4.1/../../../../arm-none-eabi/lib/armv7-m/libcr_c.a(_deferredlazyseek.o)
                0x00001e18                _deferredlazyseek
 .text._fdopen  0x00001e5c       0x6a /usr/local/lpcxpresso_8.2.2_650/lpcxpresso/tools/bin/../lib/gcc/arm-none-eabi/5.4.1/../../../../arm-none-eabi/lib/armv7-m/libcr_c.a(_fdopen.o)
                0x00001e5c                _fdopen
 .text._fflush  0x00001ec6       0x58 /usr/local/lpcxpresso_8.2.2_650/lpcxpresso/tools/bin/../lib/gcc/arm-none-eabi/5.4.1/../../../../arm-none-eabi/lib/armv7-m/libcr_c.a(_fflush.o)
                0x00001ec6                _fflush
 *fill*         0x00001f1e        0x2 ff
 .text._Cwritebuf
                0x00001f20       0x68 /usr/local/lpcxpresso_8.2.2_650/lpcxpresso/tools/bin/../lib/gcc/arm-none-eabi/5.4.1/../../../../arm-none-eabi/lib/armv7-m/libcr_c.a(_writebuf.o)
                0x00001f20                _Cwritebuf
 .text.malloc   0x00001f88       0xc8 /usr/local/lpcxpresso_8.2.2_650/lpcxpresso/tools/bin/../lib/gcc/arm-none-eabi/5.4.1/../../../../arm-none-eabi/lib/armv7-m/libcr_c.a(alloc.o)
                0x00001f88                malloc
 .text.free     0x00002050       0x30 /usr/local/lpcxpresso_8.2.2_650/lpcxpresso/tools/bin/../lib/gcc/arm-none-eabi/5.4.1/../../../../arm-none-eabi/lib/armv7-m/libcr_c.a(alloc.o)
                0x00002050                free
 .text._Csys_alloc
                0x00002080       0x20 /usr/local/lpcxpresso_8.2.2_650/lpcxpresso/tools/bin/../lib/gcc/arm-none-eabi/5.4.1/../../../../arm-none-eabi/lib/armv7-m/libcr_c.a(alloc.o)
                0x00002080                _Csys_alloc
 .text.fclose   0x000020a0       0x6c /usr/local/lpcxpresso_8.2.2_650/lpcxpresso/tools/bin/../lib/gcc/arm-none-eabi/5.4.1/../../../../arm-none-eabi/lib/armv7-m/libcr_c.a(fclose.o)
                0x000020a0                fclose
 .text.fflush   0x0000210c       0x30 /usr/local/lpcxpresso_8.2.2_650/lpcxpresso/tools/bin/../lib/gcc/arm-none-eabi/5.4.1/../../../../arm-none-eabi/lib/armv7-m/libcr_c.a(fflush.o)
                0x0000210c                fflush
 .text.fseek    0x0000213c      0x110 /usr/local/lpcxpresso_8.2.2_650/lpcxpresso/tools/bin/../lib/gcc/arm-none-eabi/5.4.1/../../../../arm-none-eabi/lib/armv7-m/libcr_c.a(fseek.o)
                0x0000213c                fseek
 .text.ftell    0x0000224c       0x4c /usr/local/lpcxpresso_8.2.2_650/lpcxpresso/tools/bin/../lib/gcc/arm-none-eabi/5.4.1/../../../../arm-none-eabi/lib/armv7-m/libcr_c.a(ftell.o)
                0x0000224c                ftell
 .text.remove   0x00002298       0x14 /usr/local/lpcxpresso_8.2.2_650/lpcxpresso/tools/bin/../lib/gcc/arm-none-eabi/5.4.1/../../../../arm-none-eabi/lib/armv7-m/libcr_c.a(remove.o)
                0x00002298                remove
 .text.strlen   0x000022ac       0x4a /usr/local/lpcxpresso_8.2.2_650/lpcxpresso/tools/bin/../lib/gcc/arm-none-eabi/5.4.1/../../../../arm-none-eabi/lib/armv7-m/libcr_c.a(strlen.o)
                0x000022ac                strlen
 *fill*         0x000022f6        0x2 ff
 .text._sbrk    0x000022f8       0x40 /usr/local/lpcxpresso_8.2.2_650/lpcxpresso/tools/bin/../lib/gcc/arm-none-eabi/5.4.1/../../../../arm-none-eabi/lib/armv7-m/libcr_c.a(_cr_sbrk.o)
                0x000022f8                _sbrk
 .text._do_fflush
                0x00002338       0x44 /usr/local/lpcxpresso_8.2.2_650/lpcxpresso/tools/bin/../lib/gcc/arm-none-eabi/5.4.1/../../../../arm-none-eabi/lib/armv7-m/libcr_c.a(_do_fflush.o)
                0x00002338                _do_fflush
 .text.__check_heap_overflow
                0x0000237c       0x18 /usr/local/lpcxpresso_8.2.2_650/lpcxpresso/tools/bin/../lib/gcc/arm-none-eabi/5.4.1/../../../../arm-none-eabi/lib/armv7-m/libcr_c.a(_cr_check_heap.o)
                0x0000237c                __check_heap_overflow
 .text.__aeabi_memcpy
                0x00002394       0x34 /usr/local/lpcxpresso_8.2.2_650/lpcxpresso/tools/bin/../lib/gcc/arm-none-eabi/5.4.1/armv7-m/libcr_eabihelpers.a(memcpy.o)
                0x00002394                __aeabi_memcpy
                0x0000239e                __aeabi_memcpy4
                0x0000239e                __aeabi_memcpy8
 .text.__aeabi_memset_lowlevel
                0x000023c8       0x32 /usr/local/lpcxpresso_8.2.2_650/lpcxpresso/tools/bin/../lib/gcc/arm-none-eabi/5.4.1/armv7-m/libcr_eabihelpers.a(memcpy.o)
                0x000023c8                __aeabi_lowlevel_memset
 .text.__sys_appexit
                0x000023fa        0x2 /usr/local/lpcxpresso_8.2.2_650/lpcxpresso/tools/bin/../lib/gcc/arm-none-eabi/5.4.1/../../../../arm-none-eabi/lib/armv7-m/libcr_nohost.a(__sys_appexit.o)
                0x000023fa                __exit
                0x000023fa                __sys_appexit
 .text.__sys_close
                0x000023fc        0x6 /usr/local/lpcxpresso_8.2.2_650/lpcxpresso/tools/bin/../lib/gcc/arm-none-eabi/5.4.1/../../../../arm-none-eabi/lib/armv7-m/libcr_nohost.a(__sys_close.o)
                0x000023fc                __sys_close
 .text.__sys_flen
                0x00002402        0x6 /usr/local/lpcxpresso_8.2.2_650/lpcxpresso/tools/bin/../lib/gcc/arm-none-eabi/5.4.1/../../../../arm-none-eabi/lib/armv7-m/libcr_nohost.a(__sys_flen.o)
                0x00002402                __sys_flen
 .text.__sys_istty
                0x00002408        0x6 /usr/local/lpcxpresso_8.2.2_650/lpcxpresso/tools/bin/../lib/gcc/arm-none-eabi/5.4.1/../../../../arm-none-eabi/lib/armv7-m/libcr_nohost.a(__sys_istty.o)
                0x00002408                __sys_istty
 .text.__sys_remove
                0x0000240e        0x6 /usr/local/lpcxpresso_8.2.2_650/lpcxpresso/tools/bin/../lib/gcc/arm-none-eabi/5.4.1/../../../../arm-none-eabi/lib/armv7-m/libcr_nohost.a(__sys_remove.o)
                0x0000240e                __sys_remove
 .text.__sys_seek
                0x00002414        0x6 /usr/local/lpcxpresso_8.2.2_650/lpcxpresso/tools/bin/../lib/gcc/arm-none-eabi/5.4.1/../../../../arm-none-eabi/lib/armv7-m/libcr_nohost.a(__sys_seek.o)
                0x00002414                __sys_seek
 .text.__sys_tmpnam
                0x0000241a        0x6 /usr/local/lpcxpresso_8.2.2_650/lpcxpresso/tools/bin/../lib/gcc/arm-none-eabi/5.4.1/../../../../arm-none-eabi/lib/armv7-m/libcr_nohost.a(__sys_tmpnam.o)
                0x0000241a                __sys_tmpnam
 *(.rodata .rodata.* .constdata .constdata.*)
 .rodata.OscRateIn
                0x00002420        0x4 /home/smclough/Documents/university/teamroflcopter-373/workspace/lpc_board_nxp_lpcxpresso_1769/Debug/liblpc_board_nxp_lpcxpresso_1769.a(board.o)
                0x00002420                OscRateIn
 .rodata.RTCOscRateIn
                0x00002424        0x4 /home/smclough/Documents/university/teamroflcopter-373/workspace/lpc_board_nxp_lpcxpresso_1769/Debug/liblpc_board_nxp_lpcxpresso_1769.a(board.o)
                0x00002424                RTCOscRateIn
 .rodata.pinmuxing
                0x00002428       0x60 /home/smclough/Documents/university/teamroflcopter-373/workspace/lpc_board_nxp_lpcxpresso_1769/Debug/liblpc_board_nxp_lpcxpresso_1769.a(board_sysinit.o)
 .rodata.I2C_PeriphClk
                0x00002488        0x3 /home/smclough/Documents/university/teamroflcopter-373/workspace/lpc_chip_175x_6x/Debug/liblpc_chip_175x_6x.a(i2c_17xx_40xx.o)
 .rodata.str1.1
                0x0000248b        0x4 /usr/local/lpcxpresso_8.2.2_650/lpcxpresso/tools/bin/../lib/gcc/arm-none-eabi/5.4.1/../../../../arm-none-eabi/lib/armv7-m/libcr_c.a(initio.o)
 .rodata.str1.1
                0x0000248f       0x18 /usr/local/lpcxpresso_8.2.2_650/lpcxpresso/tools/bin/../lib/gcc/arm-none-eabi/5.4.1/../../../../arm-none-eabi/lib/armv7-m/libcr_c.a(alloc.o)
                0x000024a8                . = ALIGN (0x4)
 *fill*         0x000024a7        0x1 ff

.glue_7         0x000024a8        0x0
 .glue_7        0x000024a8        0x0 linker stubs

.glue_7t        0x000024a8        0x0
 .glue_7t       0x000024a8        0x0 linker stubs

.vfp11_veneer   0x000024a8        0x0
 .vfp11_veneer  0x000024a8        0x0 linker stubs

.v4_bx          0x000024a8        0x0
 .v4_bx         0x000024a8        0x0 linker stubs

.iplt           0x000024a8        0x0
 .iplt          0x000024a8        0x0 ./example/src/cr_startup_lpc175x_6x.o

.rel.dyn        0x000024a8        0x0
 .rel.iplt      0x000024a8        0x0 ./example/src/cr_startup_lpc175x_6x.o

.ARM.extab
 *(.ARM.extab* .gnu.linkonce.armextab.*)
                0x000024a8                __exidx_start = .

.ARM.exidx
 *(.ARM.exidx* .gnu.linkonce.armexidx.*)
                0x000024a8                __exidx_end = .
                0x000024a8                _etext = .

.data_RAM2      0x2007c000        0x0 load address 0x000024a8
 FILL mask 0xff
                [!provide]                PROVIDE (__start_data_RAM2, .)
 *(.ramfunc.$RAM2)
 *(.ramfunc.$RamAHB32)
 *(.data.$RAM2*)
 *(.data.$RamAHB32*)
                0x2007c000                . = ALIGN (0x4)
                [!provide]                PROVIDE (__end_data_RAM2, .)

.uninit_RESERVED
                0x10000000        0x0
 *(.bss.$RESERVED*)
                0x10000000                . = ALIGN (0x4)
                0x10000000                _end_uninit_RESERVED = .

.data           0x10000000       0x54 load address 0x000024a8
 FILL mask 0xff
                0x10000000                _data = .
 *(vtable)
 *(.ramfunc*)
 *(.data*)
 .data.i2c      0x10000000       0x54 /home/smclough/Documents/university/teamroflcopter-373/workspace/lpc_chip_175x_6x/Debug/liblpc_chip_175x_6x.a(i2c_17xx_40xx.o)
                0x10000054                . = ALIGN (0x4)
                0x10000054                _edata = .

.igot.plt       0x10000054        0x0 load address 0x000024fc
 .igot.plt      0x10000054        0x0 ./example/src/cr_startup_lpc175x_6x.o

.bss_RAM2       0x2007c000        0x0
                [!provide]                PROVIDE (__start_bss_RAM2, .)
 *(.bss.$RAM2*)
 *(.bss.$RamAHB32*)
                0x2007c000                . = ALIGN ((. != 0x0)?0x4:0x1)
                [!provide]                PROVIDE (__end_bss_RAM2, .)

.bss            0x10000054      0x18c
                0x10000054                _bss = .
 *(.bss*)
 .bss.rxring    0x10000054       0x14 ./example/src/main.o
 .bss.rxbuff    0x10000068       0x18 ./example/src/main.o
 .bss.x_axis    0x10000080        0x2 ./example/src/main.o
 *fill*         0x10000082        0x2 
 .bss.y_axis    0x10000084        0x2 ./example/src/main.o
 *fill*         0x10000086        0x2 
 .bss.mode_poll
                0x10000088        0x4 ./example/src/main.o
 .bss._extra    0x1000008c        0x4 /usr/local/lpcxpresso_8.2.2_650/lpcxpresso/tools/bin/../lib/gcc/arm-none-eabi/5.4.1/../../../../arm-none-eabi/lib/armv7-m/libcr_c.a(initio.o)
                0x1000008c                _extra
 .bss.__Ciob    0x10000090      0x140 /usr/local/lpcxpresso_8.2.2_650/lpcxpresso/tools/bin/../lib/gcc/arm-none-eabi/5.4.1/../../../../arm-none-eabi/lib/armv7-m/libcr_c.a(stdio.o)
                0x10000090                __Ciob
 .bss.__heaps   0x100001d0        0x4 /usr/local/lpcxpresso_8.2.2_650/lpcxpresso/tools/bin/../lib/gcc/arm-none-eabi/5.4.1/../../../../arm-none-eabi/lib/armv7-m/libcr_c.a(__init_alloc.o)
                0x100001d0                __heaps
 .bss.__end_of_heap
                0x100001d4        0x4 /usr/local/lpcxpresso_8.2.2_650/lpcxpresso/tools/bin/../lib/gcc/arm-none-eabi/5.4.1/../../../../arm-none-eabi/lib/armv7-m/libcr_c.a(__init_alloc.o)
                0x100001d4                __end_of_heap
 .bss.errno     0x100001d8        0x4 /usr/local/lpcxpresso_8.2.2_650/lpcxpresso/tools/bin/../lib/gcc/arm-none-eabi/5.4.1/../../../../arm-none-eabi/lib/armv7-m/libcr_c.a(errno.o)
                0x100001d8                errno
 *(COMMON)
 COMMON         0x100001dc        0x4 /home/smclough/Documents/university/teamroflcopter-373/workspace/lpc_chip_175x_6x/Debug/liblpc_chip_175x_6x.a(chip_17xx_40xx.o)
                0x100001dc                SystemCoreClock
                0x100001e0                . = ALIGN (0x4)
                0x100001e0                _ebss = .
                [!provide]                PROVIDE (end, .)

.noinit_RAM2    0x2007c000        0x0
 *(.noinit.$RAM2*)
 *(.noinit.$RamAHB32*)
                0x2007c000                . = ALIGN (0x4)

.noinit         0x100001e0        0x0
                0x100001e0                _noinit = .
 *(.noinit*)
                0x100001e0                . = ALIGN (0x4)
                0x100001e0                _end_noinit = .
                0x100001e0                PROVIDE (_pvHeapStart, DEFINED (__user_heap_base)?__user_heap_base:.)
                0x10008000                PROVIDE (_vStackTop, DEFINED (__user_stack_top)?__user_stack_top:(__top_RamLoc32 - 0x0))
                [!provide]                PROVIDE (__valid_user_code_checksum, (0x0 - ((((((_vStackTop + (ResetISR + 0x1)) + (NMI_Handler + 0x1)) + (HardFault_Handler + 0x1)) + (DEFINED (MemManage_Handler)?MemManage_Handler:0x0 + 0x1)) + (DEFINED (BusFault_Handler)?BusFault_Handler:0x0 + 0x1)) + (DEFINED (UsageFault_Handler)?UsageFault_Handler:0x0 + 0x1))))
OUTPUT(roflcopter-hands.axf elf32-littlearm)

.debug_info     0x00000000     0x6032
 .debug_info    0x00000000      0x250 ./example/src/cr_startup_lpc175x_6x.o
 .debug_info    0x00000250      0xb3e ./example/src/main.o
 .debug_info    0x00000d8e      0x110 ./example/src/sysinit.o
 .debug_info    0x00000e9e     0x13d3 /home/smclough/Documents/university/teamroflcopter-373/workspace/lpc_board_nxp_lpcxpresso_1769/Debug/liblpc_board_nxp_lpcxpresso_1769.a(board.o)
 .debug_info    0x00002271      0x591 /home/smclough/Documents/university/teamroflcopter-373/workspace/lpc_board_nxp_lpcxpresso_1769/Debug/liblpc_board_nxp_lpcxpresso_1769.a(board_sysinit.o)
 .debug_info    0x00002802      0x51e /home/smclough/Documents/university/teamroflcopter-373/workspace/lpc_chip_175x_6x/Debug/liblpc_chip_175x_6x.a(chip_17xx_40xx.o)
 .debug_info    0x00002d20      0xb62 /home/smclough/Documents/university/teamroflcopter-373/workspace/lpc_chip_175x_6x/Debug/liblpc_chip_175x_6x.a(clock_17xx_40xx.o)
 .debug_info    0x00003882      0xe70 /home/smclough/Documents/university/teamroflcopter-373/workspace/lpc_chip_175x_6x/Debug/liblpc_chip_175x_6x.a(i2c_17xx_40xx.o)
 .debug_info    0x000046f2      0x2e9 /home/smclough/Documents/university/teamroflcopter-373/workspace/lpc_chip_175x_6x/Debug/liblpc_chip_175x_6x.a(iocon_17xx_40xx.o)
 .debug_info    0x000049db      0x344 /home/smclough/Documents/university/teamroflcopter-373/workspace/lpc_chip_175x_6x/Debug/liblpc_chip_175x_6x.a(ring_buffer.o)
 .debug_info    0x00004d1f      0x439 /home/smclough/Documents/university/teamroflcopter-373/workspace/lpc_chip_175x_6x/Debug/liblpc_chip_175x_6x.a(sysinit_17xx_40xx.o)
 .debug_info    0x00005158      0xeda /home/smclough/Documents/university/teamroflcopter-373/workspace/lpc_chip_175x_6x/Debug/liblpc_chip_175x_6x.a(uart_17xx_40xx.o)

.debug_abbrev   0x00000000     0x1686
 .debug_abbrev  0x00000000       0xf5 ./example/src/cr_startup_lpc175x_6x.o
 .debug_abbrev  0x000000f5      0x293 ./example/src/main.o
 .debug_abbrev  0x00000388       0xa3 ./example/src/sysinit.o
 .debug_abbrev  0x0000042b      0x379 /home/smclough/Documents/university/teamroflcopter-373/workspace/lpc_board_nxp_lpcxpresso_1769/Debug/liblpc_board_nxp_lpcxpresso_1769.a(board.o)
 .debug_abbrev  0x000007a4      0x15c /home/smclough/Documents/university/teamroflcopter-373/workspace/lpc_board_nxp_lpcxpresso_1769/Debug/liblpc_board_nxp_lpcxpresso_1769.a(board_sysinit.o)
 .debug_abbrev  0x00000900      0x13c /home/smclough/Documents/university/teamroflcopter-373/workspace/lpc_chip_175x_6x/Debug/liblpc_chip_175x_6x.a(chip_17xx_40xx.o)
 .debug_abbrev  0x00000a3c      0x2ec /home/smclough/Documents/university/teamroflcopter-373/workspace/lpc_chip_175x_6x/Debug/liblpc_chip_175x_6x.a(clock_17xx_40xx.o)
 .debug_abbrev  0x00000d28      0x2ae /home/smclough/Documents/university/teamroflcopter-373/workspace/lpc_chip_175x_6x/Debug/liblpc_chip_175x_6x.a(i2c_17xx_40xx.o)
 .debug_abbrev  0x00000fd6      0x126 /home/smclough/Documents/university/teamroflcopter-373/workspace/lpc_chip_175x_6x/Debug/liblpc_chip_175x_6x.a(iocon_17xx_40xx.o)
 .debug_abbrev  0x000010fc      0x12d /home/smclough/Documents/university/teamroflcopter-373/workspace/lpc_chip_175x_6x/Debug/liblpc_chip_175x_6x.a(ring_buffer.o)
 .debug_abbrev  0x00001229      0x175 /home/smclough/Documents/university/teamroflcopter-373/workspace/lpc_chip_175x_6x/Debug/liblpc_chip_175x_6x.a(sysinit_17xx_40xx.o)
 .debug_abbrev  0x0000139e      0x2e8 /home/smclough/Documents/university/teamroflcopter-373/workspace/lpc_chip_175x_6x/Debug/liblpc_chip_175x_6x.a(uart_17xx_40xx.o)

.debug_aranges  0x00000000      0x748
 .debug_aranges
                0x00000000       0x80 ./example/src/cr_startup_lpc175x_6x.o
 .debug_aranges
                0x00000080       0x88 ./example/src/main.o
 .debug_aranges
                0x00000108       0x20 ./example/src/sysinit.o
 .debug_aranges
                0x00000128      0x160 /home/smclough/Documents/university/teamroflcopter-373/workspace/lpc_board_nxp_lpcxpresso_1769/Debug/liblpc_board_nxp_lpcxpresso_1769.a(board.o)
 .debug_aranges
                0x00000288       0x38 /home/smclough/Documents/university/teamroflcopter-373/workspace/lpc_board_nxp_lpcxpresso_1769/Debug/liblpc_board_nxp_lpcxpresso_1769.a(board_sysinit.o)
 .debug_aranges
                0x000002c0       0x38 /home/smclough/Documents/university/teamroflcopter-373/workspace/lpc_chip_175x_6x/Debug/liblpc_chip_175x_6x.a(chip_17xx_40xx.o)
 .debug_aranges
                0x000002f8      0x120 /home/smclough/Documents/university/teamroflcopter-373/workspace/lpc_chip_175x_6x/Debug/liblpc_chip_175x_6x.a(clock_17xx_40xx.o)
 .debug_aranges
                0x00000418      0x118 /home/smclough/Documents/university/teamroflcopter-373/workspace/lpc_chip_175x_6x/Debug/liblpc_chip_175x_6x.a(i2c_17xx_40xx.o)
 .debug_aranges
                0x00000530       0x30 /home/smclough/Documents/university/teamroflcopter-373/workspace/lpc_chip_175x_6x/Debug/liblpc_chip_175x_6x.a(iocon_17xx_40xx.o)
 .debug_aranges
                0x00000560       0x60 /home/smclough/Documents/university/teamroflcopter-373/workspace/lpc_chip_175x_6x/Debug/liblpc_chip_175x_6x.a(ring_buffer.o)
 .debug_aranges
                0x000005c0       0x60 /home/smclough/Documents/university/teamroflcopter-373/workspace/lpc_chip_175x_6x/Debug/liblpc_chip_175x_6x.a(sysinit_17xx_40xx.o)
 .debug_aranges
                0x00000620      0x128 /home/smclough/Documents/university/teamroflcopter-373/workspace/lpc_chip_175x_6x/Debug/liblpc_chip_175x_6x.a(uart_17xx_40xx.o)

.debug_ranges   0x00000000      0x688
 .debug_ranges  0x00000000       0x70 ./example/src/cr_startup_lpc175x_6x.o
 .debug_ranges  0x00000070       0x78 ./example/src/main.o
 .debug_ranges  0x000000e8       0x10 ./example/src/sysinit.o
 .debug_ranges  0x000000f8      0x150 /home/smclough/Documents/university/teamroflcopter-373/workspace/lpc_board_nxp_lpcxpresso_1769/Debug/liblpc_board_nxp_lpcxpresso_1769.a(board.o)
 .debug_ranges  0x00000248       0x28 /home/smclough/Documents/university/teamroflcopter-373/workspace/lpc_board_nxp_lpcxpresso_1769/Debug/liblpc_board_nxp_lpcxpresso_1769.a(board_sysinit.o)
 .debug_ranges  0x00000270       0x28 /home/smclough/Documents/university/teamroflcopter-373/workspace/lpc_chip_175x_6x/Debug/liblpc_chip_175x_6x.a(chip_17xx_40xx.o)
 .debug_ranges  0x00000298      0x110 /home/smclough/Documents/university/teamroflcopter-373/workspace/lpc_chip_175x_6x/Debug/liblpc_chip_175x_6x.a(clock_17xx_40xx.o)
 .debug_ranges  0x000003a8      0x108 /home/smclough/Documents/university/teamroflcopter-373/workspace/lpc_chip_175x_6x/Debug/liblpc_chip_175x_6x.a(i2c_17xx_40xx.o)
 .debug_ranges  0x000004b0       0x20 /home/smclough/Documents/university/teamroflcopter-373/workspace/lpc_chip_175x_6x/Debug/liblpc_chip_175x_6x.a(iocon_17xx_40xx.o)
 .debug_ranges  0x000004d0       0x50 /home/smclough/Documents/university/teamroflcopter-373/workspace/lpc_chip_175x_6x/Debug/liblpc_chip_175x_6x.a(ring_buffer.o)
 .debug_ranges  0x00000520       0x50 /home/smclough/Documents/university/teamroflcopter-373/workspace/lpc_chip_175x_6x/Debug/liblpc_chip_175x_6x.a(sysinit_17xx_40xx.o)
 .debug_ranges  0x00000570      0x118 /home/smclough/Documents/university/teamroflcopter-373/workspace/lpc_chip_175x_6x/Debug/liblpc_chip_175x_6x.a(uart_17xx_40xx.o)

.debug_macro    0x00000000     0x4e0c
 .debug_macro   0x00000000       0x1d ./example/src/cr_startup_lpc175x_6x.o
 .debug_macro   0x0000001d      0x886 ./example/src/cr_startup_lpc175x_6x.o
 .debug_macro   0x000008a3      0x25b ./example/src/main.o
 .debug_macro   0x00000afe       0x10 ./example/src/main.o
 .debug_macro   0x00000b0e      0x12d ./example/src/main.o
 .debug_macro   0x00000c3b      0x5b2 ./example/src/main.o
 .debug_macro   0x000011ed       0x22 ./example/src/main.o
 .debug_macro   0x0000120f       0x7b ./example/src/main.o
 .debug_macro   0x0000128a       0x10 ./example/src/main.o
 .debug_macro   0x0000129a       0x2d ./example/src/main.o
 .debug_macro   0x000012c7       0x3a ./example/src/main.o
 .debug_macro   0x00001301       0x2d ./example/src/main.o
 .debug_macro   0x0000132e      0xbb1 ./example/src/main.o
 .debug_macro   0x00001edf      0x22c ./example/src/main.o
 .debug_macro   0x0000210b       0x42 ./example/src/main.o
 .debug_macro   0x0000214d       0x52 ./example/src/main.o
 .debug_macro   0x0000219f       0x78 ./example/src/main.o
 .debug_macro   0x00002217       0x82 ./example/src/main.o
 .debug_macro   0x00002299      0x48c ./example/src/main.o
 .debug_macro   0x00002725       0x34 ./example/src/main.o
 .debug_macro   0x00002759      0x4c5 ./example/src/main.o
 .debug_macro   0x00002c1e      0x1b7 ./example/src/main.o
 .debug_macro   0x00002dd5       0x10 ./example/src/main.o
 .debug_macro   0x00002de5      0x21b ./example/src/main.o
 .debug_macro   0x00003000      0x1b9 ./example/src/main.o
 .debug_macro   0x000031b9       0x40 ./example/src/main.o
 .debug_macro   0x000031f9       0x22 ./example/src/main.o
 .debug_macro   0x0000321b      0x162 ./example/src/main.o
 .debug_macro   0x0000337d       0x94 ./example/src/main.o
 .debug_macro   0x00003411       0xb8 ./example/src/main.o
 .debug_macro   0x000034c9       0x4c ./example/src/main.o
 .debug_macro   0x00003515       0x16 ./example/src/main.o
 .debug_macro   0x0000352b      0x328 ./example/src/main.o
 .debug_macro   0x00003853       0x49 ./example/src/main.o
 .debug_macro   0x0000389c       0x16 ./example/src/main.o
 .debug_macro   0x000038b2       0xca ./example/src/main.o
 .debug_macro   0x0000397c       0x18 ./example/src/main.o
 .debug_macro   0x00003994       0x76 ./example/src/main.o
 .debug_macro   0x00003a0a       0x9a ./example/src/main.o
 .debug_macro   0x00003aa4       0x20 ./example/src/main.o
 .debug_macro   0x00003ac4       0x28 ./example/src/main.o
 .debug_macro   0x00003aec      0x217 ./example/src/sysinit.o
 .debug_macro   0x00003d03       0x70 ./example/src/sysinit.o
 .debug_macro   0x00003d73      0x289 /home/smclough/Documents/university/teamroflcopter-373/workspace/lpc_board_nxp_lpcxpresso_1769/Debug/liblpc_board_nxp_lpcxpresso_1769.a(board.o)
 .debug_macro   0x00003ffc       0x12 /home/smclough/Documents/university/teamroflcopter-373/workspace/lpc_board_nxp_lpcxpresso_1769/Debug/liblpc_board_nxp_lpcxpresso_1769.a(board.o)
 .debug_macro   0x0000400e      0x217 /home/smclough/Documents/university/teamroflcopter-373/workspace/lpc_board_nxp_lpcxpresso_1769/Debug/liblpc_board_nxp_lpcxpresso_1769.a(board_sysinit.o)
 .debug_macro   0x00004225      0x1cd /home/smclough/Documents/university/teamroflcopter-373/workspace/lpc_chip_175x_6x/Debug/liblpc_chip_175x_6x.a(chip_17xx_40xx.o)
 .debug_macro   0x000043f2      0x1cd /home/smclough/Documents/university/teamroflcopter-373/workspace/lpc_chip_175x_6x/Debug/liblpc_chip_175x_6x.a(clock_17xx_40xx.o)
 .debug_macro   0x000045bf      0x1df /home/smclough/Documents/university/teamroflcopter-373/workspace/lpc_chip_175x_6x/Debug/liblpc_chip_175x_6x.a(i2c_17xx_40xx.o)
 .debug_macro   0x0000479e      0x1cd /home/smclough/Documents/university/teamroflcopter-373/workspace/lpc_chip_175x_6x/Debug/liblpc_chip_175x_6x.a(iocon_17xx_40xx.o)
 .debug_macro   0x0000496b       0x83 /home/smclough/Documents/university/teamroflcopter-373/workspace/lpc_chip_175x_6x/Debug/liblpc_chip_175x_6x.a(ring_buffer.o)
 .debug_macro   0x000049ee       0x74 /home/smclough/Documents/university/teamroflcopter-373/workspace/lpc_chip_175x_6x/Debug/liblpc_chip_175x_6x.a(ring_buffer.o)
 .debug_macro   0x00004a62       0x10 /home/smclough/Documents/university/teamroflcopter-373/workspace/lpc_chip_175x_6x/Debug/liblpc_chip_175x_6x.a(ring_buffer.o)
 .debug_macro   0x00004a72      0x1cd /home/smclough/Documents/university/teamroflcopter-373/workspace/lpc_chip_175x_6x/Debug/liblpc_chip_175x_6x.a(sysinit_17xx_40xx.o)
 .debug_macro   0x00004c3f      0x1cd /home/smclough/Documents/university/teamroflcopter-373/workspace/lpc_chip_175x_6x/Debug/liblpc_chip_175x_6x.a(uart_17xx_40xx.o)

.debug_line     0x00000000     0x3ef6
 .debug_line    0x00000000       0xdd ./example/src/cr_startup_lpc175x_6x.o
 .debug_line    0x000000dd      0x64c ./example/src/main.o
 .debug_line    0x00000729      0x4b7 ./example/src/sysinit.o
 .debug_line    0x00000be0      0x86a /home/smclough/Documents/university/teamroflcopter-373/workspace/lpc_board_nxp_lpcxpresso_1769/Debug/liblpc_board_nxp_lpcxpresso_1769.a(board.o)
 .debug_line    0x0000144a      0x4ef /home/smclough/Documents/university/teamroflcopter-373/workspace/lpc_board_nxp_lpcxpresso_1769/Debug/liblpc_board_nxp_lpcxpresso_1769.a(board_sysinit.o)
 .debug_line    0x00001939      0x46a /home/smclough/Documents/university/teamroflcopter-373/workspace/lpc_chip_175x_6x/Debug/liblpc_chip_175x_6x.a(chip_17xx_40xx.o)
 .debug_line    0x00001da3      0x6e6 /home/smclough/Documents/university/teamroflcopter-373/workspace/lpc_chip_175x_6x/Debug/liblpc_chip_175x_6x.a(clock_17xx_40xx.o)
 .debug_line    0x00002489      0x73c /home/smclough/Documents/university/teamroflcopter-373/workspace/lpc_chip_175x_6x/Debug/liblpc_chip_175x_6x.a(i2c_17xx_40xx.o)
 .debug_line    0x00002bc5      0x456 /home/smclough/Documents/university/teamroflcopter-373/workspace/lpc_chip_175x_6x/Debug/liblpc_chip_175x_6x.a(iocon_17xx_40xx.o)
 .debug_line    0x0000301b      0x269 /home/smclough/Documents/university/teamroflcopter-373/workspace/lpc_chip_175x_6x/Debug/liblpc_chip_175x_6x.a(ring_buffer.o)
 .debug_line    0x00003284      0x4e0 /home/smclough/Documents/university/teamroflcopter-373/workspace/lpc_chip_175x_6x/Debug/liblpc_chip_175x_6x.a(sysinit_17xx_40xx.o)
 .debug_line    0x00003764      0x792 /home/smclough/Documents/university/teamroflcopter-373/workspace/lpc_chip_175x_6x/Debug/liblpc_chip_175x_6x.a(uart_17xx_40xx.o)

.debug_str      0x00000000    0x135f7
 .debug_str     0x00000000     0x2699 ./example/src/cr_startup_lpc175x_6x.o
                               0x26ac (size before relaxing)
 .debug_str     0x00002699     0xec12 ./example/src/main.o
                              0x1121c (size before relaxing)
 .debug_str     0x000112ab       0x23 ./example/src/sysinit.o
                              0x10a5f (size before relaxing)
 .debug_str     0x000112ce      0xc7b /home/smclough/Documents/university/teamroflcopter-373/workspace/lpc_board_nxp_lpcxpresso_1769/Debug/liblpc_board_nxp_lpcxpresso_1769.a(board.o)
                              0x11932 (size before relaxing)
 .debug_str     0x00011f49      0x22d /home/smclough/Documents/university/teamroflcopter-373/workspace/lpc_board_nxp_lpcxpresso_1769/Debug/liblpc_board_nxp_lpcxpresso_1769.a(board_sysinit.o)
                              0x10e6c (size before relaxing)
 .debug_str     0x00012176       0xdb /home/smclough/Documents/university/teamroflcopter-373/workspace/lpc_chip_175x_6x/Debug/liblpc_chip_175x_6x.a(chip_17xx_40xx.o)
                              0x10b63 (size before relaxing)
 .debug_str     0x00012251      0x857 /home/smclough/Documents/university/teamroflcopter-373/workspace/lpc_chip_175x_6x/Debug/liblpc_chip_175x_6x.a(clock_17xx_40xx.o)
                              0x111d1 (size before relaxing)
 .debug_str     0x00012aa8      0x58c /home/smclough/Documents/university/teamroflcopter-373/workspace/lpc_chip_175x_6x/Debug/liblpc_chip_175x_6x.a(i2c_17xx_40xx.o)
                              0x111e1 (size before relaxing)
 .debug_str     0x00013034       0x74 /home/smclough/Documents/university/teamroflcopter-373/workspace/lpc_chip_175x_6x/Debug/liblpc_chip_175x_6x.a(iocon_17xx_40xx.o)
                              0x1064e (size before relaxing)
 .debug_str     0x000130a8      0x149 /home/smclough/Documents/university/teamroflcopter-373/workspace/lpc_chip_175x_6x/Debug/liblpc_chip_175x_6x.a(ring_buffer.o)
                               0x4041 (size before relaxing)
 .debug_str     0x000131f1       0xc4 /home/smclough/Documents/university/teamroflcopter-373/workspace/lpc_chip_175x_6x/Debug/liblpc_chip_175x_6x.a(sysinit_17xx_40xx.o)
                              0x10836 (size before relaxing)
 .debug_str     0x000132b5      0x342 /home/smclough/Documents/university/teamroflcopter-373/workspace/lpc_chip_175x_6x/Debug/liblpc_chip_175x_6x.a(uart_17xx_40xx.o)
                              0x110a6 (size before relaxing)

.comment        0x00000000       0xdc
 .comment       0x00000000       0x6e ./example/src/cr_startup_lpc175x_6x.o
                                 0x6f (size before relaxing)
 .comment       0x0000006e       0x6f ./example/src/main.o
 .comment       0x0000006e       0x6f ./example/src/sysinit.o
 .comment       0x0000006e       0x6f /home/smclough/Documents/university/teamroflcopter-373/workspace/lpc_board_nxp_lpcxpresso_1769/Debug/liblpc_board_nxp_lpcxpresso_1769.a(board.o)
 .comment       0x0000006e       0x6f /home/smclough/Documents/university/teamroflcopter-373/workspace/lpc_board_nxp_lpcxpresso_1769/Debug/liblpc_board_nxp_lpcxpresso_1769.a(board_sysinit.o)
 .comment       0x0000006e       0x6f /home/smclough/Documents/university/teamroflcopter-373/workspace/lpc_chip_175x_6x/Debug/liblpc_chip_175x_6x.a(chip_17xx_40xx.o)
 .comment       0x0000006e       0x6f /home/smclough/Documents/university/teamroflcopter-373/workspace/lpc_chip_175x_6x/Debug/liblpc_chip_175x_6x.a(clock_17xx_40xx.o)
 .comment       0x0000006e       0x6f /home/smclough/Documents/university/teamroflcopter-373/workspace/lpc_chip_175x_6x/Debug/liblpc_chip_175x_6x.a(i2c_17xx_40xx.o)
 .comment       0x0000006e       0x6f /home/smclough/Documents/university/teamroflcopter-373/workspace/lpc_chip_175x_6x/Debug/liblpc_chip_175x_6x.a(iocon_17xx_40xx.o)
 .comment       0x0000006e       0x6f /home/smclough/Documents/university/teamroflcopter-373/workspace/lpc_chip_175x_6x/Debug/liblpc_chip_175x_6x.a(ring_buffer.o)
 .comment       0x0000006e       0x6f /home/smclough/Documents/university/teamroflcopter-373/workspace/lpc_chip_175x_6x/Debug/liblpc_chip_175x_6x.a(sysinit_17xx_40xx.o)
 .comment       0x0000006e       0x6f /home/smclough/Documents/university/teamroflcopter-373/workspace/lpc_chip_175x_6x/Debug/liblpc_chip_175x_6x.a(uart_17xx_40xx.o)
 .comment       0x0000006e       0x6e /usr/local/lpcxpresso_8.2.2_650/lpcxpresso/tools/bin/../lib/gcc/arm-none-eabi/5.4.1/../../../../arm-none-eabi/lib/armv7-m/libcr_nohost.a(_cr__main.o)
                                 0x6f (size before relaxing)
 .comment       0x000000dc       0x6f /usr/local/lpcxpresso_8.2.2_650/lpcxpresso/tools/bin/../lib/gcc/arm-none-eabi/5.4.1/../../../../arm-none-eabi/lib/armv7-m/libcr_c.a(memcpy.o)
 .comment       0x000000dc       0x6f /usr/local/lpcxpresso_8.2.2_650/lpcxpresso/tools/bin/../lib/gcc/arm-none-eabi/5.4.1/../../../../arm-none-eabi/lib/armv7-m/libcr_c.a(initio.o)
 .comment       0x000000dc       0x6f /usr/local/lpcxpresso_8.2.2_650/lpcxpresso/tools/bin/../lib/gcc/arm-none-eabi/5.4.1/../../../../arm-none-eabi/lib/armv7-m/libcr_c.a(setvbuf.o)
 .comment       0x000000dc       0x6f /usr/local/lpcxpresso_8.2.2_650/lpcxpresso/tools/bin/../lib/gcc/arm-none-eabi/5.4.1/../../../../arm-none-eabi/lib/armv7-m/libcr_c.a(stdio.o)
 .comment       0x000000dc       0x6f /usr/local/lpcxpresso_8.2.2_650/lpcxpresso/tools/bin/../lib/gcc/arm-none-eabi/5.4.1/../../../../arm-none-eabi/lib/armv7-m/libcr_c.a(memset.o)
 .comment       0x000000dc       0x6f /usr/local/lpcxpresso_8.2.2_650/lpcxpresso/tools/bin/../lib/gcc/arm-none-eabi/5.4.1/../../../../arm-none-eabi/lib/armv7-m/libcr_c.a(_deferredlazyseek.o)
 .comment       0x000000dc       0x6f /usr/local/lpcxpresso_8.2.2_650/lpcxpresso/tools/bin/../lib/gcc/arm-none-eabi/5.4.1/../../../../arm-none-eabi/lib/armv7-m/libcr_c.a(_fdopen.o)
 .comment       0x000000dc       0x6f /usr/local/lpcxpresso_8.2.2_650/lpcxpresso/tools/bin/../lib/gcc/arm-none-eabi/5.4.1/../../../../arm-none-eabi/lib/armv7-m/libcr_c.a(_fflush.o)
 .comment       0x000000dc       0x6f /usr/local/lpcxpresso_8.2.2_650/lpcxpresso/tools/bin/../lib/gcc/arm-none-eabi/5.4.1/../../../../arm-none-eabi/lib/armv7-m/libcr_c.a(_writebuf.o)
 .comment       0x000000dc       0x6f /usr/local/lpcxpresso_8.2.2_650/lpcxpresso/tools/bin/../lib/gcc/arm-none-eabi/5.4.1/../../../../arm-none-eabi/lib/armv7-m/libcr_c.a(alloc.o)
 .comment       0x000000dc       0x6f /usr/local/lpcxpresso_8.2.2_650/lpcxpresso/tools/bin/../lib/gcc/arm-none-eabi/5.4.1/../../../../arm-none-eabi/lib/armv7-m/libcr_c.a(fclose.o)
 .comment       0x000000dc       0x6f /usr/local/lpcxpresso_8.2.2_650/lpcxpresso/tools/bin/../lib/gcc/arm-none-eabi/5.4.1/../../../../arm-none-eabi/lib/armv7-m/libcr_c.a(fflush.o)
 .comment       0x000000dc       0x6f /usr/local/lpcxpresso_8.2.2_650/lpcxpresso/tools/bin/../lib/gcc/arm-none-eabi/5.4.1/../../../../arm-none-eabi/lib/armv7-m/libcr_c.a(fseek.o)
 .comment       0x000000dc       0x6f /usr/local/lpcxpresso_8.2.2_650/lpcxpresso/tools/bin/../lib/gcc/arm-none-eabi/5.4.1/../../../../arm-none-eabi/lib/armv7-m/libcr_c.a(ftell.o)
 .comment       0x000000dc       0x6f /usr/local/lpcxpresso_8.2.2_650/lpcxpresso/tools/bin/../lib/gcc/arm-none-eabi/5.4.1/../../../../arm-none-eabi/lib/armv7-m/libcr_c.a(remove.o)
 .comment       0x000000dc       0x6f /usr/local/lpcxpresso_8.2.2_650/lpcxpresso/tools/bin/../lib/gcc/arm-none-eabi/5.4.1/../../../../arm-none-eabi/lib/armv7-m/libcr_c.a(strlen.o)
 .comment       0x000000dc       0x6f /usr/local/lpcxpresso_8.2.2_650/lpcxpresso/tools/bin/../lib/gcc/arm-none-eabi/5.4.1/../../../../arm-none-eabi/lib/armv7-m/libcr_c.a(__init_alloc.o)
 .comment       0x000000dc       0x6f /usr/local/lpcxpresso_8.2.2_650/lpcxpresso/tools/bin/../lib/gcc/arm-none-eabi/5.4.1/../../../../arm-none-eabi/lib/armv7-m/libcr_c.a(_cr_sbrk.o)
 .comment       0x000000dc       0x6f /usr/local/lpcxpresso_8.2.2_650/lpcxpresso/tools/bin/../lib/gcc/arm-none-eabi/5.4.1/../../../../arm-none-eabi/lib/armv7-m/libcr_c.a(_do_fflush.o)
 .comment       0x000000dc       0x6f /usr/local/lpcxpresso_8.2.2_650/lpcxpresso/tools/bin/../lib/gcc/arm-none-eabi/5.4.1/../../../../arm-none-eabi/lib/armv7-m/libcr_c.a(errno.o)
 .comment       0x000000dc       0x6f /usr/local/lpcxpresso_8.2.2_650/lpcxpresso/tools/bin/../lib/gcc/arm-none-eabi/5.4.1/../../../../arm-none-eabi/lib/armv7-m/libcr_c.a(_cr_check_heap.o)
 .comment       0x000000dc       0x6f /usr/local/lpcxpresso_8.2.2_650/lpcxpresso/tools/bin/../lib/gcc/arm-none-eabi/5.4.1/../../../../arm-none-eabi/lib/armv7-m/libcr_nohost.a(__sys_appexit.o)
 .comment       0x000000dc       0x6f /usr/local/lpcxpresso_8.2.2_650/lpcxpresso/tools/bin/../lib/gcc/arm-none-eabi/5.4.1/../../../../arm-none-eabi/lib/armv7-m/libcr_nohost.a(__sys_close.o)
 .comment       0x000000dc       0x6f /usr/local/lpcxpresso_8.2.2_650/lpcxpresso/tools/bin/../lib/gcc/arm-none-eabi/5.4.1/../../../../arm-none-eabi/lib/armv7-m/libcr_nohost.a(__sys_flen.o)
 .comment       0x000000dc       0x6f /usr/local/lpcxpresso_8.2.2_650/lpcxpresso/tools/bin/../lib/gcc/arm-none-eabi/5.4.1/../../../../arm-none-eabi/lib/armv7-m/libcr_nohost.a(__sys_istty.o)
 .comment       0x000000dc       0x6f /usr/local/lpcxpresso_8.2.2_650/lpcxpresso/tools/bin/../lib/gcc/arm-none-eabi/5.4.1/../../../../arm-none-eabi/lib/armv7-m/libcr_nohost.a(__sys_remove.o)
 .comment       0x000000dc       0x6f /usr/local/lpcxpresso_8.2.2_650/lpcxpresso/tools/bin/../lib/gcc/arm-none-eabi/5.4.1/../../../../arm-none-eabi/lib/armv7-m/libcr_nohost.a(__sys_seek.o)
 .comment       0x000000dc       0x6f /usr/local/lpcxpresso_8.2.2_650/lpcxpresso/tools/bin/../lib/gcc/arm-none-eabi/5.4.1/../../../../arm-none-eabi/lib/armv7-m/libcr_nohost.a(__sys_tmpnam.o)

.ARM.attributes
                0x00000000       0x31
 .ARM.attributes
                0x00000000       0x33 ./example/src/cr_startup_lpc175x_6x.o
 .ARM.attributes
                0x00000033       0x33 ./example/src/main.o
 .ARM.attributes
                0x00000066       0x33 ./example/src/sysinit.o
 .ARM.attributes
                0x00000099       0x33 /home/smclough/Documents/university/teamroflcopter-373/workspace/lpc_board_nxp_lpcxpresso_1769/Debug/liblpc_board_nxp_lpcxpresso_1769.a(board.o)
 .ARM.attributes
                0x000000cc       0x33 /home/smclough/Documents/university/teamroflcopter-373/workspace/lpc_board_nxp_lpcxpresso_1769/Debug/liblpc_board_nxp_lpcxpresso_1769.a(board_sysinit.o)
 .ARM.attributes
                0x000000ff       0x33 /home/smclough/Documents/university/teamroflcopter-373/workspace/lpc_chip_175x_6x/Debug/liblpc_chip_175x_6x.a(chip_17xx_40xx.o)
 .ARM.attributes
                0x00000132       0x33 /home/smclough/Documents/university/teamroflcopter-373/workspace/lpc_chip_175x_6x/Debug/liblpc_chip_175x_6x.a(clock_17xx_40xx.o)
 .ARM.attributes
                0x00000165       0x33 /home/smclough/Documents/university/teamroflcopter-373/workspace/lpc_chip_175x_6x/Debug/liblpc_chip_175x_6x.a(i2c_17xx_40xx.o)
 .ARM.attributes
                0x00000198       0x33 /home/smclough/Documents/university/teamroflcopter-373/workspace/lpc_chip_175x_6x/Debug/liblpc_chip_175x_6x.a(iocon_17xx_40xx.o)
 .ARM.attributes
                0x000001cb       0x33 /home/smclough/Documents/university/teamroflcopter-373/workspace/lpc_chip_175x_6x/Debug/liblpc_chip_175x_6x.a(ring_buffer.o)
 .ARM.attributes
                0x000001fe       0x33 /home/smclough/Documents/university/teamroflcopter-373/workspace/lpc_chip_175x_6x/Debug/liblpc_chip_175x_6x.a(sysinit_17xx_40xx.o)
 .ARM.attributes
                0x00000231       0x33 /home/smclough/Documents/university/teamroflcopter-373/workspace/lpc_chip_175x_6x/Debug/liblpc_chip_175x_6x.a(uart_17xx_40xx.o)
 .ARM.attributes
                0x00000264       0x33 /usr/local/lpcxpresso_8.2.2_650/lpcxpresso/tools/bin/../lib/gcc/arm-none-eabi/5.4.1/../../../../arm-none-eabi/lib/armv7-m/libcr_nohost.a(_cr__main.o)
 .ARM.attributes
                0x00000297       0x33 /usr/local/lpcxpresso_8.2.2_650/lpcxpresso/tools/bin/../lib/gcc/arm-none-eabi/5.4.1/../../../../arm-none-eabi/lib/armv7-m/libcr_c.a(memcpy.o)
 .ARM.attributes
                0x000002ca       0x33 /usr/local/lpcxpresso_8.2.2_650/lpcxpresso/tools/bin/../lib/gcc/arm-none-eabi/5.4.1/../../../../arm-none-eabi/lib/armv7-m/libcr_c.a(initio.o)
 .ARM.attributes
                0x000002fd       0x33 /usr/local/lpcxpresso_8.2.2_650/lpcxpresso/tools/bin/../lib/gcc/arm-none-eabi/5.4.1/../../../../arm-none-eabi/lib/armv7-m/libcr_c.a(setvbuf.o)
 .ARM.attributes
                0x00000330       0x33 /usr/local/lpcxpresso_8.2.2_650/lpcxpresso/tools/bin/../lib/gcc/arm-none-eabi/5.4.1/../../../../arm-none-eabi/lib/armv7-m/libcr_c.a(stdio.o)
 .ARM.attributes
                0x00000363       0x33 /usr/local/lpcxpresso_8.2.2_650/lpcxpresso/tools/bin/../lib/gcc/arm-none-eabi/5.4.1/../../../../arm-none-eabi/lib/armv7-m/libcr_c.a(memset.o)
 .ARM.attributes
                0x00000396       0x33 /usr/local/lpcxpresso_8.2.2_650/lpcxpresso/tools/bin/../lib/gcc/arm-none-eabi/5.4.1/../../../../arm-none-eabi/lib/armv7-m/libcr_c.a(_deferredlazyseek.o)
 .ARM.attributes
                0x000003c9       0x33 /usr/local/lpcxpresso_8.2.2_650/lpcxpresso/tools/bin/../lib/gcc/arm-none-eabi/5.4.1/../../../../arm-none-eabi/lib/armv7-m/libcr_c.a(_fdopen.o)
 .ARM.attributes
                0x000003fc       0x33 /usr/local/lpcxpresso_8.2.2_650/lpcxpresso/tools/bin/../lib/gcc/arm-none-eabi/5.4.1/../../../../arm-none-eabi/lib/armv7-m/libcr_c.a(_fflush.o)
 .ARM.attributes
                0x0000042f       0x33 /usr/local/lpcxpresso_8.2.2_650/lpcxpresso/tools/bin/../lib/gcc/arm-none-eabi/5.4.1/../../../../arm-none-eabi/lib/armv7-m/libcr_c.a(_writebuf.o)
 .ARM.attributes
                0x00000462       0x33 /usr/local/lpcxpresso_8.2.2_650/lpcxpresso/tools/bin/../lib/gcc/arm-none-eabi/5.4.1/../../../../arm-none-eabi/lib/armv7-m/libcr_c.a(alloc.o)
 .ARM.attributes
                0x00000495       0x33 /usr/local/lpcxpresso_8.2.2_650/lpcxpresso/tools/bin/../lib/gcc/arm-none-eabi/5.4.1/../../../../arm-none-eabi/lib/armv7-m/libcr_c.a(fclose.o)
 .ARM.attributes
                0x000004c8       0x33 /usr/local/lpcxpresso_8.2.2_650/lpcxpresso/tools/bin/../lib/gcc/arm-none-eabi/5.4.1/../../../../arm-none-eabi/lib/armv7-m/libcr_c.a(fflush.o)
 .ARM.attributes
                0x000004fb       0x33 /usr/local/lpcxpresso_8.2.2_650/lpcxpresso/tools/bin/../lib/gcc/arm-none-eabi/5.4.1/../../../../arm-none-eabi/lib/armv7-m/libcr_c.a(fseek.o)
 .ARM.attributes
                0x0000052e       0x33 /usr/local/lpcxpresso_8.2.2_650/lpcxpresso/tools/bin/../lib/gcc/arm-none-eabi/5.4.1/../../../../arm-none-eabi/lib/armv7-m/libcr_c.a(ftell.o)
 .ARM.attributes
                0x00000561       0x33 /usr/local/lpcxpresso_8.2.2_650/lpcxpresso/tools/bin/../lib/gcc/arm-none-eabi/5.4.1/../../../../arm-none-eabi/lib/armv7-m/libcr_c.a(remove.o)
 .ARM.attributes
                0x00000594       0x33 /usr/local/lpcxpresso_8.2.2_650/lpcxpresso/tools/bin/../lib/gcc/arm-none-eabi/5.4.1/../../../../arm-none-eabi/lib/armv7-m/libcr_c.a(strlen.o)
 .ARM.attributes
                0x000005c7       0x33 /usr/local/lpcxpresso_8.2.2_650/lpcxpresso/tools/bin/../lib/gcc/arm-none-eabi/5.4.1/../../../../arm-none-eabi/lib/armv7-m/libcr_c.a(__init_alloc.o)
 .ARM.attributes
                0x000005fa       0x33 /usr/local/lpcxpresso_8.2.2_650/lpcxpresso/tools/bin/../lib/gcc/arm-none-eabi/5.4.1/../../../../arm-none-eabi/lib/armv7-m/libcr_c.a(_cr_sbrk.o)
 .ARM.attributes
                0x0000062d       0x33 /usr/local/lpcxpresso_8.2.2_650/lpcxpresso/tools/bin/../lib/gcc/arm-none-eabi/5.4.1/../../../../arm-none-eabi/lib/armv7-m/libcr_c.a(_do_fflush.o)
 .ARM.attributes
                0x00000660       0x33 /usr/local/lpcxpresso_8.2.2_650/lpcxpresso/tools/bin/../lib/gcc/arm-none-eabi/5.4.1/../../../../arm-none-eabi/lib/armv7-m/libcr_c.a(errno.o)
 .ARM.attributes
                0x00000693       0x33 /usr/local/lpcxpresso_8.2.2_650/lpcxpresso/tools/bin/../lib/gcc/arm-none-eabi/5.4.1/../../../../arm-none-eabi/lib/armv7-m/libcr_c.a(_cr_check_heap.o)
 .ARM.attributes
                0x000006c6       0x21 /usr/local/lpcxpresso_8.2.2_650/lpcxpresso/tools/bin/../lib/gcc/arm-none-eabi/5.4.1/armv7-m/libcr_eabihelpers.a(memcpy.o)
 .ARM.attributes
                0x000006e7       0x33 /usr/local/lpcxpresso_8.2.2_650/lpcxpresso/tools/bin/../lib/gcc/arm-none-eabi/5.4.1/../../../../arm-none-eabi/lib/armv7-m/libcr_nohost.a(__sys_appexit.o)
 .ARM.attributes
                0x0000071a       0x33 /usr/local/lpcxpresso_8.2.2_650/lpcxpresso/tools/bin/../lib/gcc/arm-none-eabi/5.4.1/../../../../arm-none-eabi/lib/armv7-m/libcr_nohost.a(__sys_close.o)
 .ARM.attributes
                0x0000074d       0x33 /usr/local/lpcxpresso_8.2.2_650/lpcxpresso/tools/bin/../lib/gcc/arm-none-eabi/5.4.1/../../../../arm-none-eabi/lib/armv7-m/libcr_nohost.a(__sys_flen.o)
 .ARM.attributes
                0x00000780       0x33 /usr/local/lpcxpresso_8.2.2_650/lpcxpresso/tools/bin/../lib/gcc/arm-none-eabi/5.4.1/../../../../arm-none-eabi/lib/armv7-m/libcr_nohost.a(__sys_istty.o)
 .ARM.attributes
                0x000007b3       0x33 /usr/local/lpcxpresso_8.2.2_650/lpcxpresso/tools/bin/../lib/gcc/arm-none-eabi/5.4.1/../../../../arm-none-eabi/lib/armv7-m/libcr_nohost.a(__sys_remove.o)
 .ARM.attributes
                0x000007e6       0x33 /usr/local/lpcxpresso_8.2.2_650/lpcxpresso/tools/bin/../lib/gcc/arm-none-eabi/5.4.1/../../../../arm-none-eabi/lib/armv7-m/libcr_nohost.a(__sys_seek.o)
 .ARM.attributes
                0x00000819       0x33 /usr/local/lpcxpresso_8.2.2_650/lpcxpresso/tools/bin/../lib/gcc/arm-none-eabi/5.4.1/../../../../arm-none-eabi/lib/armv7-m/libcr_nohost.a(__sys_tmpnam.o)

.debug_frame    0x00000000     0x1c50
 .debug_frame   0x00000000      0x170 ./example/src/cr_startup_lpc175x_6x.o
 .debug_frame   0x00000170      0x224 ./example/src/main.o
 .debug_frame   0x00000394       0x34 ./example/src/sysinit.o
 .debug_frame   0x000003c8      0x5d4 /home/smclough/Documents/university/teamroflcopter-373/workspace/lpc_board_nxp_lpcxpresso_1769/Debug/liblpc_board_nxp_lpcxpresso_1769.a(board.o)
 .debug_frame   0x0000099c       0x8c /home/smclough/Documents/university/teamroflcopter-373/workspace/lpc_board_nxp_lpcxpresso_1769/Debug/liblpc_board_nxp_lpcxpresso_1769.a(board_sysinit.o)
 .debug_frame   0x00000a28       0x88 /home/smclough/Documents/university/teamroflcopter-373/workspace/lpc_chip_175x_6x/Debug/liblpc_chip_175x_6x.a(chip_17xx_40xx.o)
 .debug_frame   0x00000ab0      0x490 /home/smclough/Documents/university/teamroflcopter-373/workspace/lpc_chip_175x_6x/Debug/liblpc_chip_175x_6x.a(clock_17xx_40xx.o)
 .debug_frame   0x00000f40      0x4c8 /home/smclough/Documents/university/teamroflcopter-373/workspace/lpc_chip_175x_6x/Debug/liblpc_chip_175x_6x.a(i2c_17xx_40xx.o)
 .debug_frame   0x00001408       0x80 /home/smclough/Documents/university/teamroflcopter-373/workspace/lpc_chip_175x_6x/Debug/liblpc_chip_175x_6x.a(iocon_17xx_40xx.o)
 .debug_frame   0x00001488      0x164 /home/smclough/Documents/university/teamroflcopter-373/workspace/lpc_chip_175x_6x/Debug/liblpc_chip_175x_6x.a(ring_buffer.o)
 .debug_frame   0x000015ec      0x12c /home/smclough/Documents/university/teamroflcopter-373/workspace/lpc_chip_175x_6x/Debug/liblpc_chip_175x_6x.a(sysinit_17xx_40xx.o)
 .debug_frame   0x00001718      0x538 /home/smclough/Documents/university/teamroflcopter-373/workspace/lpc_chip_175x_6x/Debug/liblpc_chip_175x_6x.a(uart_17xx_40xx.o)
