Archive member included to satisfy reference by file (symbol)

/Users/zihanli/program/LPCXpresso_8.2.2/workspace/lpc_board_nxp_lpcxpresso_1769/Debug/liblpc_board_nxp_lpcxpresso_1769.a(board.o)
                              ./src/lcd.o (Board_UART_Init)
/Users/zihanli/program/LPCXpresso_8.2.2/workspace/lpc_board_nxp_lpcxpresso_1769/Debug/liblpc_board_nxp_lpcxpresso_1769.a(board_sysinit.o)
                              ./src/lcd.o (Board_SystemInit)
/Users/zihanli/program/LPCXpresso_8.2.2/workspace/lpc_chip_175x_6x/Debug/liblpc_chip_175x_6x.a(adc_17xx_40xx.o)
                              ./src/lcd.o (Chip_ADC_Init)
/Users/zihanli/program/LPCXpresso_8.2.2/workspace/lpc_chip_175x_6x/Debug/liblpc_chip_175x_6x.a(chip_17xx_40xx.o)
                              ./src/lcd.o (SystemCoreClock)
/Users/zihanli/program/LPCXpresso_8.2.2/workspace/lpc_chip_175x_6x/Debug/liblpc_chip_175x_6x.a(clock_17xx_40xx.o)
                              /Users/zihanli/program/LPCXpresso_8.2.2/workspace/lpc_chip_175x_6x/Debug/liblpc_chip_175x_6x.a(chip_17xx_40xx.o) (Chip_Clock_EnablePLL)
/Users/zihanli/program/LPCXpresso_8.2.2/workspace/lpc_chip_175x_6x/Debug/liblpc_chip_175x_6x.a(i2s_17xx_40xx.o)
                              /Users/zihanli/program/LPCXpresso_8.2.2/workspace/lpc_board_nxp_lpcxpresso_1769/Debug/liblpc_board_nxp_lpcxpresso_1769.a(board.o) (Chip_I2S_Init)
/Users/zihanli/program/LPCXpresso_8.2.2/workspace/lpc_chip_175x_6x/Debug/liblpc_chip_175x_6x.a(iocon_17xx_40xx.o)
                              /Users/zihanli/program/LPCXpresso_8.2.2/workspace/lpc_board_nxp_lpcxpresso_1769/Debug/liblpc_board_nxp_lpcxpresso_1769.a(board.o) (Chip_IOCON_PinMux)
/Users/zihanli/program/LPCXpresso_8.2.2/workspace/lpc_chip_175x_6x/Debug/liblpc_chip_175x_6x.a(sysinit_17xx_40xx.o)
                              /Users/zihanli/program/LPCXpresso_8.2.2/workspace/lpc_board_nxp_lpcxpresso_1769/Debug/liblpc_board_nxp_lpcxpresso_1769.a(board_sysinit.o) (Chip_SetupXtalClocking)
/Users/zihanli/program/LPCXpresso_8.2.2/workspace/lpc_chip_175x_6x/Debug/liblpc_chip_175x_6x.a(uart_17xx_40xx.o)
                              ./src/lcd.o (Chip_UART_Init)
/Users/zihanli/program/LPCXpresso_8.2.2/workspace/lpc_chip_175x_6x/Debug/liblpc_chip_175x_6x.a(ring_buffer.o)
                              /Users/zihanli/program/LPCXpresso_8.2.2/workspace/lpc_chip_175x_6x/Debug/liblpc_chip_175x_6x.a(uart_17xx_40xx.o) (RingBuffer_Insert)
/Applications/lpcxpresso_8.2.2_650/lpcxpresso/tools/bin/../lib/gcc/arm-none-eabi/5.4.1/armv7-m/libgcc.a(_arm_addsubdf3.o)
                              ./src/lcd.o (__aeabi_dsub)
/Applications/lpcxpresso_8.2.2_650/lpcxpresso/tools/bin/../lib/gcc/arm-none-eabi/5.4.1/armv7-m/libgcc.a(_arm_muldivdf3.o)
                              ./src/lcd.o (__aeabi_dmul)
/Applications/lpcxpresso_8.2.2_650/lpcxpresso/tools/bin/../lib/gcc/arm-none-eabi/5.4.1/armv7-m/libgcc.a(_arm_cmpdf2.o)
                              ./src/lcd.o (__aeabi_dcmplt)
/Applications/lpcxpresso_8.2.2_650/lpcxpresso/tools/bin/../lib/gcc/arm-none-eabi/5.4.1/armv7-m/libgcc.a(_arm_fixdfsi.o)
                              ./src/lcd.o (__aeabi_d2iz)
/Applications/lpcxpresso_8.2.2_650/lpcxpresso/tools/bin/../lib/gcc/arm-none-eabi/5.4.1/armv7-m/libgcc.a(_arm_fixunsdfsi.o)
                              ./src/lcd.o (__aeabi_d2uiz)
/Applications/lpcxpresso_8.2.2_650/lpcxpresso/tools/bin/../lib/gcc/arm-none-eabi/5.4.1/armv7-m/libgcc.a(_aeabi_uldivmod.o)
                              /Users/zihanli/program/LPCXpresso_8.2.2/workspace/lpc_chip_175x_6x/Debug/liblpc_chip_175x_6x.a(i2s_17xx_40xx.o) (__aeabi_uldivmod)
/Applications/lpcxpresso_8.2.2_650/lpcxpresso/tools/bin/../lib/gcc/arm-none-eabi/5.4.1/armv7-m/libgcc.a(_udivmoddi4.o)
                              /Applications/lpcxpresso_8.2.2_650/lpcxpresso/tools/bin/../lib/gcc/arm-none-eabi/5.4.1/armv7-m/libgcc.a(_aeabi_uldivmod.o) (__udivmoddi4)
/Applications/lpcxpresso_8.2.2_650/lpcxpresso/tools/bin/../lib/gcc/arm-none-eabi/5.4.1/armv7-m/libgcc.a(_dvmd_tls.o)
                              /Applications/lpcxpresso_8.2.2_650/lpcxpresso/tools/bin/../lib/gcc/arm-none-eabi/5.4.1/armv7-m/libgcc.a(_aeabi_uldivmod.o) (__aeabi_ldiv0)
/Applications/lpcxpresso_8.2.2_650/lpcxpresso/tools/bin/../lib/gcc/arm-none-eabi/5.4.1/../../../../arm-none-eabi/lib/armv7-m/libc.a(lib_a-abs.o)
                              ./src/Adafruit_GFX.o (abs)
/Applications/lpcxpresso_8.2.2_650/lpcxpresso/tools/bin/../lib/gcc/arm-none-eabi/5.4.1/../../../../arm-none-eabi/lib/armv7-m/libc.a(lib_a-init.o)
                              ./src/cr_startup_lpc175x_6x.o (__libc_init_array)
/Applications/lpcxpresso_8.2.2_650/lpcxpresso/tools/bin/../lib/gcc/arm-none-eabi/5.4.1/../../../../arm-none-eabi/lib/armv7-m/libc.a(lib_a-malloc.o)
                              ./src/Adafruit_GFX.o (malloc)
/Applications/lpcxpresso_8.2.2_650/lpcxpresso/tools/bin/../lib/gcc/arm-none-eabi/5.4.1/../../../../arm-none-eabi/lib/armv7-m/libc.a(lib_a-mallocr.o)
[...]
Memory Configuration

Name             Origin             Length             Attributes
MFlash512        0x0000000000000000 0x0000000000080000 xr
RamLoc32         0x0000000010000000 0x0000000000008000 xrw
RamAHB32         0x000000002007c000 0x0000000000008000 xrw
*default*        0x0000000000000000 0xffffffffffffffff

Linker script and memory map

LOAD ./src/Adafruit_GFX.o
LOAD ./src/Adafruit_ILI9341.o
LOAD ./src/cr_cpp_config.o
LOAD ./src/cr_startup_lpc175x_6x.o
LOAD ./src/crp.o
LOAD ./src/glcdfont.o
LOAD ./src/lcd.o
LOAD ./src/sysinit.o
LOAD /Users/zihanli/program/LPCXpresso_8.2.2/workspace/lpc_board_nxp_lpcxpresso_1769/Debug/liblpc_board_nxp_lpcxpresso_1769.a
LOAD /Users/zihanli/program/LPCXpresso_8.2.2/workspace/lpc_chip_175x_6x/Debug/liblpc_chip_175x_6x.a
START GROUP
LOAD /Applications/lpcxpresso_8.2.2_650/lpcxpresso/tools/bin/../lib/gcc/arm-none-eabi/5.4.1/armv7-m/libgcc.a
LOAD /Applications/lpcxpresso_8.2.2_650/lpcxpresso/tools/bin/../lib/gcc/arm-none-eabi/5.4.1/../../../../arm-none-eabi/lib/armv7-m/libc.a
LOAD /Applications/lpcxpresso_8.2.2_650/lpcxpresso/tools/bin/../lib/gcc/arm-none-eabi/5.4.1/../../../../arm-none-eabi/lib/armv7-m/libstdc++.a
LOAD /Applications/lpcxpresso_8.2.2_650/lpcxpresso/tools/bin/../lib/gcc/arm-none-eabi/5.4.1/../../../../arm-none-eabi/lib/armv7-m/libm.a
LOAD /Applications/lpcxpresso_8.2.2_650/lpcxpresso/tools/bin/../lib/gcc/arm-none-eabi/5.4.1/../../../../arm-none-eabi/lib/armv7-m/libcr_newlib_nohost.a
LOAD /Applications/lpcxpresso_8.2.2_650/lpcxpresso/tools/bin/../lib/gcc/arm-none-eabi/5.4.1/armv7-m/crti.o
LOAD /Applications/lpcxpresso_8.2.2_650/lpcxpresso/tools/bin/../lib/gcc/arm-none-eabi/5.4.1/armv7-m/crtn.o
LOAD /Applications/lpcxpresso_8.2.2_650/lpcxpresso/tools/bin/../lib/gcc/arm-none-eabi/5.4.1/armv7-m/crtbegin.o
LOAD /Applications/lpcxpresso_8.2.2_650/lpcxpresso/tools/bin/../lib/gcc/arm-none-eabi/5.4.1/armv7-m/crtend.o
END GROUP
                0x0000000000000000                __base_MFlash512 = 0x0
                0x0000000000000000                __base_Flash = 0x0
                0x0000000000080000                __top_MFlash512 = 0x80000
                0x0000000000080000                __top_Flash = 0x80000
                0x0000000010000000                __base_RamLoc32 = 0x10000000
                0x0000000010000000                __base_RAM = 0x10000000
                0x0000000010008000                __top_RamLoc32 = 0x10008000
                0x0000000010008000                __top_RAM = 0x10008000
                0x000000002007c000                __base_RamAHB32 = 0x2007c000
                0x000000002007c000                __base_RAM2 = 0x2007c000
                0x0000000020084000                __top_RamAHB32 = 0x20084000
                0x0000000020084000                __top_RAM2 = 0x20084000

.text           0x0000000000000000     0x696c
 FILL mask 0xff
                0x0000000000000000                __vectors_start__ = ABSOLUTE (.)
 *(.isr_vector)
 .isr_vector    0x0000000000000000       0xcc ./src/cr_startup_lpc175x_6x.o
                0x0000000000000000                g_pfnVectors
                0x00000000000000cc                . = ALIGN (0x4)
                0x00000000000000cc                __section_table_start = .
                0x00000000000000cc                __data_section_table = .
                0x00000000000000cc        0x4 LONG 0x6be4 LOADADDR (.data)
                0x00000000000000d0        0x4 LONG 0x10000000 ADDR (.data)
                0x00000000000000d4        0x4 LONG 0x84c SIZEOF (.data)
                0x00000000000000d8        0x4 LONG 0x6be4 LOADADDR (.data_RAM2)
                0x00000000000000dc        0x4 LONG 0x2007c000 ADDR (.data_RAM2)
                0x00000000000000e0        0x4 LONG 0x0 SIZEOF (.data_RAM2)
                0x00000000000000e4                __data_section_table_end = .
                0x00000000000000e4                __bss_section_table = .
                0x00000000000000e4        0x4 LONG 0x1000084c ADDR (.bss)
                0x00000000000000e8        0x4 LONG 0x2f0 SIZEOF (.bss)
                0x00000000000000ec        0x4 LONG 0x2007c000 ADDR (.bss_RAM2)
                0x00000000000000f0        0x4 LONG 0x0 SIZEOF (.bss_RAM2)
                0x00000000000000f4                __bss_section_table_end = .
                0x00000000000000f4                __section_table_end = .
 *(.after_vectors*)
 .after_vectors
                0x00000000000000f4      0x148 ./src/cr_startup_lpc175x_6x.o
                0x00000000000000f4                data_init(unsigned int, unsigned int, unsigned int)
                0x0000000000000138                bss_init(unsigned int, unsigned int)
                0x0000000000000170                ResetISR
                0x00000000000001ec                NMI_Handler
                0x00000000000001f4                HardFault_Handler
                0x00000000000001fc                MemManage_Handler
                0x0000000000000204                BusFault_Handler
                0x000000000000020c                UsageFault_Handler
                0x0000000000000214                SVC_Handler
                0x000000000000021c                DebugMon_Handler
                0x0000000000000224                PendSV_Handler
                0x0000000000000234                IntDefaultHandler
                0x0000000000000234                PLL0_IRQHandler
                0x0000000000000234                CAN_IRQHandler
                0x0000000000000234                PLL1_IRQHandler
                0x0000000000000234                SSP0_IRQHandler
                0x0000000000000234                I2S_IRQHandler
                0x0000000000000234                I2C2_IRQHandler
                0x0000000000000234                RTC_IRQHandler
                0x0000000000000234                TIMER0_IRQHandler
                0x0000000000000234                SPI_IRQHandler
                0x0000000000000234                EINT1_IRQHandler
                0x0000000000000234                TIMER1_IRQHandler
                0x0000000000000234                UART2_IRQHandler
                0x0000000000000234                ADC_IRQHandler
                0x0000000000000234                SSP1_IRQHandler
                0x0000000000000234                USB_IRQHandler
                0x0000000000000234                BOD_IRQHandler
                0x0000000000000234                WDT_IRQHandler
                0x0000000000000234                QEI_IRQHandler
                0x0000000000000234                EINT0_IRQHandler
                0x0000000000000234                ETH_IRQHandler
                0x0000000000000234                DMA_IRQHandler
                0x0000000000000234                TIMER2_IRQHandler
                0x0000000000000234                MCPWM_IRQHandler
                0x0000000000000234                RIT_IRQHandler
                0x0000000000000234                I2C0_IRQHandler
                0x0000000000000234                USBActivity_IRQHandler
                0x0000000000000234                PWM1_IRQHandler
                0x0000000000000234                I2C1_IRQHandler
                0x0000000000000234                EINT2_IRQHandler
                0x0000000000000234                UART1_IRQHandler
                0x0000000000000234                CANActivity_IRQHandler
                0x0000000000000234                TIMER3_IRQHandler
                0x0000000000000234                UART0_IRQHandler
                0x00000000000002fc                . = 0x2fc
 *fill*         0x000000000000023c       0xc0 ff
                0x00000000000002fc                PROVIDE (__CRP_WORD_START__, .)
 *(.crp)
 .crp           0x00000000000002fc        0x4 ./src/crp.o
                0x00000000000002fc                CRP_WORD
                0x0000000000000300                PROVIDE (__CRP_WORD_END__, .)
                0x0000000000000001                ASSERT (! ((__CRP_WORD_START__ == __CRP_WORD_END__)), Linker CRP Enabled, but no CRP_WORD provided within application)
 *(.text*)
 .text._ZN12Adafruit_GFXC2Ess
                0x0000000000000300       0x84 ./src/Adafruit_GFX.o
                0x0000000000000300                Adafruit_GFX::Adafruit_GFX(short, short)
                0x0000000000000300                Adafruit_GFX::Adafruit_GFX(short, short)
 .text._ZN12Adafruit_GFX9writeLineEsssst
                0x0000000000000384      0x150 ./src/Adafruit_GFX.o
                0x0000000000000384                Adafruit_GFX::writeLine(short, short, short, short, unsigned short)
 .text._ZN12Adafruit_GFX10startWriteEv
                0x00000000000004d4       0x14 ./src/Adafruit_GFX.o
                0x00000000000004d4                Adafruit_GFX::startWrite()
 .text._ZN12Adafruit_GFX10writePixelEsst
                0x00000000000004e8       0x38 ./src/Adafruit_GFX.o
                0x00000000000004e8                Adafruit_GFX::writePixel(short, short, unsigned short)
 .text._ZN12Adafruit_GFX14writeFastVLineEssst
                0x0000000000000520       0x40 ./src/Adafruit_GFX.o
                0x0000000000000520                Adafruit_GFX::writeFastVLine(short, short, short, unsigned short)
 .text._ZN12Adafruit_GFX14writeFastHLineEssst
                0x0000000000000560       0x40 ./src/Adafruit_GFX.o
                0x0000000000000560                Adafruit_GFX::writeFastHLine(short, short, short, unsigned short)
 .text._ZN12Adafruit_GFX13writeFillRectEsssst
                0x00000000000005a0       0x48 ./src/Adafruit_GFX.o
                0x00000000000005a0                Adafruit_GFX::writeFillRect(short, short, short, short, unsigned short)
 .text._ZN12Adafruit_GFX8endWriteEv
                0x00000000000005e8       0x14 ./src/Adafruit_GFX.o
                0x00000000000005e8                Adafruit_GFX::endWrite()
 .text._ZN12Adafruit_GFX13drawFastVLineEssst
                0x00000000000005fc       0x6c ./src/Adafruit_GFX.o
                0x00000000000005fc                Adafruit_GFX::drawFastVLine(short, short, short, unsigned short)
 .text._ZN12Adafruit_GFX13drawFastHLineEssst
                0x0000000000000668       0x68 ./src/Adafruit_GFX.o
                0x0000000000000668                Adafruit_GFX::drawFastHLine(short, short, short, unsigned short)
 .text._ZN12Adafruit_GFX8fillRectEsssst
                0x00000000000006d0       0x7c ./src/Adafruit_GFX.o
                0x00000000000006d0                Adafruit_GFX::fillRect(short, short, short, short, unsigned short)
 .text._ZN12Adafruit_GFX10fillScreenEt
                0x000000000000074c       0x38 ./src/Adafruit_GFX.o
                0x000000000000074c                Adafruit_GFX::fillScreen(unsigned short)
 .text._ZN12Adafruit_GFX8drawLineEsssst
                0x0000000000000784      0x10c ./src/Adafruit_GFX.o
                0x0000000000000784                Adafruit_GFX::drawLine(short, short, short, short, unsigned short)
 .text._ZN12Adafruit_GFX8drawRectEsssst
                0x0000000000000890       0xc8 ./src/Adafruit_GFX.o
                0x0000000000000890                Adafruit_GFX::drawRect(short, short, short, short, unsigned short)
 .text._ZN12Adafruit_GFX8drawCharEsshtth
                0x0000000000000958      0x414 ./src/Adafruit_GFX.o
                0x0000000000000958                Adafruit_GFX::drawChar(short, short, unsigned char, unsigned short, unsigned short, unsigned char)
 .text._ZN12Adafruit_GFX5writeEh
                0x0000000000000d6c      0x23c ./src/Adafruit_GFX.o
                0x0000000000000d6c                Adafruit_GFX::write(unsigned char)
 .text._ZN12Adafruit_GFX9setCursorEss
                0x0000000000000fa8       0x28 ./src/Adafruit_GFX.o
                0x0000000000000fa8                Adafruit_GFX::setCursor(short, short)
 .text._ZN12Adafruit_GFX11setTextSizeEh
                0x0000000000000fd0       0x28 ./src/Adafruit_GFX.o
                0x0000000000000fd0                Adafruit_GFX::setTextSize(unsigned char)
 .text._ZN12Adafruit_GFX12setTextColorEt
                0x0000000000000ff8       0x24 ./src/Adafruit_GFX.o
                0x0000000000000ff8                Adafruit_GFX::setTextColor(unsigned short)
 .text._ZN12Adafruit_GFX11setRotationEh
                0x000000000000101c       0x70 ./src/Adafruit_GFX.o
                0x000000000000101c                Adafruit_GFX::setRotation(unsigned char)
 .text._ZNK12Adafruit_GFX5widthEv
                0x000000000000108c       0x18 ./src/Adafruit_GFX.o
                0x000000000000108c                Adafruit_GFX::width() const
 .text._ZNK12Adafruit_GFX6heightEv
                0x00000000000010a4       0x18 ./src/Adafruit_GFX.o
                0x00000000000010a4                Adafruit_GFX::height() const
 .text._ZN12Adafruit_GFX13invertDisplayEb
                0x00000000000010bc       0x18 ./src/Adafruit_GFX.o
                0x00000000000010bc                Adafruit_GFX::invertDisplay(bool)
 .text.Chip_GPIO_SetPinState
                0x00000000000010d4       0x68 ./src/Adafruit_ILI9341.o
 .text.Chip_GPIO_SetPinDIROutput
                0x000000000000113c       0x38 ./src/Adafruit_ILI9341.o
 .text.Chip_GPIO_SetPinDIRInput
                0x0000000000001174       0x3c ./src/Adafruit_ILI9341.o
 .text.SysTick_Handler
                0x00000000000011b0       0x1c ./src/Adafruit_ILI9341.o
                0x00000000000011b0                SysTick_Handler
 .text._Z5delaym
                0x00000000000011cc       0x40 ./src/Adafruit_ILI9341.o
                0x00000000000011cc                delay(unsigned long)
 .text._ZN16Adafruit_ILI9341C2Eaaaaaa
                0x000000000000120c       0x74 ./src/Adafruit_ILI9341.o
                0x000000000000120c                Adafruit_ILI9341::Adafruit_ILI9341(signed char, signed char, signed char, signed char, signed char, signed char)
                0x000000000000120c                Adafruit_ILI9341::Adafruit_ILI9341(signed char, signed char, signed char, signed char, signed char, signed char)
 .text._ZN16Adafruit_ILI93415beginEm
                0x0000000000001280      0x40c ./src/Adafruit_ILI9341.o
                0x0000000000001280                Adafruit_ILI9341::begin(unsigned long)
 .text._ZN16Adafruit_ILI934111setRotationEh
                0x000000000000168c       0xbc ./src/Adafruit_ILI9341.o
                0x000000000000168c                Adafruit_ILI9341::setRotation(unsigned char)
 .text._ZN16Adafruit_ILI934113invertDisplayEb
                0x0000000000001748       0x40 ./src/Adafruit_ILI9341.o
                0x0000000000001748                Adafruit_ILI9341::invertDisplay(bool)
 .text._ZN16Adafruit_ILI93418spiWriteEh
                0x0000000000001788       0x78 ./src/Adafruit_ILI9341.o
                0x0000000000001788                Adafruit_ILI9341::spiWrite(unsigned char)
 .text._ZN16Adafruit_ILI934110startWriteEv
                0x0000000000001800       0x24 ./src/Adafruit_ILI9341.o
                0x0000000000001800                Adafruit_ILI9341::startWrite()
 .text._ZN16Adafruit_ILI93418endWriteEv
                0x0000000000001824       0x24 ./src/Adafruit_ILI9341.o
                0x0000000000001824                Adafruit_ILI9341::endWrite()
 .text._ZN16Adafruit_ILI934112writeCommandEh
                0x0000000000001848       0x44 ./src/Adafruit_ILI9341.o
                0x0000000000001848                Adafruit_ILI9341::writeCommand(unsigned char)
 .text._ZN16Adafruit_ILI934113setAddrWindowEtttt
                0x000000000000188c       0xc8 ./src/Adafruit_ILI9341.o
                0x000000000000188c                Adafruit_ILI9341::setAddrWindow(unsigned short, unsigned short, unsigned short, unsigned short)
 .text._ZN16Adafruit_ILI934110writePixelEt
                0x0000000000001954       0x30 ./src/Adafruit_ILI9341.o
                0x0000000000001954                Adafruit_ILI9341::writePixel(unsigned short)
 .text._ZN16Adafruit_ILI934110writeColorEtm
                0x0000000000001984       0x48 ./src/Adafruit_ILI9341.o
                0x0000000000001984                Adafruit_ILI9341::writeColor(unsigned short, unsigned long)
 .text._ZN16Adafruit_ILI934110writePixelEsst
                0x00000000000019cc       0x6c ./src/Adafruit_ILI9341.o
                0x00000000000019cc                Adafruit_ILI9341::writePixel(short, short, unsigned short)
 .text._ZN16Adafruit_ILI934113writeFillRectEsssst
                0x0000000000001a38      0x100 ./src/Adafruit_ILI9341.o
                0x0000000000001a38                Adafruit_ILI9341::writeFillRect(short, short, short, short, unsigned short)
 .text._ZN16Adafruit_ILI934114writeFastVLineEssst
                0x0000000000001b38       0x44 ./src/Adafruit_ILI9341.o
                0x0000000000001b38                Adafruit_ILI9341::writeFastVLine(short, short, short, unsigned short)
 .text._ZN16Adafruit_ILI934114writeFastHLineEssst
                0x0000000000001b7c       0x44 ./src/Adafruit_ILI9341.o
                0x0000000000001b7c                Adafruit_ILI9341::writeFastHLine(short, short, short, unsigned short)
 .text._ZN16Adafruit_ILI93419drawPixelEsst
                0x0000000000001bc0       0x50 ./src/Adafruit_ILI9341.o
                0x0000000000001bc0                Adafruit_ILI9341::drawPixel(short, short, unsigned short)
 .text._ZN16Adafruit_ILI934113drawFastVLineEssst
                0x0000000000001c10       0x58 ./src/Adafruit_ILI9341.o
                0x0000000000001c10                Adafruit_ILI9341::drawFastVLine(short, short, short, unsigned short)
 .text._ZN16Adafruit_ILI934113drawFastHLineEssst
                0x0000000000001c68       0x58 ./src/Adafruit_ILI9341.o
                0x0000000000001c68                Adafruit_ILI9341::drawFastHLine(short, short, short, unsigned short)
 .text._ZN16Adafruit_ILI93418fillRectEsssst
                0x0000000000001cc0       0x60 ./src/Adafruit_ILI9341.o
                0x0000000000001cc0                Adafruit_ILI9341::fillRect(short, short, short, short, unsigned short)
 .text._ZdlPv   0x0000000000001d20       0x18 ./src/cr_cpp_config.o
                0x0000000000001d20                operator delete(void*)
 .text._ZN9__gnu_cxx27__verbose_terminate_handlerEv
                0x0000000000001d38        0x8 ./src/cr_cpp_config.o
                0x0000000000001d38                __gnu_cxx::__verbose_terminate_handler()
 .text.NVIC_EnableIRQ
                0x0000000000001d40       0x30 ./src/lcd.o
 .text.NVIC_ClearPendingIRQ
                0x0000000000001d70       0x34 ./src/lcd.o
 .text.NVIC_SetPriority
                0x0000000000001da4       0x54 ./src/lcd.o
 .text.SysTick_Config
                0x0000000000001df8       0x44 ./src/lcd.o
 .text.Chip_GPIO_SetPinState
                0x0000000000001e3c       0x68 ./src/lcd.o
 .text.Chip_GPIO_SetPinDIROutput
                0x0000000000001ea4       0x38 ./src/lcd.o
 .text.Chip_GPIO_SetPinDIRInput
                0x0000000000001edc       0x3c ./src/lcd.o
 .text.Chip_GPIOINT_SetIntRising
                0x0000000000001f18       0x2c ./src/lcd.o
 .text.Chip_GPIOINT_ClearIntStatus
                0x0000000000001f44       0x2c ./src/lcd.o
 .text.Chip_UART_ReadByte
                0x0000000000001f70       0x18 ./src/lcd.o
 .text.Chip_UART_IntEnable
                0x0000000000001f88       0x20 ./src/lcd.o
 .text.Chip_UART_SetupFIFOS
                0x0000000000001fa8       0x1c ./src/lcd.o
 .text.Chip_UART_ConfigData
                0x0000000000001fc4       0x1c ./src/lcd.o
 .text.Chip_UART_ReadLineStatus
                0x0000000000001fe0       0x18 ./src/lcd.o
 .text._ZN11touchDriverC2Eaaaaaaa
                0x0000000000001ff8       0x60 ./src/lcd.o
                0x0000000000001ff8                touchDriver::touchDriver(signed char, signed char, signed char, signed char, signed char, signed char, signed char)
                0x0000000000001ff8                touchDriver::touchDriver(signed char, signed char, signed char, signed char, signed char, signed char, signed char)
 .text._ZN11touchDriver15touchDriverInitEv
                0x0000000000002058       0xb8 ./src/lcd.o
                0x0000000000002058                touchDriver::touchDriverInit()
 .text._ZN11touchDriver11readDriverXEv
                0x0000000000002110       0x60 ./src/lcd.o
                0x0000000000002110                touchDriver::readDriverX()
 .text._ZN11touchDriver11readDriverYEv
                0x0000000000002170      0x15c ./src/lcd.o
                0x0000000000002170                touchDriver::readDriverY()
 .text.UART3_IRQHandler
                0x00000000000022cc       0xd4 ./src/lcd.o
                0x00000000000022cc                UART3_IRQHandler
 .text._Z10init_boundv
                0x00000000000023a0      0x160 ./src/lcd.o
                0x00000000000023a0                init_bound()
 .text.EINT3_IRQHandler
                0x0000000000002500       0x80 ./src/lcd.o
                0x0000000000002500                EINT3_IRQHandler
 .text.main     0x0000000000002580       0xac ./src/lcd.o
                0x0000000000002580                main
 .text._Z41__static_initialization_and_destruction_0ii
                0x000000000000262c       0x60 ./src/lcd.o
 .text._GLOBAL__sub_I_tft
                0x000000000000268c       0x10 ./src/lcd.o
 .text.SystemInit
                0x000000000000269c       0x24 ./src/sysinit.o
                0x000000000000269c                SystemInit
 .text.Chip_IOCON_Init
                0x00000000000026c0       0x18 /Users/zihanli/program/LPCXpresso_8.2.2/workspace/lpc_board_nxp_lpcxpresso_1769/Debug/liblpc_board_nxp_lpcxpresso_1769.a(board.o)
 .text.Chip_GPIO_Init
                0x00000000000026d8       0x18 /Users/zihanli/program/LPCXpresso_8.2.2/workspace/lpc_board_nxp_lpcxpresso_1769/Debug/liblpc_board_nxp_lpcxpresso_1769.a(board.o)
 .text.Chip_GPIO_SetPinState
                0x00000000000026f0       0x68 /Users/zihanli/program/LPCXpresso_8.2.2/workspace/lpc_board_nxp_lpcxpresso_1769/Debug/liblpc_board_nxp_lpcxpresso_1769.a(board.o)
 .text.Chip_GPIO_WritePortBit
                0x0000000000002758       0x2c /Users/zihanli/program/LPCXpresso_8.2.2/workspace/lpc_board_nxp_lpcxpresso_1769/Debug/liblpc_board_nxp_lpcxpresso_1769.a(board.o)
 .text.Chip_GPIO_GetPinState
                0x0000000000002784       0x38 /Users/zihanli/program/LPCXpresso_8.2.2/workspace/lpc_board_nxp_lpcxpresso_1769/Debug/liblpc_board_nxp_lpcxpresso_1769.a(board.o)
 .text.Chip_GPIO_ReadPortBit
                0x00000000000027bc       0x28 /Users/zihanli/program/LPCXpresso_8.2.2/workspace/lpc_board_nxp_lpcxpresso_1769/Debug/liblpc_board_nxp_lpcxpresso_1769.a(board.o)
 .text.Chip_GPIO_SetPinDIROutput
                0x00000000000027e4       0x38 /Users/zihanli/program/LPCXpresso_8.2.2/workspace/lpc_board_nxp_lpcxpresso_1769/Debug/liblpc_board_nxp_lpcxpresso_1769.a(board.o)
 .text.Chip_GPIO_SetPinDIRInput
                0x000000000000281c       0x3c /Users/zihanli/program/LPCXpresso_8.2.2/workspace/lpc_board_nxp_lpcxpresso_1769/Debug/liblpc_board_nxp_lpcxpresso_1769.a(board.o)
 .text.Chip_GPIO_SetPinDIR
                0x0000000000002858       0x44 /Users/zihanli/program/LPCXpresso_8.2.2/workspace/lpc_board_nxp_lpcxpresso_1769/Debug/liblpc_board_nxp_lpcxpresso_1769.a(board.o)
 .text.Chip_GPIO_WriteDirBit
                0x000000000000289c       0x30 /Users/zihanli/program/LPCXpresso_8.2.2/workspace/lpc_board_nxp_lpcxpresso_1769/Debug/liblpc_board_nxp_lpcxpresso_1769.a(board.o)
 .text.Chip_UART_ConfigData
                0x00000000000028cc       0x1c /Users/zihanli/program/LPCXpresso_8.2.2/workspace/lpc_board_nxp_lpcxpresso_1769/Debug/liblpc_board_nxp_lpcxpresso_1769.a(board.o)
 .text.Board_LED_Init
                0x00000000000028e8       0x18 /Users/zihanli/program/LPCXpresso_8.2.2/workspace/lpc_board_nxp_lpcxpresso_1769/Debug/liblpc_board_nxp_lpcxpresso_1769.a(board.o)
 .text.Board_UART_Init
                0x0000000000002900       0x14 /Users/zihanli/program/LPCXpresso_8.2.2/workspace/lpc_board_nxp_lpcxpresso_1769/Debug/liblpc_board_nxp_lpcxpresso_1769.a(board.o)
                0x0000000000002900                Board_UART_Init
 .text.Board_Debug_Init
                0x0000000000002914       0x30 /Users/zihanli/program/LPCXpresso_8.2.2/workspace/lpc_board_nxp_lpcxpresso_1769/Debug/liblpc_board_nxp_lpcxpresso_1769.a(board.o)
                0x0000000000002914                Board_Debug_Init
 .text.Board_LED_Set
                0x0000000000002944       0x30 /Users/zihanli/program/LPCXpresso_8.2.2/workspace/lpc_board_nxp_lpcxpresso_1769/Debug/liblpc_board_nxp_lpcxpresso_1769.a(board.o)
                0x0000000000002944                Board_LED_Set
 .text.Board_LED_Test
                0x0000000000002974       0x30 /Users/zihanli/program/LPCXpresso_8.2.2/workspace/lpc_board_nxp_lpcxpresso_1769/Debug/liblpc_board_nxp_lpcxpresso_1769.a(board.o)
                0x0000000000002974                Board_LED_Test
 .text.Board_LED_Toggle
                0x00000000000029a4       0x44 /Users/zihanli/program/LPCXpresso_8.2.2/workspace/lpc_board_nxp_lpcxpresso_1769/Debug/liblpc_board_nxp_lpcxpresso_1769.a(board.o)
                0x00000000000029a4                Board_LED_Toggle
 .text.Board_Init
                0x00000000000029e8       0x24 /Users/zihanli/program/LPCXpresso_8.2.2/workspace/lpc_board_nxp_lpcxpresso_1769/Debug/liblpc_board_nxp_lpcxpresso_1769.a(board.o)
                0x00000000000029e8                Board_Init
 .text.Chip_SYSCTL_SetFLASHAccess
                0x0000000000002a0c       0x30 /Users/zihanli/program/LPCXpresso_8.2.2/workspace/lpc_board_nxp_lpcxpresso_1769/Debug/liblpc_board_nxp_lpcxpresso_1769.a(board_sysinit.o)
 .text.Board_SetupMuxing
                0x0000000000002a3c       0x1c /Users/zihanli/program/LPCXpresso_8.2.2/workspace/lpc_board_nxp_lpcxpresso_1769/Debug/liblpc_board_nxp_lpcxpresso_1769.a(board_sysinit.o)
                0x0000000000002a3c                Board_SetupMuxing
 .text.Board_SetupClocking
                0x0000000000002a58       0x14 /Users/zihanli/program/LPCXpresso_8.2.2/workspace/lpc_board_nxp_lpcxpresso_1769/Debug/liblpc_board_nxp_lpcxpresso_1769.a(board_sysinit.o)
                0x0000000000002a58                Board_SetupClocking
 .text.Board_SystemInit
                0x0000000000002a6c       0x10 /Users/zihanli/program/LPCXpresso_8.2.2/workspace/lpc_board_nxp_lpcxpresso_1769/Debug/liblpc_board_nxp_lpcxpresso_1769.a(board_sysinit.o)
                0x0000000000002a6c                Board_SystemInit
 .text.getFullConvClk
                0x0000000000002a7c       0x10 /Users/zihanli/program/LPCXpresso_8.2.2/workspace/lpc_chip_175x_6x/Debug/liblpc_chip_175x_6x.a(adc_17xx_40xx.o)
 .text.getClkDiv
                0x0000000000002a8c       0x4c /Users/zihanli/program/LPCXpresso_8.2.2/workspace/lpc_chip_175x_6x/Debug/liblpc_chip_175x_6x.a(adc_17xx_40xx.o)
 .text.setStartMode
                0x0000000000002ad8       0x2c /Users/zihanli/program/LPCXpresso_8.2.2/workspace/lpc_chip_175x_6x/Debug/liblpc_chip_175x_6x.a(adc_17xx_40xx.o)
                0x0000000000002ad8                setStartMode
 .text.readAdcVal
                0x0000000000002b04       0x40 /Users/zihanli/program/LPCXpresso_8.2.2/workspace/lpc_chip_175x_6x/Debug/liblpc_chip_175x_6x.a(adc_17xx_40xx.o)
                0x0000000000002b04                readAdcVal
 .text.Chip_ADC_Init
                0x0000000000002b44       0x74 /Users/zihanli/program/LPCXpresso_8.2.2/workspace/lpc_chip_175x_6x/Debug/liblpc_chip_175x_6x.a(adc_17xx_40xx.o)
                0x0000000000002b44                Chip_ADC_Init
 .text.Chip_ADC_ReadValue
                0x0000000000002bb8       0x24 /Users/zihanli/program/LPCXpresso_8.2.2/workspace/lpc_chip_175x_6x/Debug/liblpc_chip_175x_6x.a(adc_17xx_40xx.o)
                0x0000000000002bb8                Chip_ADC_ReadValue
 .text.Chip_ADC_ReadStatus
                0x0000000000002bdc       0x78 /Users/zihanli/program/LPCXpresso_8.2.2/workspace/lpc_chip_175x_6x/Debug/liblpc_chip_175x_6x.a(adc_17xx_40xx.o)
                0x0000000000002bdc                Chip_ADC_ReadStatus
 .text.Chip_ADC_SetStartMode
                0x0000000000002c54       0x50 /Users/zihanli/program/LPCXpresso_8.2.2/workspace/lpc_chip_175x_6x/Debug/liblpc_chip_175x_6x.a(adc_17xx_40xx.o)
                0x0000000000002c54                Chip_ADC_SetStartMode
 .text.Chip_ADC_EnableChannel
                0x0000000000002ca4       0x54 /Users/zihanli/program/LPCXpresso_8.2.2/workspace/lpc_chip_175x_6x/Debug/liblpc_chip_175x_6x.a(adc_17xx_40xx.o)
                0x0000000000002ca4                Chip_ADC_EnableChannel
 .text.SystemCoreClockUpdate
                0x0000000000002cf8       0x18 /Users/zihanli/program/LPCXpresso_8.2.2/workspace/lpc_chip_175x_6x/Debug/liblpc_chip_175x_6x.a(chip_17xx_40xx.o)
                0x0000000000002cf8                SystemCoreClockUpdate
 .text.Chip_Clock_IsMainPLLEnabled
                0x0000000000002d10       0x24 /Users/zihanli/program/LPCXpresso_8.2.2/workspace/lpc_chip_175x_6x/Debug/liblpc_chip_175x_6x.a(clock_17xx_40xx.o)
 .text.Chip_Clock_IsMainPLLConnected
                0x0000000000002d34       0x24 /Users/zihanli/program/LPCXpresso_8.2.2/workspace/lpc_chip_175x_6x/Debug/liblpc_chip_175x_6x.a(clock_17xx_40xx.o)
 .text.Chip_Clock_FeedPLL
                0x0000000000002d58       0x34 /Users/zihanli/program/LPCXpresso_8.2.2/workspace/lpc_chip_175x_6x/Debug/liblpc_chip_175x_6x.a(clock_17xx_40xx.o)
 .text.Chip_Clock_GetMainPLLSource
                0x0000000000002d8c       0x20 /Users/zihanli/program/LPCXpresso_8.2.2/workspace/lpc_chip_175x_6x/Debug/liblpc_chip_175x_6x.a(clock_17xx_40xx.o)
 .text.Chip_Clock_GetMainOscRate
                0x0000000000002dac       0x14 /Users/zihanli/program/LPCXpresso_8.2.2/workspace/lpc_chip_175x_6x/Debug/liblpc_chip_175x_6x.a(clock_17xx_40xx.o)
 .text.Chip_Clock_GetIntOscRate
                0x0000000000002dc0       0x14 /Users/zihanli/program/LPCXpresso_8.2.2/workspace/lpc_chip_175x_6x/Debug/liblpc_chip_175x_6x.a(clock_17xx_40xx.o)
 .text.Chip_Clock_GetRTCOscRate
                0x0000000000002dd4       0x14 /Users/zihanli/program/LPCXpresso_8.2.2/workspace/lpc_chip_175x_6x/Debug/liblpc_chip_175x_6x.a(clock_17xx_40xx.o)
 .text.Chip_Clock_GetMainPLLInClockRate
                0x0000000000002de8       0x10 /Users/zihanli/program/LPCXpresso_8.2.2/workspace/lpc_chip_175x_6x/Debug/liblpc_chip_175x_6x.a(clock_17xx_40xx.o)
 .text.Chip_Clock_EnablePLL
                0x0000000000002df8       0x44 /Users/zihanli/program/LPCXpresso_8.2.2/workspace/lpc_chip_175x_6x/Debug/liblpc_chip_175x_6x.a(clock_17xx_40xx.o)
                0x0000000000002df8                Chip_Clock_EnablePLL
 .text.Chip_Clock_DisablePLL
                0x0000000000002e3c       0x48 /Users/zihanli/program/LPCXpresso_8.2.2/workspace/lpc_chip_175x_6x/Debug/liblpc_chip_175x_6x.a(clock_17xx_40xx.o)
                0x0000000000002e3c                Chip_Clock_DisablePLL
 .text.Chip_Clock_SetupPLL
                0x0000000000002e84       0x5c /Users/zihanli/program/LPCXpresso_8.2.2/workspace/lpc_chip_175x_6x/Debug/liblpc_chip_175x_6x.a(clock_17xx_40xx.o)
                0x0000000000002e84                Chip_Clock_SetupPLL
 .text.Chip_Clock_EnablePeriphClock
                0x0000000000002ee0       0x34 /Users/zihanli/program/LPCXpresso_8.2.2/workspace/lpc_chip_175x_6x/Debug/liblpc_chip_175x_6x.a(clock_17xx_40xx.o)
                0x0000000000002ee0                Chip_Clock_EnablePeriphClock
 .text.Chip_Clock_GetCPUClockSource
                0x0000000000002f14       0x24 /Users/zihanli/program/LPCXpresso_8.2.2/workspace/lpc_chip_175x_6x/Debug/liblpc_chip_175x_6x.a(clock_17xx_40xx.o)
                0x0000000000002f14                Chip_Clock_GetCPUClockSource
 .text.Chip_Clock_SetCPUClockDiv
                0x0000000000002f38       0x20 /Users/zihanli/program/LPCXpresso_8.2.2/workspace/lpc_chip_175x_6x/Debug/liblpc_chip_175x_6x.a(clock_17xx_40xx.o)
                0x0000000000002f38                Chip_Clock_SetCPUClockDiv
 .text.Chip_Clock_GetCPUClockDiv
                0x0000000000002f58       0x1c /Users/zihanli/program/LPCXpresso_8.2.2/workspace/lpc_chip_175x_6x/Debug/liblpc_chip_175x_6x.a(clock_17xx_40xx.o)
                0x0000000000002f58                Chip_Clock_GetCPUClockDiv
 .text.Chip_Clock_GetPCLKDiv
                0x0000000000002f74       0x8c /Users/zihanli/program/LPCXpresso_8.2.2/workspace/lpc_chip_175x_6x/Debug/liblpc_chip_175x_6x.a(clock_17xx_40xx.o)
                0x0000000000002f74                Chip_Clock_GetPCLKDiv
 .text.Chip_Clock_GetSYSCLKRate
                0x0000000000003000       0x34 /Users/zihanli/program/LPCXpresso_8.2.2/workspace/lpc_chip_175x_6x/Debug/liblpc_chip_175x_6x.a(clock_17xx_40xx.o)
                0x0000000000003000                Chip_Clock_GetSYSCLKRate
 .text.Chip_Clock_GetMainPLLOutClockRate
                0x0000000000003034       0x54 /Users/zihanli/program/LPCXpresso_8.2.2/workspace/lpc_chip_175x_6x/Debug/liblpc_chip_175x_6x.a(clock_17xx_40xx.o)
                0x0000000000003034                Chip_Clock_GetMainPLLOutClockRate
 .text.Chip_Clock_GetMainClockRate
                0x0000000000003088       0x28 /Users/zihanli/program/LPCXpresso_8.2.2/workspace/lpc_chip_175x_6x/Debug/liblpc_chip_175x_6x.a(clock_17xx_40xx.o)
                0x0000000000003088                Chip_Clock_GetMainClockRate
 .text.Chip_Clock_GetSystemClockRate
                0x00000000000030b0       0x18 /Users/zihanli/program/LPCXpresso_8.2.2/workspace/lpc_chip_175x_6x/Debug/liblpc_chip_175x_6x.a(clock_17xx_40xx.o)
                0x00000000000030b0                Chip_Clock_GetSystemClockRate
 .text.Chip_Clock_GetPeripheralClockRate
                0x00000000000030c8       0x28 /Users/zihanli/program/LPCXpresso_8.2.2/workspace/lpc_chip_175x_6x/Debug/liblpc_chip_175x_6x.a(clock_17xx_40xx.o)
                0x00000000000030c8                Chip_Clock_GetPeripheralClockRate
 .text.Chip_IOCON_PinMuxSet
                0x00000000000030f0       0x38 /Users/zihanli/program/LPCXpresso_8.2.2/workspace/lpc_chip_175x_6x/Debug/liblpc_chip_175x_6x.a(iocon_17xx_40xx.o)
                0x00000000000030f0                Chip_IOCON_PinMuxSet
 .text.Chip_IOCON_PinMux
                0x0000000000003128       0x94 /Users/zihanli/program/LPCXpresso_8.2.2/workspace/lpc_chip_175x_6x/Debug/liblpc_chip_175x_6x.a(iocon_17xx_40xx.o)
                0x0000000000003128                Chip_IOCON_PinMux
 .text.Chip_IOCON_SetPinMuxing
                0x00000000000031bc       0x64 /Users/zihanli/program/LPCXpresso_8.2.2/workspace/lpc_chip_175x_6x/Debug/liblpc_chip_175x_6x.a(iocon_17xx_40xx.o)
                0x00000000000031bc                Chip_IOCON_SetPinMuxing
 .text.Chip_Clock_IsMainPLLEnabled
                0x0000000000003220       0x24 /Users/zihanli/program/LPCXpresso_8.2.2/workspace/lpc_chip_175x_6x/Debug/liblpc_chip_175x_6x.a(sysinit_17xx_40xx.o)
 .text.Chip_Clock_IsMainPLLLocked
                0x0000000000003244       0x24 /Users/zihanli/program/LPCXpresso_8.2.2/workspace/lpc_chip_175x_6x/Debug/liblpc_chip_175x_6x.a(sysinit_17xx_40xx.o)
 .text.Chip_Clock_IsMainPLLConnected
                0x0000000000003268       0x24 /Users/zihanli/program/LPCXpresso_8.2.2/workspace/lpc_chip_175x_6x/Debug/liblpc_chip_175x_6x.a(sysinit_17xx_40xx.o)
 .text.Chip_Clock_EnableCrystal
                0x000000000000328c       0x20 /Users/zihanli/program/LPCXpresso_8.2.2/workspace/lpc_chip_175x_6x/Debug/liblpc_chip_175x_6x.a(sysinit_17xx_40xx.o)
 .text.Chip_Clock_IsCrystalEnabled
                0x00000000000032ac       0x24 /Users/zihanli/program/LPCXpresso_8.2.2/workspace/lpc_chip_175x_6x/Debug/liblpc_chip_175x_6x.a(sysinit_17xx_40xx.o)
 .text.Chip_Clock_SetMainPLLSource
                0x00000000000032d0       0x20 /Users/zihanli/program/LPCXpresso_8.2.2/workspace/lpc_chip_175x_6x/Debug/liblpc_chip_175x_6x.a(sysinit_17xx_40xx.o)
 .text.Chip_SetupXtalClocking
                0x00000000000032f0       0x90 /Users/zihanli/program/LPCXpresso_8.2.2/workspace/lpc_chip_175x_6x/Debug/liblpc_chip_175x_6x.a(sysinit_17xx_40xx.o)
                0x00000000000032f0                Chip_SetupXtalClocking
 .text.Chip_UART_SetupFIFOS
                0x0000000000003380       0x1c /Users/zihanli/program/LPCXpresso_8.2.2/workspace/lpc_chip_175x_6x/Debug/liblpc_chip_175x_6x.a(uart_17xx_40xx.o)
 .text.Chip_UART_ConfigData
                0x000000000000339c       0x1c /Users/zihanli/program/LPCXpresso_8.2.2/workspace/lpc_chip_175x_6x/Debug/liblpc_chip_175x_6x.a(uart_17xx_40xx.o)
 .text.Chip_UART_EnableDivisorAccess
                0x00000000000033b8       0x20 /Users/zihanli/program/LPCXpresso_8.2.2/workspace/lpc_chip_175x_6x/Debug/liblpc_chip_175x_6x.a(uart_17xx_40xx.o)
 .text.Chip_UART_DisableDivisorAccess
                0x00000000000033d8       0x20 /Users/zihanli/program/LPCXpresso_8.2.2/workspace/lpc_chip_175x_6x/Debug/liblpc_chip_175x_6x.a(uart_17xx_40xx.o)
 .text.Chip_UART_SetDivisorLatches
                0x00000000000033f8       0x28 /Users/zihanli/program/LPCXpresso_8.2.2/workspace/lpc_chip_175x_6x/Debug/liblpc_chip_175x_6x.a(uart_17xx_40xx.o)
 .text.Chip_UART_GetClockIndex
                0x0000000000003420       0x50 /Users/zihanli/program/LPCXpresso_8.2.2/workspace/lpc_chip_175x_6x/Debug/liblpc_chip_175x_6x.a(uart_17xx_40xx.o)
 .text.Chip_UART_GetClkIndex
                0x0000000000003470       0x50 /Users/zihanli/program/LPCXpresso_8.2.2/workspace/lpc_chip_175x_6x/Debug/liblpc_chip_175x_6x.a(uart_17xx_40xx.o)
 .text.Chip_UART_Init
                0x00000000000034c0       0x78 /Users/zihanli/program/LPCXpresso_8.2.2/workspace/lpc_chip_175x_6x/Debug/liblpc_chip_175x_6x.a(uart_17xx_40xx.o)
                0x00000000000034c0                Chip_UART_Init
 .text.Chip_UART_TXEnable
                0x0000000000003538       0x18 /Users/zihanli/program/LPCXpresso_8.2.2/workspace/lpc_chip_175x_6x/Debug/liblpc_chip_175x_6x.a(uart_17xx_40xx.o)
                0x0000000000003538                Chip_UART_TXEnable
 .text.Chip_UART_TXDisable
                0x0000000000003550       0x18 /Users/zihanli/program/LPCXpresso_8.2.2/workspace/lpc_chip_175x_6x/Debug/liblpc_chip_175x_6x.a(uart_17xx_40xx.o)
                0x0000000000003550                Chip_UART_TXDisable
 .text.Chip_UART_SetBaud
                0x0000000000003568       0x64 /Users/zihanli/program/LPCXpresso_8.2.2/workspace/lpc_chip_175x_6x/Debug/liblpc_chip_175x_6x.a(uart_17xx_40xx.o)
                0x0000000000003568                Chip_UART_SetBaud
 .text.abs      0x00000000000035cc        0x8 /Applications/lpcxpresso_8.2.2_650/lpcxpresso/tools/bin/../lib/gcc/arm-none-eabi/5.4.1/../../../../arm-none-eabi/lib/armv7-m/libc.a(lib_a-abs.o)
                0x00000000000035cc                abs
 .text.__libc_init_array
                0x00000000000035d4       0x50 /Applications/lpcxpresso_8.2.2_650/lpcxpresso/tools/bin/../lib/gcc/arm-none-eabi/5.4.1/../../../../arm-none-eabi/lib/armv7-m/libc.a(lib_a-init.o)
                0x00000000000035d4                __libc_init_array
 .text.malloc   0x0000000000003624       0x10 /Applications/lpcxpresso_8.2.2_650/lpcxpresso/tools/bin/../lib/gcc/arm-none-eabi/5.4.1/../../../../arm-none-eabi/lib/armv7-m/libc.a(lib_a-malloc.o)
                0x0000000000003624                malloc
 .text.free     0x0000000000003634       0x10 /Applications/lpcxpresso_8.2.2_650/lpcxpresso/tools/bin/../lib/gcc/arm-none-eabi/5.4.1/../../../../arm-none-eabi/lib/armv7-m/libc.a(lib_a-malloc.o)
                0x0000000000003634                free
 .text._malloc_r
                0x0000000000003644      0x558 /Applications/lpcxpresso_8.2.2_650/lpcxpresso/tools/bin/../lib/gcc/arm-none-eabi/5.4.1/../../../../arm-none-eabi/lib/armv7-m/libc.a(lib_a-mallocr.o)
                0x0000000000003644                _malloc_r
 .text          0x0000000000003b9c       0xec /Applications/lpcxpresso_8.2.2_650/lpcxpresso/tools/bin/../lib/gcc/arm-none-eabi/5.4.1/../../../../arm-none-eabi/lib/armv7-m/libc.a(lib_a-memcpy.o)
                0x0000000000003b9c                memcpy
 .text.memset   0x0000000000003c88       0x9c /Applications/lpcxpresso_8.2.2_650/lpcxpresso/tools/bin/../lib/gcc/arm-none-eabi/5.4.1/../../../../arm-none-eabi/lib/armv7-m/libc.a(lib_a-memset.o)
                0x0000000000003c88                memset
 .text.__malloc_lock
                0x0000000000003d24        0x4 /Applications/lpcxpresso_8.2.2_650/lpcxpresso/tools/bin/../lib/gcc/arm-none-eabi/5.4.1/../../../../arm-none-eabi/lib/armv7-m/libc.a(lib_a-mlock.o)
                0x0000000000003d24                __malloc_lock
 .text.__malloc_unlock
                0x0000000000003d28        0x4 /Applications/lpcxpresso_8.2.2_650/lpcxpresso/tools/bin/../lib/gcc/arm-none-eabi/5.4.1/../../../../arm-none-eabi/lib/armv7-m/libc.a(lib_a-mlock.o)
                0x0000000000003d28                __malloc_unlock
 .text._sbrk_r  0x0000000000003d2c       0x24 /Applications/lpcxpresso_8.2.2_650/lpcxpresso/tools/bin/../lib/gcc/arm-none-eabi/5.4.1/../../../../arm-none-eabi/lib/armv7-m/libc.a(lib_a-sbrkr.o)
                0x0000000000003d2c                _sbrk_r
 .text._malloc_trim_r
                0x0000000000003d50       0x9c /Applications/lpcxpresso_8.2.2_650/lpcxpresso/tools/bin/../lib/gcc/arm-none-eabi/5.4.1/../../../../arm-none-eabi/lib/armv7-m/libc.a(lib_a-freer.o)
                0x0000000000003d50                _malloc_trim_r
 .text._free_r  0x0000000000003dec      0x1d0 /Applications/lpcxpresso_8.2.2_650/lpcxpresso/tools/bin/../lib/gcc/arm-none-eabi/5.4.1/../../../../arm-none-eabi/lib/armv7-m/libc.a(lib_a-freer.o)
                0x0000000000003dec                _free_r
 .text.__cxa_pure_virtual
                0x0000000000003fbc       0x14 /Applications/lpcxpresso_8.2.2_650/lpcxpresso/tools/bin/../lib/gcc/arm-none-eabi/5.4.1/../../../../arm-none-eabi/lib/armv7-m/libstdc++.a(pure.o)
                0x0000000000003fbc                __cxa_pure_virtual
 .text._ZN10__cxxabiv111__terminateEPFvvE
                0x0000000000003fd0       0x28 /Applications/lpcxpresso_8.2.2_650/lpcxpresso/tools/bin/../lib/gcc/arm-none-eabi/5.4.1/../../../../arm-none-eabi/lib/armv7-m/libstdc++.a(eh_terminate.o)
                0x0000000000003fd0                __cxxabiv1::__terminate(void (*)())
 .text._ZSt9terminatev
                0x0000000000003ff8       0x14 /Applications/lpcxpresso_8.2.2_650/lpcxpresso/tools/bin/../lib/gcc/arm-none-eabi/5.4.1/../../../../arm-none-eabi/lib/armv7-m/libstdc++.a(eh_terminate.o)
                0x0000000000003ff8                std::terminate()
 .text._ZN10__cxxabiv112__unexpectedEPFvvE
                0x000000000000400c        0x8 /Applications/lpcxpresso_8.2.2_650/lpcxpresso/tools/bin/../lib/gcc/arm-none-eabi/5.4.1/../../../../arm-none-eabi/lib/armv7-m/libstdc++.a(eh_terminate.o)
                0x000000000000400c                __cxxabiv1::__unexpected(void (*)())
 .text._ZSt10unexpectedv
                0x0000000000004014       0x14 /Applications/lpcxpresso_8.2.2_650/lpcxpresso/tools/bin/../lib/gcc/arm-none-eabi/5.4.1/../../../../arm-none-eabi/lib/armv7-m/libstdc++.a(eh_terminate.o)
                0x0000000000004014                std::unexpected()
 .text._ZSt13get_terminatev
                0x0000000000004028       0x10 /Applications/lpcxpresso_8.2.2_650/lpcxpresso/tools/bin/../lib/gcc/arm-none-eabi/5.4.1/../../../../arm-none-eabi/lib/armv7-m/libstdc++.a(eh_terminate.o)
                0x0000000000004028                std::get_terminate()
 .text._ZSt14get_unexpectedv
                0x0000000000004038       0x10 /Applications/lpcxpresso_8.2.2_650/lpcxpresso/tools/bin/../lib/gcc/arm-none-eabi/5.4.1/../../../../arm-none-eabi/lib/armv7-m/libstdc++.a(eh_terminate.o)
                0x0000000000004038                std::get_unexpected()
 .text.__cxa_end_cleanup
                0x0000000000004048        0xc /Applications/lpcxpresso_8.2.2_650/lpcxpresso/tools/bin/../lib/gcc/arm-none-eabi/5.4.1/../../../../arm-none-eabi/lib/armv7-m/libstdc++.a(eh_arm.o)
                0x0000000000004048                __cxa_end_cleanup
 .text.__cxa_type_match
                0x0000000000004054       0xb0 /Applications/lpcxpresso_8.2.2_650/lpcxpresso/tools/bin/../lib/gcc/arm-none-eabi/5.4.1/../../../../arm-none-eabi/lib/armv7-m/libstdc++.a(eh_arm.o)
                0x0000000000004054                __cxa_type_match
 .text.__cxa_begin_cleanup
                0x0000000000004104       0x64 /Applications/lpcxpresso_8.2.2_650/lpcxpresso/tools/bin/../lib/gcc/arm-none-eabi/5.4.1/../../../../arm-none-eabi/lib/armv7-m/libstdc++.a(eh_arm.o)
                0x0000000000004104                __cxa_begin_cleanup
 .text.__gnu_end_cleanup
                0x0000000000004168       0x70 /Applications/lpcxpresso_8.2.2_650/lpcxpresso/tools/bin/../lib/gcc/arm-none-eabi/5.4.1/../../../../arm-none-eabi/lib/armv7-m/libstdc++.a(eh_arm.o)
                0x0000000000004168                __gnu_end_cleanup
 .text._ZN10__cxxabiv1L24__is_gxx_exception_classEPc
                0x00000000000041d8       0x3c /Applications/lpcxpresso_8.2.2_650/lpcxpresso/tools/bin/../lib/gcc/arm-none-eabi/5.4.1/../../../../arm-none-eabi/lib/armv7-m/libstdc++.a(eh_call.o)
 .text.__cxa_call_terminate
                0x0000000000004214       0x20 /Applications/lpcxpresso_8.2.2_650/lpcxpresso/tools/bin/../lib/gcc/arm-none-eabi/5.4.1/../../../../arm-none-eabi/lib/armv7-m/libstdc++.a(eh_call.o)
                0x0000000000004214                __cxa_call_terminate
 .text.__cxa_call_unexpected
                0x0000000000004234       0xec /Applications/lpcxpresso_8.2.2_650/lpcxpresso/tools/bin/../lib/gcc/arm-none-eabi/5.4.1/../../../../arm-none-eabi/lib/armv7-m/libstdc++.a(eh_call.o)
                0x0000000000004234                __cxa_call_unexpected
 .text.__cxa_begin_catch
                0x0000000000004320       0x8c /Applications/lpcxpresso_8.2.2_650/lpcxpresso/tools/bin/../lib/gcc/arm-none-eabi/5.4.1/../../../../arm-none-eabi/lib/armv7-m/libstdc++.a(eh_catch.o)
                0x0000000000004320                __cxa_begin_catch
 .text.__cxa_end_catch
                0x00000000000043ac       0x8c /Applications/lpcxpresso_8.2.2_650/lpcxpresso/tools/bin/../lib/gcc/arm-none-eabi/5.4.1/../../../../arm-none-eabi/lib/armv7-m/libstdc++.a(eh_catch.o)
                0x00000000000043ac                __cxa_end_catch
 .text._ZNSt13bad_exceptionD2Ev
                0x0000000000004438        0x4 /Applications/lpcxpresso_8.2.2_650/lpcxpresso/tools/bin/../lib/gcc/arm-none-eabi/5.4.1/../../../../arm-none-eabi/lib/armv7-m/libstdc++.a(eh_exception.o)
                0x0000000000004438                std::bad_exception::~bad_exception()
                0x0000000000004438                std::bad_exception::~bad_exception()
 .text._ZNKSt13bad_exception4whatEv
                0x000000000000443c        0x8 /Applications/lpcxpresso_8.2.2_650/lpcxpresso/tools/bin/../lib/gcc/arm-none-eabi/5.4.1/../../../../arm-none-eabi/lib/armv7-m/libstdc++.a(eh_exception.o)
                0x000000000000443c                std::bad_exception::what() const
 .text._ZNSt13bad_exceptionD0Ev
                0x0000000000004444        0xc /Applications/lpcxpresso_8.2.2_650/lpcxpresso/tools/bin/../lib/gcc/arm-none-eabi/5.4.1/../../../../arm-none-eabi/lib/armv7-m/libstdc++.a(eh_exception.o)
                0x0000000000004444                std::bad_exception::~bad_exception()
 .text.__cxa_get_globals_fast
                0x0000000000004450        0x8 /Applications/lpcxpresso_8.2.2_650/lpcxpresso/tools/bin/../lib/gcc/arm-none-eabi/5.4.1/../../../../arm-none-eabi/lib/armv7-m/libstdc++.a(eh_globals.o)
                0x0000000000004450                __cxa_get_globals_fast
 .text.__cxa_get_globals
                0x0000000000004458        0x8 /Applications/lpcxpresso_8.2.2_650/lpcxpresso/tools/bin/../lib/gcc/arm-none-eabi/5.4.1/../../../../arm-none-eabi/lib/armv7-m/libstdc++.a(eh_globals.o)
                0x0000000000004458                __cxa_get_globals
 .text._ZL28read_encoded_value_with_basehjPKhPj
                0x0000000000004460       0xc0 /Applications/lpcxpresso_8.2.2_650/lpcxpresso/tools/bin/../lib/gcc/arm-none-eabi/5.4.1/../../../../arm-none-eabi/lib/armv7-m/libstdc++.a(eh_personality.o)
 .text._ZL21base_of_encoded_valuehP15_Unwind_Context
                0x0000000000004520       0x4c /Applications/lpcxpresso_8.2.2_650/lpcxpresso/tools/bin/../lib/gcc/arm-none-eabi/5.4.1/../../../../arm-none-eabi/lib/armv7-m/libstdc++.a(eh_personality.o)
 .text._ZL17parse_lsda_headerP15_Unwind_ContextPKhP16lsda_header_info
                0x000000000000456c       0x94 /Applications/lpcxpresso_8.2.2_650/lpcxpresso/tools/bin/../lib/gcc/arm-none-eabi/5.4.1/../../../../arm-none-eabi/lib/armv7-m/libstdc++.a(eh_personality.o)
 .text.__gxx_personality_v0
                0x0000000000004600      0x4b0 /Applications/lpcxpresso_8.2.2_650/lpcxpresso/tools/bin/../lib/gcc/arm-none-eabi/5.4.1/../../../../arm-none-eabi/lib/armv7-m/libstdc++.a(eh_personality.o)
                0x0000000000004600                __gxx_personality_v0
 .text._ZL23__gxx_exception_cleanup19_Unwind_Reason_CodeP21_Unwind_Control_Block
                0x0000000000004ab0       0x44 /Applications/lpcxpresso_8.2.2_650/lpcxpresso/tools/bin/../lib/gcc/arm-none-eabi/5.4.1/../../../../arm-none-eabi/lib/armv7-m/libstdc++.a(eh_throw.o)
 .text.__cxa_throw
                0x0000000000004af4       0x7c /Applications/lpcxpresso_8.2.2_650/lpcxpresso/tools/bin/../lib/gcc/arm-none-eabi/5.4.1/../../../../arm-none-eabi/lib/armv7-m/libstdc++.a(eh_throw.o)
                0x0000000000004af4                __cxa_throw
 .text.__cxa_rethrow
                0x0000000000004b70       0x70 /Applications/lpcxpresso_8.2.2_650/lpcxpresso/tools/bin/../lib/gcc/arm-none-eabi/5.4.1/../../../../arm-none-eabi/lib/armv7-m/libstdc++.a(eh_throw.o)
                0x0000000000004b70                __cxa_rethrow
 .text._ZN10__cxxabiv120__si_class_type_infoD2Ev
                0x0000000000004be0       0x14 /Applications/lpcxpresso_8.2.2_650/lpcxpresso/tools/bin/../lib/gcc/arm-none-eabi/5.4.1/../../../../arm-none-eabi/lib/armv7-m/libstdc++.a(si_class_type_info.o)
                0x0000000000004be0                __cxxabiv1::__si_class_type_info::~__si_class_type_info()
                0x0000000000004be0                __cxxabiv1::__si_class_type_info::~__si_class_type_info()
 .text._ZN10__cxxabiv120__si_class_type_infoD0Ev
                0x0000000000004bf4       0x1c /Applications/lpcxpresso_8.2.2_650/lpcxpresso/tools/bin/../lib/gcc/arm-none-eabi/5.4.1/../../../../arm-none-eabi/lib/armv7-m/libstdc++.a(si_class_type_info.o)
                0x0000000000004bf4                __cxxabiv1::__si_class_type_info::~__si_class_type_info()
 .text._ZNK10__cxxabiv120__si_class_type_info12__do_dyncastEiNS_17__class_type_info10__sub_kindEPKS1_PKvS4_S6_RNS1_16__dyncast_resultE
                0x0000000000004c10       0x98 /Applications/lpcxpresso_8.2.2_650/lpcxpresso/tools/bin/../lib/gcc/arm-none-eabi/5.4.1/../../../../arm-none-eabi/lib/armv7-m/libstdc++.a(si_class_type_info.o)
                0x0000000000004c10                __cxxabiv1::__si_class_type_info::__do_dyncast(int, __cxxabiv1::__class_type_info::__sub_kind, __cxxabiv1::__class_type_info const*, void const*, __cxxabiv1::__class_type_info const*, void const*, __cxxabiv1::__class_type_info::__dyncast_result&) const
 .text._ZNK10__cxxabiv120__si_class_type_info20__do_find_public_srcEiPKvPKNS_17__class_type_infoES2_
                0x0000000000004ca8       0x3c /Applications/lpcxpresso_8.2.2_650/lpcxpresso/tools/bin/../lib/gcc/arm-none-eabi/5.4.1/../../../../arm-none-eabi/lib/armv7-m/libstdc++.a(si_class_type_info.o)
                0x0000000000004ca8                __cxxabiv1::__si_class_type_info::__do_find_public_src(int, void const*, __cxxabiv1::__class_type_info const*, void const*) const
 .text._ZNK10__cxxabiv120__si_class_type_info11__do_upcastEPKNS_17__class_type_infoEPKvRNS1_15__upcast_resultE
                0x0000000000004ce4       0x2c /Applications/lpcxpresso_8.2.2_650/lpcxpresso/tools/bin/../lib/gcc/arm-none-eabi/5.4.1/../../../../arm-none-eabi/lib/armv7-m/libstdc++.a(si_class_type_info.o)
                0x0000000000004ce4                __cxxabiv1::__si_class_type_info::__do_upcast(__cxxabiv1::__class_type_info const*, void const*, __cxxabiv1::__class_type_info::__upcast_result&) const
 .text._ZNSt9type_infoD2Ev
                0x0000000000004d10        0x4 /Applications/lpcxpresso_8.2.2_650/lpcxpresso/tools/bin/../lib/gcc/arm-none-eabi/5.4.1/../../../../arm-none-eabi/lib/armv7-m/libstdc++.a(tinfo.o)
                0x0000000000004d10                std::type_info::~type_info()
                0x0000000000004d10                std::type_info::~type_info()
 .text._ZNKSt9type_info15__is_function_pEv
                0x0000000000004d14        0x4 /Applications/lpcxpresso_8.2.2_650/lpcxpresso/tools/bin/../lib/gcc/arm-none-eabi/5.4.1/../../../../arm-none-eabi/lib/armv7-m/libstdc++.a(tinfo.o)
                0x0000000000004d14                std::type_info::__is_function_p() const
                0x0000000000004d14                std::type_info::__is_pointer_p() const
 .text._ZNKSt9type_infoeqERKS_
                0x0000000000004d18       0x2c /Applications/lpcxpresso_8.2.2_650/lpcxpresso/tools/bin/../lib/gcc/arm-none-eabi/5.4.1/../../../../arm-none-eabi/lib/armv7-m/libstdc++.a(tinfo.o)
                0x0000000000004d18                std::type_info::operator==(std::type_info const&) const
 .text._ZNK10__cxxabiv117__class_type_info11__do_upcastEPKS0_PPv
                0x0000000000004d44       0x38 /Applications/lpcxpresso_8.2.2_650/lpcxpresso/tools/bin/../lib/gcc/arm-none-eabi/5.4.1/../../../../arm-none-eabi/lib/armv7-m/libstdc++.a(class_type_info.o)
                0x0000000000004d44                __cxxabiv1::__class_type_info::__do_upcast(__cxxabiv1::__class_type_info const*, void**) const
 .text._ZNK10__cxxabiv117__class_type_info20__do_find_public_srcEiPKvPKS0_S2_
                0x0000000000004d7c        0xc /Applications/lpcxpresso_8.2.2_650/lpcxpresso/tools/bin/../lib/gcc/arm-none-eabi/5.4.1/../../../../arm-none-eabi/lib/armv7-m/libstdc++.a(class_type_info.o)
                0x0000000000004d7c                __cxxabiv1::__class_type_info::__do_find_public_src(int, void const*, __cxxabiv1::__class_type_info const*, void const*) const
 .text._ZN10__cxxabiv117__class_type_infoD2Ev
                0x0000000000004d88       0x14 /Applications/lpcxpresso_8.2.2_650/lpcxpresso/tools/bin/../lib/gcc/arm-none-eabi/5.4.1/../../../../arm-none-eabi/lib/armv7-m/libstdc++.a(class_type_info.o)
                0x0000000000004d88                __cxxabiv1::__class_type_info::~__class_type_info()
                0x0000000000004d88                __cxxabiv1::__class_type_info::~__class_type_info()
 .text._ZN10__cxxabiv117__class_type_infoD0Ev
                0x0000000000004d9c       0x1c /Applications/lpcxpresso_8.2.2_650/lpcxpresso/tools/bin/../lib/gcc/arm-none-eabi/5.4.1/../../../../arm-none-eabi/lib/armv7-m/libstdc++.a(class_type_info.o)
                0x0000000000004d9c                __cxxabiv1::__class_type_info::~__class_type_info()
 .text._ZNK10__cxxabiv117__class_type_info11__do_upcastEPKS0_PKvRNS0_15__upcast_resultE
                0x0000000000004db8       0x18 /Applications/lpcxpresso_8.2.2_650/lpcxpresso/tools/bin/../lib/gcc/arm-none-eabi/5.4.1/../../../../arm-none-eabi/lib/armv7-m/libstdc++.a(class_type_info.o)
                0x0000000000004db8                __cxxabiv1::__class_type_info::__do_upcast(__cxxabiv1::__class_type_info const*, void const*, __cxxabiv1::__class_type_info::__upcast_result&) const
 .text._ZNK10__cxxabiv117__class_type_info12__do_dyncastEiNS0_10__sub_kindEPKS0_PKvS3_S5_RNS0_16__dyncast_resultE
                0x0000000000004dd0       0x40 /Applications/lpcxpresso_8.2.2_650/lpcxpresso/tools/bin/../lib/gcc/arm-none-eabi/5.4.1/../../../../arm-none-eabi/lib/armv7-m/libstdc++.a(class_type_info.o)
                0x0000000000004dd0                __cxxabiv1::__class_type_info::__do_dyncast(int, __cxxabiv1::__class_type_info::__sub_kind, __cxxabiv1::__class_type_info const*, void const*, __cxxabiv1::__class_type_info const*, void const*, __cxxabiv1::__class_type_info::__dyncast_result&) const
 .text._ZNK10__cxxabiv117__class_type_info10__do_catchEPKSt9type_infoPPvj
                0x0000000000004e10       0x2c /Applications/lpcxpresso_8.2.2_650/lpcxpresso/tools/bin/../lib/gcc/arm-none-eabi/5.4.1/../../../../arm-none-eabi/lib/armv7-m/libstdc++.a(class_type_info.o)
                0x0000000000004e10                __cxxabiv1::__class_type_info::__do_catch(std::type_info const*, void**, unsigned int) const
 .text._ZN12_GLOBAL__N_14pool4freeEPv.constprop.4
                0x0000000000004e3c       0x7c /Applications/lpcxpresso_8.2.2_650/lpcxpresso/tools/bin/../lib/gcc/arm-none-eabi/5.4.1/../../../../arm-none-eabi/lib/armv7-m/libstdc++.a(eh_alloc.o)
 .text._ZN12_GLOBAL__N_14pool8allocateEj.constprop.5
                0x0000000000004eb8       0x64 /Applications/lpcxpresso_8.2.2_650/lpcxpresso/tools/bin/../lib/gcc/arm-none-eabi/5.4.1/../../../../arm-none-eabi/lib/armv7-m/libstdc++.a(eh_alloc.o)
 .text.__cxa_allocate_exception
                0x0000000000004f1c       0x30 /Applications/lpcxpresso_8.2.2_650/lpcxpresso/tools/bin/../lib/gcc/arm-none-eabi/5.4.1/../../../../arm-none-eabi/lib/armv7-m/libstdc++.a(eh_alloc.o)
                0x0000000000004f1c                __cxa_allocate_exception
 .text.__cxa_free_exception
                0x0000000000004f4c       0x20 /Applications/lpcxpresso_8.2.2_650/lpcxpresso/tools/bin/../lib/gcc/arm-none-eabi/5.4.1/../../../../arm-none-eabi/lib/armv7-m/libstdc++.a(eh_alloc.o)
                0x0000000000004f4c                __cxa_free_exception
 .text.startup._GLOBAL__sub_I___cxa_allocate_exception
                0x0000000000004f6c       0x28 /Applications/lpcxpresso_8.2.2_650/lpcxpresso/tools/bin/../lib/gcc/arm-none-eabi/5.4.1/../../../../arm-none-eabi/lib/armv7-m/libstdc++.a(eh_alloc.o)
 .text._sbrk    0x0000000000004f94       0x3c /Applications/lpcxpresso_8.2.2_650/lpcxpresso/tools/bin/../lib/gcc/arm-none-eabi/5.4.1/../../../../arm-none-eabi/lib/armv7-m/libcr_newlib_nohost.a(_cr_sbrk.o)
                0x0000000000004f94                _sbrk
 .text.abort    0x0000000000004fd0        0x2 /Applications/lpcxpresso_8.2.2_650/lpcxpresso/tools/bin/../lib/gcc/arm-none-eabi/5.4.1/../../../../arm-none-eabi/lib/armv7-m/libcr_newlib_nohost.a(cr_abort.o)
                0x0000000000004fd0                abort
 *fill*         0x0000000000004fd2        0x2 ff
 .text.__check_heap_overflow
                0x0000000000004fd4       0x18 /Applications/lpcxpresso_8.2.2_650/lpcxpresso/tools/bin/../lib/gcc/arm-none-eabi/5.4.1/../../../../arm-none-eabi/lib/armv7-m/libcr_newlib_nohost.a(_cr_check_heap.o)
                0x0000000000004fd4                __check_heap_overflow
 .text          0x0000000000004fec       0x5c /Applications/lpcxpresso_8.2.2_650/lpcxpresso/tools/bin/../lib/gcc/arm-none-eabi/5.4.1/armv7-m/crtbegin.o
 .text          0x0000000000005048      0x9e4 /Applications/lpcxpresso_8.2.2_650/lpcxpresso/tools/bin/../lib/gcc/arm-none-eabi/5.4.1/armv7-m/libgcc.a(unwind-arm.o)
                0x0000000000005308                _Unwind_GetCFA
                0x000000000000530c                __gnu_Unwind_RaiseException
                0x000000000000536c                __gnu_Unwind_ForcedUnwind
                0x0000000000005380                __gnu_Unwind_Resume
                0x00000000000053c4                __gnu_Unwind_Resume_or_Rethrow
                0x00000000000053d8                _Unwind_Complete
                0x00000000000053dc                _Unwind_DeleteException
                0x00000000000053e8                _Unwind_VRS_Get
                0x0000000000005434                _Unwind_VRS_Set
                0x0000000000005484                __gnu_Unwind_Backtrace
                0x00000000000057d0                __aeabi_unwind_cpp_pr0
                0x00000000000057d4                __aeabi_unwind_cpp_pr1
                0x00000000000057d8                __aeabi_unwind_cpp_pr2
                0x00000000000057dc                _Unwind_VRS_Pop
 .text          0x0000000000005a2c      0x1ac /Applications/lpcxpresso_8.2.2_650/lpcxpresso/tools/bin/../lib/gcc/arm-none-eabi/5.4.1/armv7-m/libgcc.a(libunwind.o)
                0x0000000000005a2c                __restore_core_regs
                0x0000000000005a2c                restore_core_regs
                0x0000000000005a44                __gnu_Unwind_Restore_VFP
                0x0000000000005a4c                __gnu_Unwind_Save_VFP
                0x0000000000005a54                __gnu_Unwind_Restore_VFP_D
                0x0000000000005a5c                __gnu_Unwind_Save_VFP_D
                0x0000000000005a64                __gnu_Unwind_Restore_VFP_D_16_to_31
                0x0000000000005a6c                __gnu_Unwind_Save_VFP_D_16_to_31
                0x0000000000005a74                __gnu_Unwind_Restore_WMMXD
                0x0000000000005ab8                __gnu_Unwind_Save_WMMXD
                0x0000000000005afc                __gnu_Unwind_Restore_WMMXC
                0x0000000000005b10                __gnu_Unwind_Save_WMMXC
                0x0000000000005b24                _Unwind_RaiseException
                0x0000000000005b24                ___Unwind_RaiseException
                0x0000000000005b48                ___Unwind_Resume
                0x0000000000005b48                _Unwind_Resume
                0x0000000000005b6c                ___Unwind_Resume_or_Rethrow
                0x0000000000005b6c                _Unwind_Resume_or_Rethrow
                0x0000000000005b90                _Unwind_ForcedUnwind
                0x0000000000005b90                ___Unwind_ForcedUnwind
                0x0000000000005bb4                _Unwind_Backtrace
                0x0000000000005bb4                ___Unwind_Backtrace
 .text          0x0000000000005bd8      0x354 /Applications/lpcxpresso_8.2.2_650/lpcxpresso/tools/bin/../lib/gcc/arm-none-eabi/5.4.1/armv7-m/libgcc.a(pr-support.o)
                0x0000000000005c30                __gnu_unwind_execute
                0x0000000000005ed4                __gnu_unwind_frame
                0x0000000000005efc                _Unwind_GetRegionStart
                0x0000000000005f08                _Unwind_GetLanguageSpecificData
                0x0000000000005f1c                _Unwind_GetTextRelBase
                0x0000000000005f24                _Unwind_GetDataRelBase
 .text.__errno  0x0000000000005f2c        0xc /Applications/lpcxpresso_8.2.2_650/lpcxpresso/tools/bin/../lib/gcc/arm-none-eabi/5.4.1/../../../../arm-none-eabi/lib/armv7-m/libc.a(lib_a-errno.o)
                0x0000000000005f2c                __errno
 .text          0x0000000000005f38      0x1bc /Applications/lpcxpresso_8.2.2_650/lpcxpresso/tools/bin/../lib/gcc/arm-none-eabi/5.4.1/../../../../arm-none-eabi/lib/armv7-m/libc.a(lib_a-strcmp.o)
                0x0000000000005f38                strcmp
 .text.write    0x00000000000060f4       0x18 /Applications/lpcxpresso_8.2.2_650/lpcxpresso/tools/bin/../lib/gcc/arm-none-eabi/5.4.1/../../../../arm-none-eabi/lib/armv7-m/libc.a(lib_a-syswrite.o)
                0x00000000000060f4                write
 .text._write_r
                0x000000000000610c       0x2c /Applications/lpcxpresso_8.2.2_650/lpcxpresso/tools/bin/../lib/gcc/arm-none-eabi/5.4.1/../../../../arm-none-eabi/lib/armv7-m/libc.a(lib_a-writer.o)
                0x000000000000610c                _write_r
 .text._write   0x0000000000006138       0x10 /Applications/lpcxpresso_8.2.2_650/lpcxpresso/tools/bin/../lib/gcc/arm-none-eabi/5.4.1/../../../../arm-none-eabi/lib/armv7-m/libcr_newlib_nohost.a(write.o)
                0x0000000000006138                _write
 *(.rodata .rodata.* .constdata .constdata.*)
 .rodata._ZL4font
                0x0000000000006148      0x500 ./src/Adafruit_GFX.o
 .rodata._ZTV12Adafruit_GFX
                0x0000000000006648       0x4c ./src/Adafruit_GFX.o
                0x0000000000006648                vtable for Adafruit_GFX
 .rodata._ZTV16Adafruit_ILI9341
                0x0000000000006694       0x4c ./src/Adafruit_ILI9341.o
                0x0000000000006694                vtable for Adafruit_ILI9341
 .rodata.OscRateIn
                0x00000000000066e0        0x4 /Users/zihanli/program/LPCXpresso_8.2.2/workspace/lpc_board_nxp_lpcxpresso_1769/Debug/liblpc_board_nxp_lpcxpresso_1769.a(board.o)
                0x00000000000066e0                OscRateIn
 .rodata.RTCOscRateIn
                0x00000000000066e4        0x4 /Users/zihanli/program/LPCXpresso_8.2.2/workspace/lpc_board_nxp_lpcxpresso_1769/Debug/liblpc_board_nxp_lpcxpresso_1769.a(board.o)
                0x00000000000066e4                RTCOscRateIn
 .rodata.pinmuxing
                0x00000000000066e8       0x88 /Users/zihanli/program/LPCXpresso_8.2.2/workspace/lpc_board_nxp_lpcxpresso_1769/Debug/liblpc_board_nxp_lpcxpresso_1769.a(board_sysinit.o)
 .rodata.str1.4
                0x0000000000006770        0x2 /Applications/lpcxpresso_8.2.2_650/lpcxpresso/tools/bin/../lib/gcc/arm-none-eabi/5.4.1/../../../../arm-none-eabi/lib/armv7-m/libc.a(lib_a-impure.o)
 *fill*         0x0000000000006772        0x2 ff
 .rodata.str1.4
                0x0000000000006774       0x3b /Applications/lpcxpresso_8.2.2_650/lpcxpresso/tools/bin/../lib/gcc/arm-none-eabi/5.4.1/../../../../arm-none-eabi/lib/armv7-m/libstdc++.a(pure.o)
 *fill*         0x00000000000067af        0x1 ff
 .rodata._ZTSN10__cxxabiv115__forced_unwindE
                0x00000000000067b0       0x20 /Applications/lpcxpresso_8.2.2_650/lpcxpresso/tools/bin/../lib/gcc/arm-none-eabi/5.4.1/../../../../arm-none-eabi/lib/armv7-m/libstdc++.a(eh_exception.o)
                0x00000000000067b0                typeinfo name for __cxxabiv1::__forced_unwind
 .rodata._ZTIN10__cxxabiv115__forced_unwindE
                0x00000000000067d0        0x8 /Applications/lpcxpresso_8.2.2_650/lpcxpresso/tools/bin/../lib/gcc/arm-none-eabi/5.4.1/../../../../arm-none-eabi/lib/armv7-m/libstdc++.a(eh_exception.o)
                0x00000000000067d0                typeinfo for __cxxabiv1::__forced_unwind
 .rodata._ZTISt9exception
                0x00000000000067d8        0x8 /Applications/lpcxpresso_8.2.2_650/lpcxpresso/tools/bin/../lib/gcc/arm-none-eabi/5.4.1/../../../../arm-none-eabi/lib/armv7-m/libstdc++.a(eh_exception.o)
                0x00000000000067d8                typeinfo for std::exception
 .rodata._ZTSN10__cxxabiv119__foreign_exceptionE
                0x00000000000067e0       0x24 /Applications/lpcxpresso_8.2.2_650/lpcxpresso/tools/bin/../lib/gcc/arm-none-eabi/5.4.1/../../../../arm-none-eabi/lib/armv7-m/libstdc++.a(eh_exception.o)
                0x00000000000067e0                typeinfo name for __cxxabiv1::__foreign_exception
 .rodata.str1.4
                0x0000000000006804       0x24 /Applications/lpcxpresso_8.2.2_650/lpcxpresso/tools/bin/../lib/gcc/arm-none-eabi/5.4.1/../../../../arm-none-eabi/lib/armv7-m/libstdc++.a(eh_exception.o)
                                         0x23 (size before relaxing)
 .rodata._ZTIN10__cxxabiv119__foreign_exceptionE
                0x0000000000006828        0x8 /Applications/lpcxpresso_8.2.2_650/lpcxpresso/tools/bin/../lib/gcc/arm-none-eabi/5.4.1/../../../../arm-none-eabi/lib/armv7-m/libstdc++.a(eh_exception.o)
                0x0000000000006828                typeinfo for __cxxabiv1::__foreign_exception
 .rodata._ZTVSt13bad_exception
                0x0000000000006830       0x14 /Applications/lpcxpresso_8.2.2_650/lpcxpresso/tools/bin/../lib/gcc/arm-none-eabi/5.4.1/../../../../arm-none-eabi/lib/armv7-m/libstdc++.a(eh_exception.o)
                0x0000000000006830                vtable for std::bad_exception
 .rodata._ZTSSt9exception
                0x0000000000006844        0xd /Applications/lpcxpresso_8.2.2_650/lpcxpresso/tools/bin/../lib/gcc/arm-none-eabi/5.4.1/../../../../arm-none-eabi/lib/armv7-m/libstdc++.a(eh_exception.o)
                0x0000000000006844                typeinfo name for std::exception
 *fill*         0x0000000000006851        0x3 ff
 .rodata._ZTSSt13bad_exception
                0x0000000000006854       0x12 /Applications/lpcxpresso_8.2.2_650/lpcxpresso/tools/bin/../lib/gcc/arm-none-eabi/5.4.1/../../../../arm-none-eabi/lib/armv7-m/libstdc++.a(eh_exception.o)
                0x0000000000006854                typeinfo name for std::bad_exception
 *fill*         0x0000000000006866        0x2 ff
 .rodata._ZTISt13bad_exception
                0x0000000000006868        0xc /Applications/lpcxpresso_8.2.2_650/lpcxpresso/tools/bin/../lib/gcc/arm-none-eabi/5.4.1/../../../../arm-none-eabi/lib/armv7-m/libstdc++.a(eh_exception.o)
                0x0000000000006868                typeinfo for std::bad_exception
 .rodata._ZTVN10__cxxabiv120__si_class_type_infoE
                0x0000000000006874       0x2c /Applications/lpcxpresso_8.2.2_650/lpcxpresso/tools/bin/../lib/gcc/arm-none-eabi/5.4.1/../../../../arm-none-eabi/lib/armv7-m/libstdc++.a(si_class_type_info.o)
                0x0000000000006874                vtable for __cxxabiv1::__si_class_type_info
 .rodata._ZTIN10__cxxabiv120__si_class_type_infoE
                0x00000000000068a0        0xc /Applications/lpcxpresso_8.2.2_650/lpcxpresso/tools/bin/../lib/gcc/arm-none-eabi/5.4.1/../../../../arm-none-eabi/lib/armv7-m/libstdc++.a(si_class_type_info.o)
                0x00000000000068a0                typeinfo for __cxxabiv1::__si_class_type_info
 .rodata._ZTSN10__cxxabiv120__si_class_type_infoE
                0x00000000000068ac       0x25 /Applications/lpcxpresso_8.2.2_650/lpcxpresso/tools/bin/../lib/gcc/arm-none-eabi/5.4.1/../../../../arm-none-eabi/lib/armv7-m/libstdc++.a(si_class_type_info.o)
                0x00000000000068ac                typeinfo name for __cxxabiv1::__si_class_type_info
 *fill*         0x00000000000068d1        0x3 ff
 .rodata._ZTISt9type_info
                0x00000000000068d4        0x8 /Applications/lpcxpresso_8.2.2_650/lpcxpresso/tools/bin/../lib/gcc/arm-none-eabi/5.4.1/../../../../arm-none-eabi/lib/armv7-m/libstdc++.a(tinfo.o)
                0x00000000000068d4                typeinfo for std::type_info
 .rodata._ZTSSt9type_info
                0x00000000000068dc        0xd /Applications/lpcxpresso_8.2.2_650/lpcxpresso/tools/bin/../lib/gcc/arm-none-eabi/5.4.1/../../../../arm-none-eabi/lib/armv7-m/libstdc++.a(tinfo.o)
                0x00000000000068dc                typeinfo name for std::type_info
 *fill*         0x00000000000068e9        0x3 ff
 .rodata._ZTVN10__cxxabiv117__class_type_infoE
                0x00000000000068ec       0x2c /Applications/lpcxpresso_8.2.2_650/lpcxpresso/tools/bin/../lib/gcc/arm-none-eabi/5.4.1/../../../../arm-none-eabi/lib/armv7-m/libstdc++.a(class_type_info.o)
                0x00000000000068ec                vtable for __cxxabiv1::__class_type_info
 .rodata._ZTIN10__cxxabiv117__class_type_infoE
                0x0000000000006918        0xc /Applications/lpcxpresso_8.2.2_650/lpcxpresso/tools/bin/../lib/gcc/arm-none-eabi/5.4.1/../../../../arm-none-eabi/lib/armv7-m/libstdc++.a(class_type_info.o)
                0x0000000000006918                typeinfo for __cxxabiv1::__class_type_info
 .rodata._ZTSN10__cxxabiv117__class_type_infoE
                0x0000000000006924       0x22 /Applications/lpcxpresso_8.2.2_650/lpcxpresso/tools/bin/../lib/gcc/arm-none-eabi/5.4.1/../../../../arm-none-eabi/lib/armv7-m/libstdc++.a(class_type_info.o)
                0x0000000000006924                typeinfo name for __cxxabiv1::__class_type_info
                0x0000000000006948                . = ALIGN (0x4)
 *fill*         0x0000000000006946        0x2 ff
                0x0000000000006948                . = ALIGN (0x4)
 *(.init)
 .init          0x0000000000006948        0x4 /Applications/lpcxpresso_8.2.2_650/lpcxpresso/tools/bin/../lib/gcc/arm-none-eabi/5.4.1/armv7-m/crti.o
                0x0000000000006948                _init
 .init          0x000000000000694c        0x8 /Applications/lpcxpresso_8.2.2_650/lpcxpresso/tools/bin/../lib/gcc/arm-none-eabi/5.4.1/armv7-m/crtn.o
                0x0000000000006954                . = ALIGN (0x4)
                0x0000000000006954                __preinit_array_start = .
 *(.preinit_array)
                0x0000000000006954                __preinit_array_end = .
                0x0000000000006954                . = ALIGN (0x4)
                0x0000000000006954                __init_array_start = .
 *(SORT(.init_array.*))
 *(.init_array)
 .init_array    0x0000000000006954        0x4 ./src/lcd.o
 .init_array    0x0000000000006958        0x4 /Applications/lpcxpresso_8.2.2_650/lpcxpresso/tools/bin/../lib/gcc/arm-none-eabi/5.4.1/../../../../arm-none-eabi/lib/armv7-m/libstdc++.a(eh_alloc.o)
 .init_array    0x000000000000695c        0x4 /Applications/lpcxpresso_8.2.2_650/lpcxpresso/tools/bin/../lib/gcc/arm-none-eabi/5.4.1/armv7-m/crtbegin.o
                0x0000000000006960                __init_array_end = .
 *(.fini)
 .fini          0x0000000000006960        0x4 /Applications/lpcxpresso_8.2.2_650/lpcxpresso/tools/bin/../lib/gcc/arm-none-eabi/5.4.1/armv7-m/crti.o
                0x0000000000006960                _fini
 .fini          0x0000000000006964        0x8 /Applications/lpcxpresso_8.2.2_650/lpcxpresso/tools/bin/../lib/gcc/arm-none-eabi/5.4.1/armv7-m/crtn.o
                0x000000000000696c                . = ALIGN (0x4)
 *crtbegin.o(.ctors)
 *(EXCLUDE_FILE(*crtend.o) .ctors)
 *(SORT(.ctors.*))
 *crtend.o(.ctors)
                0x000000000000696c                . = ALIGN (0x4)
 *crtbegin.o(.dtors)
 *(EXCLUDE_FILE(*crtend.o) .dtors)
 *(SORT(.dtors.*))
 *crtend.o(.dtors)
                0x000000000000696c                . = ALIGN (0x4)

.glue_7         0x000000000000696c        0x0
 .glue_7        0x000000000000696c        0x0 linker stubs

.glue_7t        0x000000000000696c        0x0
 .glue_7t       0x000000000000696c        0x0 linker stubs

.vfp11_veneer   0x000000000000696c        0x0
 .vfp11_veneer  0x000000000000696c        0x0 linker stubs

.v4_bx          0x000000000000696c        0x0
 .v4_bx         0x000000000000696c        0x0 linker stubs

.iplt           0x000000000000696c        0x0
 .iplt          0x000000000000696c        0x0 ./src/Adafruit_GFX.o

.ARM.extab      0x000000000000696c       0xe0
 *(.ARM.extab* .gnu.linkonce.armextab.*)
 .ARM.extab.text.__cxa_pure_virtual
                0x000000000000696c        0xc /Applications/lpcxpresso_8.2.2_650/lpcxpresso/tools/bin/../lib/gcc/arm-none-eabi/5.4.1/../../../../arm-none-eabi/lib/armv7-m/libstdc++.a(pure.o)
 .ARM.extab.text._ZN10__cxxabiv111__terminateEPFvvE
                0x0000000000006978       0x2c /Applications/lpcxpresso_8.2.2_650/lpcxpresso/tools/bin/../lib/gcc/arm-none-eabi/5.4.1/../../../../arm-none-eabi/lib/armv7-m/libstdc++.a(eh_terminate.o)
 .ARM.extab.text._ZN10__cxxabiv112__unexpectedEPFvvE
                0x00000000000069a4        0xc /Applications/lpcxpresso_8.2.2_650/lpcxpresso/tools/bin/../lib/gcc/arm-none-eabi/5.4.1/../../../../arm-none-eabi/lib/armv7-m/libstdc++.a(eh_terminate.o)
 .ARM.extab.text._ZSt10unexpectedv
                0x00000000000069b0        0xc /Applications/lpcxpresso_8.2.2_650/lpcxpresso/tools/bin/../lib/gcc/arm-none-eabi/5.4.1/../../../../arm-none-eabi/lib/armv7-m/libstdc++.a(eh_terminate.o)
 .ARM.extab.text.__cxa_call_unexpected
                0x00000000000069bc       0x28 /Applications/lpcxpresso_8.2.2_650/lpcxpresso/tools/bin/../lib/gcc/arm-none-eabi/5.4.1/../../../../arm-none-eabi/lib/armv7-m/libstdc++.a(eh_call.o)
 .ARM.extab.text.__cxa_begin_catch
                0x00000000000069e4       0x20 /Applications/lpcxpresso_8.2.2_650/lpcxpresso/tools/bin/../lib/gcc/arm-none-eabi/5.4.1/../../../../arm-none-eabi/lib/armv7-m/libstdc++.a(eh_catch.o)
 .ARM.extab.text._ZL21base_of_encoded_valuehP15_Unwind_Context
                0x0000000000006a04        0xc /Applications/lpcxpresso_8.2.2_650/lpcxpresso/tools/bin/../lib/gcc/arm-none-eabi/5.4.1/../../../../arm-none-eabi/lib/armv7-m/libstdc++.a(eh_personality.o)
 .ARM.extab.text.__gxx_personality_v0
                0x0000000000006a10       0x24 /Applications/lpcxpresso_8.2.2_650/lpcxpresso/tools/bin/../lib/gcc/arm-none-eabi/5.4.1/../../../../arm-none-eabi/lib/armv7-m/libstdc++.a(eh_personality.o)
 .ARM.extab     0x0000000000006a34       0x18 /Applications/lpcxpresso_8.2.2_650/lpcxpresso/tools/bin/../lib/gcc/arm-none-eabi/5.4.1/armv7-m/libgcc.a(pr-support.o)
                0x0000000000006a4c                __exidx_start = .

.eh_frame       0x0000000000006a4c        0x0
 .eh_frame      0x0000000000006a4c        0x0 /Applications/lpcxpresso_8.2.2_650/lpcxpresso/tools/bin/../lib/gcc/arm-none-eabi/5.4.1/armv7-m/crtbegin.o

.ARM.exidx      0x0000000000006a4c      0x198
 *(.ARM.exidx* .gnu.linkonce.armexidx.*)
 .ARM.exidx.text.__cxa_pure_virtual
                0x0000000000006a4c        0x8 /Applications/lpcxpresso_8.2.2_650/lpcxpresso/tools/bin/../lib/gcc/arm-none-eabi/5.4.1/../../../../arm-none-eabi/lib/armv7-m/libstdc++.a(pure.o)
 .ARM.exidx.text._ZN10__cxxabiv111__terminateEPFvvE
                0x0000000000006a54        0x8 /Applications/lpcxpresso_8.2.2_650/lpcxpresso/tools/bin/../lib/gcc/arm-none-eabi/5.4.1/../../../../arm-none-eabi/lib/armv7-m/libstdc++.a(eh_terminate.o)
 .ARM.exidx.text._ZSt9terminatev
                0x0000000000006a5c        0x8 /Applications/lpcxpresso_8.2.2_650/lpcxpresso/tools/bin/../lib/gcc/arm-none-eabi/5.4.1/../../../../arm-none-eabi/lib/armv7-m/libstdc++.a(eh_terminate.o)
 .ARM.exidx.text._ZN10__cxxabiv112__unexpectedEPFvvE
                0x0000000000006a64        0x8 /Applications/lpcxpresso_8.2.2_650/lpcxpresso/tools/bin/../lib/gcc/arm-none-eabi/5.4.1/../../../../arm-none-eabi/lib/armv7-m/libstdc++.a(eh_terminate.o)
 .ARM.exidx.text._ZSt10unexpectedv
                0x0000000000006a6c        0x8 /Applications/lpcxpresso_8.2.2_650/lpcxpresso/tools/bin/../lib/gcc/arm-none-eabi/5.4.1/../../../../arm-none-eabi/lib/armv7-m/libstdc++.a(eh_terminate.o)
 .ARM.exidx.text._ZSt13get_terminatev
                0x0000000000006a74        0x8 /Applications/lpcxpresso_8.2.2_650/lpcxpresso/tools/bin/../lib/gcc/arm-none-eabi/5.4.1/../../../../arm-none-eabi/lib/armv7-m/libstdc++.a(eh_terminate.o)
 .ARM.exidx.text._ZSt14get_unexpectedv
                0x0000000000006a7c        0x0 /Applications/lpcxpresso_8.2.2_650/lpcxpresso/tools/bin/../lib/gcc/arm-none-eabi/5.4.1/../../../../arm-none-eabi/lib/armv7-m/libstdc++.a(eh_terminate.o)
                                          0x8 (size before relaxing)
 .ARM.exidx.text.__cxa_type_match
                0x0000000000006a7c        0x8 /Applications/lpcxpresso_8.2.2_650/lpcxpresso/tools/bin/../lib/gcc/arm-none-eabi/5.4.1/../../../../arm-none-eabi/lib/armv7-m/libstdc++.a(eh_arm.o)
 .ARM.exidx.text.__cxa_begin_cleanup
                0x0000000000006a84        0x8 /Applications/lpcxpresso_8.2.2_650/lpcxpresso/tools/bin/../lib/gcc/arm-none-eabi/5.4.1/../../../../arm-none-eabi/lib/armv7-m/libstdc++.a(eh_arm.o)
 .ARM.exidx.text.__gnu_end_cleanup
                0x0000000000006a8c        0x0 /Applications/lpcxpresso_8.2.2_650/lpcxpresso/tools/bin/../lib/gcc/arm-none-eabi/5.4.1/../../../../arm-none-eabi/lib/armv7-m/libstdc++.a(eh_arm.o)
                                          0x8 (size before relaxing)
 .ARM.exidx.text._ZN10__cxxabiv1L24__is_gxx_exception_classEPc
                0x0000000000006a8c        0x0 /Applications/lpcxpresso_8.2.2_650/lpcxpresso/tools/bin/../lib/gcc/arm-none-eabi/5.4.1/../../../../arm-none-eabi/lib/armv7-m/libstdc++.a(eh_call.o)
                                          0x8 (size before relaxing)
 .ARM.exidx.text.__cxa_call_terminate
                0x0000000000006a8c        0x0 /Applications/lpcxpresso_8.2.2_650/lpcxpresso/tools/bin/../lib/gcc/arm-none-eabi/5.4.1/../../../../arm-none-eabi/lib/armv7-m/libstdc++.a(eh_call.o)
                                          0x8 (size before relaxing)
 .ARM.exidx.text.__cxa_call_unexpected
                0x0000000000006a8c        0x8 /Applications/lpcxpresso_8.2.2_650/lpcxpresso/tools/bin/../lib/gcc/arm-none-eabi/5.4.1/../../../../arm-none-eabi/lib/armv7-m/libstdc++.a(eh_call.o)
 .ARM.exidx.text.__cxa_begin_catch
                0x0000000000006a94        0x8 /Applications/lpcxpresso_8.2.2_650/lpcxpresso/tools/bin/../lib/gcc/arm-none-eabi/5.4.1/../../../../arm-none-eabi/lib/armv7-m/libstdc++.a(eh_catch.o)
 .ARM.exidx.text.__cxa_end_catch
                0x0000000000006a9c        0x8 /Applications/lpcxpresso_8.2.2_650/lpcxpresso/tools/bin/../lib/gcc/arm-none-eabi/5.4.1/../../../../arm-none-eabi/lib/armv7-m/libstdc++.a(eh_catch.o)
 .ARM.exidx.text._ZNSt13bad_exceptionD2Ev
                0x0000000000006aa4        0x0 /Applications/lpcxpresso_8.2.2_650/lpcxpresso/tools/bin/../lib/gcc/arm-none-eabi/5.4.1/../../../../arm-none-eabi/lib/armv7-m/libstdc++.a(eh_exception.o)
                                          0x8 (size before relaxing)
 .ARM.exidx.text._ZNKSt13bad_exception4whatEv
                0x0000000000006aa4        0x0 /Applications/lpcxpresso_8.2.2_650/lpcxpresso/tools/bin/../lib/gcc/arm-none-eabi/5.4.1/../../../../arm-none-eabi/lib/armv7-m/libstdc++.a(eh_exception.o)
                                          0x8 (size before relaxing)
 .ARM.exidx.text._ZNSt13bad_exceptionD0Ev
                0x0000000000006aa4        0x0 /Applications/lpcxpresso_8.2.2_650/lpcxpresso/tools/bin/../lib/gcc/arm-none-eabi/5.4.1/../../../../arm-none-eabi/lib/armv7-m/libstdc++.a(eh_exception.o)
                                          0x8 (size before relaxing)
 .ARM.exidx.text.__cxa_get_globals_fast
                0x0000000000006aa4        0x0 /Applications/lpcxpresso_8.2.2_650/lpcxpresso/tools/bin/../lib/gcc/arm-none-eabi/5.4.1/../../../../arm-none-eabi/lib/armv7-m/libstdc++.a(eh_globals.o)
                                          0x8 (size before relaxing)
 .ARM.exidx.text.__cxa_get_globals
                0x0000000000006aa4        0x0 /Applications/lpcxpresso_8.2.2_650/lpcxpresso/tools/bin/../lib/gcc/arm-none-eabi/5.4.1/../../../../arm-none-eabi/lib/armv7-m/libstdc++.a(eh_globals.o)
                                          0x8 (size before relaxing)
 .ARM.exidx.text._ZL28read_encoded_value_with_basehjPKhPj
                0x0000000000006aa4        0x8 /Applications/lpcxpresso_8.2.2_650/lpcxpresso/tools/bin/../lib/gcc/arm-none-eabi/5.4.1/../../../../arm-none-eabi/lib/armv7-m/libstdc++.a(eh_personality.o)
 .ARM.exidx.text._ZL21base_of_encoded_valuehP15_Unwind_Context
                0x0000000000006aac        0x8 /Applications/lpcxpresso_8.2.2_650/lpcxpresso/tools/bin/../lib/gcc/arm-none-eabi/5.4.1/../../../../arm-none-eabi/lib/armv7-m/libstdc++.a(eh_personality.o)
 .ARM.exidx.text._ZL17parse_lsda_headerP15_Unwind_ContextPKhP16lsda_header_info
                0x0000000000006ab4        0x8 /Applications/lpcxpresso_8.2.2_650/lpcxpresso/tools/bin/../lib/gcc/arm-none-eabi/5.4.1/../../../../arm-none-eabi/lib/armv7-m/libstdc++.a(eh_personality.o)
 .ARM.exidx.text.__gxx_personality_v0
                0x0000000000006abc        0x8 /Applications/lpcxpresso_8.2.2_650/lpcxpresso/tools/bin/../lib/gcc/arm-none-eabi/5.4.1/../../../../arm-none-eabi/lib/armv7-m/libstdc++.a(eh_personality.o)
 .ARM.exidx.text._ZL23__gxx_exception_cleanup19_Unwind_Reason_CodeP21_Unwind_Control_Block
                0x0000000000006ac4        0x8 /Applications/lpcxpresso_8.2.2_650/lpcxpresso/tools/bin/../lib/gcc/arm-none-eabi/5.4.1/../../../../arm-none-eabi/lib/armv7-m/libstdc++.a(eh_throw.o)
 .ARM.exidx.text.__cxa_throw
                0x0000000000006acc        0x8 /Applications/lpcxpresso_8.2.2_650/lpcxpresso/tools/bin/../lib/gcc/arm-none-eabi/5.4.1/../../../../arm-none-eabi/lib/armv7-m/libstdc++.a(eh_throw.o)
 .ARM.exidx.text.__cxa_rethrow
                0x0000000000006ad4        0x8 /Applications/lpcxpresso_8.2.2_650/lpcxpresso/tools/bin/../lib/gcc/arm-none-eabi/5.4.1/../../../../arm-none-eabi/lib/armv7-m/libstdc++.a(eh_throw.o)
 .ARM.exidx.text._ZN10__cxxabiv120__si_class_type_infoD2Ev
                0x0000000000006adc        0x0 /Applications/lpcxpresso_8.2.2_650/lpcxpresso/tools/bin/../lib/gcc/arm-none-eabi/5.4.1/../../../../arm-none-eabi/lib/armv7-m/libstdc++.a(si_class_type_info.o)
                                          0x8 (size before relaxing)
 .ARM.exidx.text._ZN10__cxxabiv120__si_class_type_infoD0Ev
                0x0000000000006adc        0x0 /Applications/lpcxpresso_8.2.2_650/lpcxpresso/tools/bin/../lib/gcc/arm-none-eabi/5.4.1/../../../../arm-none-eabi/lib/armv7-m/libstdc++.a(si_class_type_info.o)
                                          0x8 (size before relaxing)
 .ARM.exidx.text._ZNK10__cxxabiv120__si_class_type_info12__do_dyncastEiNS_17__class_type_info10__sub_kindEPKS1_PKvS4_S6_RNS1_16__dyncast_resultE
                0x0000000000006adc        0x8 /Applications/lpcxpresso_8.2.2_650/lpcxpresso/tools/bin/../lib/gcc/arm-none-eabi/5.4.1/../../../../arm-none-eabi/lib/armv7-m/libstdc++.a(si_class_type_info.o)
 .ARM.exidx.text._ZNK10__cxxabiv120__si_class_type_info20__do_find_public_srcEiPKvPKNS_17__class_type_infoES2_
                0x0000000000006ae4        0x8 /Applications/lpcxpresso_8.2.2_650/lpcxpresso/tools/bin/../lib/gcc/arm-none-eabi/5.4.1/../../../../arm-none-eabi/lib/armv7-m/libstdc++.a(si_class_type_info.o)
 .ARM.exidx.text._ZNK10__cxxabiv120__si_class_type_info11__do_upcastEPKNS_17__class_type_infoEPKvRNS1_15__upcast_resultE
                0x0000000000006aec        0x8 /Applications/lpcxpresso_8.2.2_650/lpcxpresso/tools/bin/../lib/gcc/arm-none-eabi/5.4.1/../../../../arm-none-eabi/lib/armv7-m/libstdc++.a(si_class_type_info.o)
 .ARM.exidx.text._ZNSt9type_infoD2Ev
                0x0000000000006af4        0x8 /Applications/lpcxpresso_8.2.2_650/lpcxpresso/tools/bin/../lib/gcc/arm-none-eabi/5.4.1/../../../../arm-none-eabi/lib/armv7-m/libstdc++.a(tinfo.o)
 .ARM.exidx.text._ZNKSt9type_info15__is_function_pEv
                0x0000000000006afc        0x0 /Applications/lpcxpresso_8.2.2_650/lpcxpresso/tools/bin/../lib/gcc/arm-none-eabi/5.4.1/../../../../arm-none-eabi/lib/armv7-m/libstdc++.a(tinfo.o)
                                          0x8 (size before relaxing)
 .ARM.exidx.text._ZNKSt9type_infoeqERKS_
                0x0000000000006afc        0x0 /Applications/lpcxpresso_8.2.2_650/lpcxpresso/tools/bin/../lib/gcc/arm-none-eabi/5.4.1/../../../../arm-none-eabi/lib/armv7-m/libstdc++.a(tinfo.o)
                                          0x8 (size before relaxing)
 .ARM.exidx.text._ZNK10__cxxabiv117__class_type_info11__do_upcastEPKS0_PPv
                0x0000000000006afc        0x8 /Applications/lpcxpresso_8.2.2_650/lpcxpresso/tools/bin/../lib/gcc/arm-none-eabi/5.4.1/../../../../arm-none-eabi/lib/armv7-m/libstdc++.a(class_type_info.o)
 .ARM.exidx.text._ZNK10__cxxabiv117__class_type_info20__do_find_public_srcEiPKvPKS0_S2_
                0x0000000000006b04        0x8 /Applications/lpcxpresso_8.2.2_650/lpcxpresso/tools/bin/../lib/gcc/arm-none-eabi/5.4.1/../../../../arm-none-eabi/lib/armv7-m/libstdc++.a(class_type_info.o)
 .ARM.exidx.text._ZN10__cxxabiv117__class_type_infoD2Ev
                0x0000000000006b0c        0x8 /Applications/lpcxpresso_8.2.2_650/lpcxpresso/tools/bin/../lib/gcc/arm-none-eabi/5.4.1/../../../../arm-none-eabi/lib/armv7-m/libstdc++.a(class_type_info.o)
 .ARM.exidx.text._ZN10__cxxabiv117__class_type_infoD0Ev
                0x0000000000006b14        0x0 /Applications/lpcxpresso_8.2.2_650/lpcxpresso/tools/bin/../lib/gcc/arm-none-eabi/5.4.1/../../../../arm-none-eabi/lib/armv7-m/libstdc++.a(class_type_info.o)
                                          0x8 (size before relaxing)
 .ARM.exidx.text._ZNK10__cxxabiv117__class_type_info11__do_upcastEPKS0_PKvRNS0_15__upcast_resultE
                0x0000000000006b14        0x8 /Applications/lpcxpresso_8.2.2_650/lpcxpresso/tools/bin/../lib/gcc/arm-none-eabi/5.4.1/../../../../arm-none-eabi/lib/armv7-m/libstdc++.a(class_type_info.o)
 .ARM.exidx.text._ZNK10__cxxabiv117__class_type_info12__do_dyncastEiNS0_10__sub_kindEPKS0_PKvS3_S5_RNS0_16__dyncast_resultE
                0x0000000000006b1c        0x8 /Applications/lpcxpresso_8.2.2_650/lpcxpresso/tools/bin/../lib/gcc/arm-none-eabi/5.4.1/../../../../arm-none-eabi/lib/armv7-m/libstdc++.a(class_type_info.o)
 .ARM.exidx.text._ZNK10__cxxabiv117__class_type_info10__do_catchEPKSt9type_infoPPvj
                0x0000000000006b24        0x8 /Applications/lpcxpresso_8.2.2_650/lpcxpresso/tools/bin/../lib/gcc/arm-none-eabi/5.4.1/../../../../arm-none-eabi/lib/armv7-m/libstdc++.a(class_type_info.o)
 .ARM.exidx.text._ZN12_GLOBAL__N_14pool4freeEPv.constprop.4
                0x0000000000006b2c        0x8 /Applications/lpcxpresso_8.2.2_650/lpcxpresso/tools/bin/../lib/gcc/arm-none-eabi/5.4.1/../../../../arm-none-eabi/lib/armv7-m/libstdc++.a(eh_alloc.o)
 .ARM.exidx.text._ZN12_GLOBAL__N_14pool8allocateEj.constprop.5
                0x0000000000006b34        0x0 /Applications/lpcxpresso_8.2.2_650/lpcxpresso/tools/bin/../lib/gcc/arm-none-eabi/5.4.1/../../../../arm-none-eabi/lib/armv7-m/libstdc++.a(eh_alloc.o)
                                          0x8 (size before relaxing)
 .ARM.exidx.text.__cxa_allocate_exception
                0x0000000000006b34        0x0 /Applications/lpcxpresso_8.2.2_650/lpcxpresso/tools/bin/../lib/gcc/arm-none-eabi/5.4.1/../../../../arm-none-eabi/lib/armv7-m/libstdc++.a(eh_alloc.o)
                                          0x8 (size before relaxing)
 .ARM.exidx.text.__cxa_free_exception
                0x0000000000006b34        0x0 /Applications/lpcxpresso_8.2.2_650/lpcxpresso/tools/bin/../lib/gcc/arm-none-eabi/5.4.1/../../../../arm-none-eabi/lib/armv7-m/libstdc++.a(eh_alloc.o)
                                          0x8 (size before relaxing)
 .ARM.exidx.text.startup._GLOBAL__sub_I___cxa_allocate_exception
                0x0000000000006b34        0x0 /Applications/lpcxpresso_8.2.2_650/lpcxpresso/tools/bin/../lib/gcc/arm-none-eabi/5.4.1/../../../../arm-none-eabi/lib/armv7-m/libstdc++.a(eh_alloc.o)
                                          0x8 (size before relaxing)
 .ARM.exidx     0x0000000000006b34       0x78 /Applications/lpcxpresso_8.2.2_650/lpcxpresso/tools/bin/../lib/gcc/arm-none-eabi/5.4.1/armv7-m/libgcc.a(unwind-arm.o)
                                         0xd8 (size before relaxing)
 .ARM.exidx     0x0000000000006bac       0x38 /Applications/lpcxpresso_8.2.2_650/lpcxpresso/tools/bin/../lib/gcc/arm-none-eabi/5.4.1/armv7-m/libgcc.a(pr-support.o)
                                         0x48 (size before relaxing)
                0x0000000000006be4                __exidx_end = .
                0x0000000000006be4                _etext = .

.rel.dyn        0x0000000000006be4        0x0
 .rel.iplt      0x0000000000006be4        0x0 ./src/Adafruit_GFX.o

.data_RAM2      0x000000002007c000        0x0 load address 0x0000000000006be4
 FILL mask 0xff
                [!provide]                        PROVIDE (__start_data_RAM2, .)
 *(.ramfunc.$RAM2)
 *(.ramfunc.$RamAHB32)
 *(.data.$RAM2*)
 *(.data.$RamAHB32*)
                0x000000002007c000                . = ALIGN (0x4)
                [!provide]                        PROVIDE (__end_data_RAM2, .)

.uninit_RESERVED
                0x0000000010000000        0x0
 *(.bss.$RESERVED*)
                0x0000000010000000                . = ALIGN (0x4)
                0x0000000010000000                _end_uninit_RESERVED = .

.data           0x0000000010000000      0x84c load address 0x0000000000006be4
 FILL mask 0xff
                0x0000000010000000                _data = .
 *(vtable)
 *(.ramfunc*)
 *(.data*)
 .data.current_mode
                0x0000000010000000        0x2 ./src/lcd.o
                0x0000000010000000                current_mode
 .data._ZZ16UART3_IRQHandlerE2x1
                0x0000000010000002        0x2 ./src/lcd.o
 .data._ZZ16UART3_IRQHandlerE2y1
                0x0000000010000004        0x2 ./src/lcd.o
 *fill*         0x0000000010000006        0x2 ff
 .data.__malloc_av_
                0x0000000010000008      0x408 /Applications/lpcxpresso_8.2.2_650/lpcxpresso/tools/bin/../lib/gcc/arm-none-eabi/5.4.1/../../../../arm-none-eabi/lib/armv7-m/libc.a(lib_a-mallocr.o)
                0x0000000010000008                __malloc_av_
 .data.__malloc_trim_threshold
                0x0000000010000410        0x4 /Applications/lpcxpresso_8.2.2_650/lpcxpresso/tools/bin/../lib/gcc/arm-none-eabi/5.4.1/../../../../arm-none-eabi/lib/armv7-m/libc.a(lib_a-mallocr.o)
                0x0000000010000410                __malloc_trim_threshold
 .data.__malloc_sbrk_base
                0x0000000010000414        0x4 /Applications/lpcxpresso_8.2.2_650/lpcxpresso/tools/bin/../lib/gcc/arm-none-eabi/5.4.1/../../../../arm-none-eabi/lib/armv7-m/libc.a(lib_a-mallocr.o)
                0x0000000010000414                __malloc_sbrk_base
 .data.impure_data
                0x0000000010000418      0x428 /Applications/lpcxpresso_8.2.2_650/lpcxpresso/tools/bin/../lib/gcc/arm-none-eabi/5.4.1/../../../../arm-none-eabi/lib/armv7-m/libc.a(lib_a-impure.o)
 .data._impure_ptr
                0x0000000010000840        0x4 /Applications/lpcxpresso_8.2.2_650/lpcxpresso/tools/bin/../lib/gcc/arm-none-eabi/5.4.1/../../../../arm-none-eabi/lib/armv7-m/libc.a(lib_a-impure.o)
                0x0000000010000840                _impure_ptr
 .data._ZN10__cxxabiv120__unexpected_handlerE
                0x0000000010000844        0x4 /Applications/lpcxpresso_8.2.2_650/lpcxpresso/tools/bin/../lib/gcc/arm-none-eabi/5.4.1/../../../../arm-none-eabi/lib/armv7-m/libstdc++.a(eh_unex_handler.o)
                0x0000000010000844                __cxxabiv1::__unexpected_handler
 .data._ZN10__cxxabiv119__terminate_handlerE
                0x0000000010000848        0x4 /Applications/lpcxpresso_8.2.2_650/lpcxpresso/tools/bin/../lib/gcc/arm-none-eabi/5.4.1/../../../../arm-none-eabi/lib/armv7-m/libstdc++.a(eh_term_handler.o)
                0x0000000010000848                __cxxabiv1::__terminate_handler
                0x000000001000084c                . = ALIGN (0x4)
                0x000000001000084c                _edata = .

.igot.plt       0x000000001000084c        0x0 load address 0x0000000000007430
 .igot.plt      0x000000001000084c        0x0 ./src/Adafruit_GFX.o

.jcr            0x000000001000084c        0x0 load address 0x0000000000007430
 .jcr           0x000000001000084c        0x0 /Applications/lpcxpresso_8.2.2_650/lpcxpresso/tools/bin/../lib/gcc/arm-none-eabi/5.4.1/armv7-m/crtbegin.o

.bss_RAM2       0x000000002007c000        0x0
                [!provide]                        PROVIDE (__start_bss_RAM2, .)
 *(.bss.$RAM2*)
 *(.bss.$RamAHB32*)
                0x000000002007c000                . = ALIGN ((. != 0x0)?0x4:0x1)
                [!provide]                        PROVIDE (__end_bss_RAM2, .)

.bss            0x000000001000084c      0x2f0